Archive member included because of file (symbol)

c:/program files/atmel/studio/7.0/toolchain/arm/arm-gnu-toolchain/bin/../lib/gcc/arm-none-eabi/4.9.3/../../../../arm-none-eabi/lib/armv7e-m\libc.a(lib_a-exit.o)
                              c:/program files/atmel/studio/7.0/toolchain/arm/arm-gnu-toolchain/bin/../lib/gcc/arm-none-eabi/4.9.3/../../../../arm-none-eabi/lib/armv7e-m/crt0.o (exit)
c:/program files/atmel/studio/7.0/toolchain/arm/arm-gnu-toolchain/bin/../lib/gcc/arm-none-eabi/4.9.3/../../../../arm-none-eabi/lib/armv7e-m\libc.a(lib_a-impure.o)
                              c:/program files/atmel/studio/7.0/toolchain/arm/arm-gnu-toolchain/bin/../lib/gcc/arm-none-eabi/4.9.3/../../../../arm-none-eabi/lib/armv7e-m\libc.a(lib_a-exit.o) (_global_impure_ptr)
c:/program files/atmel/studio/7.0/toolchain/arm/arm-gnu-toolchain/bin/../lib/gcc/arm-none-eabi/4.9.3/../../../../arm-none-eabi/lib/armv7e-m\libc.a(lib_a-init.o)
                              c:/program files/atmel/studio/7.0/toolchain/arm/arm-gnu-toolchain/bin/../lib/gcc/arm-none-eabi/4.9.3/../../../../arm-none-eabi/lib/armv7e-m/crt0.o (__libc_init_array)
c:/program files/atmel/studio/7.0/toolchain/arm/arm-gnu-toolchain/bin/../lib/gcc/arm-none-eabi/4.9.3/../../../../arm-none-eabi/lib/armv7e-m\libc.a(lib_a-iprintf.o)
                              src/ASF/sam/utils/syscalls/gcc/syscalls.o (iprintf)
c:/program files/atmel/studio/7.0/toolchain/arm/arm-gnu-toolchain/bin/../lib/gcc/arm-none-eabi/4.9.3/../../../../arm-none-eabi/lib/armv7e-m\libc.a(lib_a-memset.o)
                              c:/program files/atmel/studio/7.0/toolchain/arm/arm-gnu-toolchain/bin/../lib/gcc/arm-none-eabi/4.9.3/../../../../arm-none-eabi/lib/armv7e-m/crt0.o (memset)
c:/program files/atmel/studio/7.0/toolchain/arm/arm-gnu-toolchain/bin/../lib/gcc/arm-none-eabi/4.9.3/../../../../arm-none-eabi/lib/armv7e-m\libc.a(lib_a-setbuf.o)
                              src/ili93xx_example.o (setbuf)
c:/program files/atmel/studio/7.0/toolchain/arm/arm-gnu-toolchain/bin/../lib/gcc/arm-none-eabi/4.9.3/../../../../arm-none-eabi/lib/armv7e-m\libc.a(lib_a-setvbuf.o)
                              c:/program files/atmel/studio/7.0/toolchain/arm/arm-gnu-toolchain/bin/../lib/gcc/arm-none-eabi/4.9.3/../../../../arm-none-eabi/lib/armv7e-m\libc.a(lib_a-setbuf.o) (setvbuf)
c:/program files/atmel/studio/7.0/toolchain/arm/arm-gnu-toolchain/bin/../lib/gcc/arm-none-eabi/4.9.3/../../../../arm-none-eabi/lib/armv7e-m\libc.a(lib_a-sprintf.o)
                              src/ili93xx_example.o (sprintf)
c:/program files/atmel/studio/7.0/toolchain/arm/arm-gnu-toolchain/bin/../lib/gcc/arm-none-eabi/4.9.3/../../../../arm-none-eabi/lib/armv7e-m\libc.a(lib_a-svfprintf.o)
                              c:/program files/atmel/studio/7.0/toolchain/arm/arm-gnu-toolchain/bin/../lib/gcc/arm-none-eabi/4.9.3/../../../../arm-none-eabi/lib/armv7e-m\libc.a(lib_a-sprintf.o) (_svfprintf_r)
c:/program files/atmel/studio/7.0/toolchain/arm/arm-gnu-toolchain/bin/../lib/gcc/arm-none-eabi/4.9.3/../../../../arm-none-eabi/lib/armv7e-m\libc.a(lib_a-vfiprintf.o)
                              c:/program files/atmel/studio/7.0/toolchain/arm/arm-gnu-toolchain/bin/../lib/gcc/arm-none-eabi/4.9.3/../../../../arm-none-eabi/lib/armv7e-m\libc.a(lib_a-iprintf.o) (_vfiprintf_r)
c:/program files/atmel/studio/7.0/toolchain/arm/arm-gnu-toolchain/bin/../lib/gcc/arm-none-eabi/4.9.3/../../../../arm-none-eabi/lib/armv7e-m\libc.a(lib_a-wsetup.o)
                              c:/program files/atmel/studio/7.0/toolchain/arm/arm-gnu-toolchain/bin/../lib/gcc/arm-none-eabi/4.9.3/../../../../arm-none-eabi/lib/armv7e-m\libc.a(lib_a-vfiprintf.o) (__swsetup_r)
c:/program files/atmel/studio/7.0/toolchain/arm/arm-gnu-toolchain/bin/../lib/gcc/arm-none-eabi/4.9.3/../../../../arm-none-eabi/lib/armv7e-m\libc.a(lib_a-__call_atexit.o)
                              c:/program files/atmel/studio/7.0/toolchain/arm/arm-gnu-toolchain/bin/../lib/gcc/arm-none-eabi/4.9.3/../../../../arm-none-eabi/lib/armv7e-m\libc.a(lib_a-exit.o) (__call_exitprocs)
c:/program files/atmel/studio/7.0/toolchain/arm/arm-gnu-toolchain/bin/../lib/gcc/arm-none-eabi/4.9.3/../../../../arm-none-eabi/lib/armv7e-m\libc.a(lib_a-atexit.o)
                              c:/program files/atmel/studio/7.0/toolchain/arm/arm-gnu-toolchain/bin/../lib/gcc/arm-none-eabi/4.9.3/../../../../arm-none-eabi/lib/armv7e-m\libc.a(lib_a-__call_atexit.o) (atexit)
c:/program files/atmel/studio/7.0/toolchain/arm/arm-gnu-toolchain/bin/../lib/gcc/arm-none-eabi/4.9.3/../../../../arm-none-eabi/lib/armv7e-m\libc.a(lib_a-dtoa.o)
                              c:/program files/atmel/studio/7.0/toolchain/arm/arm-gnu-toolchain/bin/../lib/gcc/arm-none-eabi/4.9.3/../../../../arm-none-eabi/lib/armv7e-m\libc.a(lib_a-svfprintf.o) (_dtoa_r)
c:/program files/atmel/studio/7.0/toolchain/arm/arm-gnu-toolchain/bin/../lib/gcc/arm-none-eabi/4.9.3/../../../../arm-none-eabi/lib/armv7e-m\libc.a(lib_a-fflush.o)
[...]
Memory Configuration

Name             Origin             Length             Attributes
rom              0x00400000         0x00200000         xr
ram              0x20000000         0x00028000         xrw
*default*        0x00000000         0xffffffff

Linker script and memory map

LOAD c:/program files/atmel/studio/7.0/toolchain/arm/arm-gnu-toolchain/bin/../lib/gcc/arm-none-eabi/4.9.3/armv7e-m/crti.o
LOAD c:/program files/atmel/studio/7.0/toolchain/arm/arm-gnu-toolchain/bin/../lib/gcc/arm-none-eabi/4.9.3/armv7e-m/crtbegin.o
LOAD c:/program files/atmel/studio/7.0/toolchain/arm/arm-gnu-toolchain/bin/../lib/gcc/arm-none-eabi/4.9.3/../../../../arm-none-eabi/lib/armv7e-m/crt0.o
LOAD src/ASF/sam/drivers/tc/tc.o
LOAD src/Driver/pio_maua.o
LOAD src/Driver/pmc_maua.o
LOAD src/ASF/common/services/clock/sam4s/sysclk.o
LOAD src/ASF/common/services/serial/usart_serial.o
LOAD src/ASF/common/utils/interrupt/interrupt_sam_nvic.o
LOAD src/ASF/common/utils/stdio/read.o
LOAD src/ASF/common/utils/stdio/write.o
LOAD src/ASF/sam/boards/sam4s_ek2/init.o
LOAD src/ASF/sam/boards/sam4s_ek2/led.o
LOAD src/ASF/sam/components/display/aat31xx/aat31xx.o
LOAD src/ASF/sam/components/display/ili93xx/ili93xx.o
LOAD src/ASF/sam/drivers/ebi/smc/smc.o
LOAD src/ASF/sam/drivers/pio/pio.o
LOAD src/ASF/sam/drivers/pio/pio_handler.o
LOAD src/ASF/sam/drivers/pmc/pmc.o
LOAD src/ASF/sam/drivers/pmc/sleep.o
LOAD src/ASF/sam/drivers/uart/uart.o
LOAD src/ASF/sam/drivers/usart/usart.o
LOAD src/ASF/sam/utils/cmsis/sam4s/source/templates/gcc/startup_sam4s.o
LOAD src/ASF/sam/utils/cmsis/sam4s/source/templates/system_sam4s.o
LOAD src/ASF/sam/utils/syscalls/gcc/syscalls.o
LOAD src/ili93xx_example.o
START GROUP
LOAD ../src/ASF/thirdparty/CMSIS/Lib/GCC\libarm_cortexM4l_math.a
LOAD c:/program files/atmel/studio/7.0/toolchain/arm/arm-gnu-toolchain/bin/../lib/gcc/arm-none-eabi/4.9.3/../../../../arm-none-eabi/lib/armv7e-m\libm.a
END GROUP
START GROUP
LOAD c:/program files/atmel/studio/7.0/toolchain/arm/arm-gnu-toolchain/bin/../lib/gcc/arm-none-eabi/4.9.3/armv7e-m\libgcc.a
LOAD c:/program files/atmel/studio/7.0/toolchain/arm/arm-gnu-toolchain/bin/../lib/gcc/arm-none-eabi/4.9.3/../../../../arm-none-eabi/lib/armv7e-m\libc.a
END GROUP
LOAD c:/program files/atmel/studio/7.0/toolchain/arm/arm-gnu-toolchain/bin/../lib/gcc/arm-none-eabi/4.9.3/armv7e-m/crtend.o
LOAD c:/program files/atmel/studio/7.0/toolchain/arm/arm-gnu-toolchain/bin/../lib/gcc/arm-none-eabi/4.9.3/armv7e-m/crtn.o
                0x00003000                __stack_size__ = DEFINED (__stack_size__)?__stack_size__:0x3000
                0x20027ffc                __ram_end__ = ((ORIGIN (ram) + 0x28000) - 0x4)

.text           0x00400000     0x88cc
                0x00400000                . = ALIGN (0x4)
                0x00400000                _sfixed = .
 *(.vectors .vectors.*)
 .vectors       0x00400000       0xcc src/ASF/sam/utils/cmsis/sam4s/source/templates/gcc/startup_sam4s.o
                0x00400000                exception_table
 *(.text .text.* .gnu.linkonce.t.*)
 .text          0x004000cc       0x5c c:/program files/atmel/studio/7.0/toolchain/arm/arm-gnu-toolchain/bin/../lib/gcc/arm-none-eabi/4.9.3/armv7e-m/crtbegin.o
 .text.tc_init  0x00400128       0x38 src/ASF/sam/drivers/tc/tc.o
                0x00400128                tc_init
 .text.tc_start
                0x00400160       0x20 src/ASF/sam/drivers/tc/tc.o
                0x00400160                tc_start
 .text.tc_write_rc
                0x00400180       0x24 src/ASF/sam/drivers/tc/tc.o
                0x00400180                tc_write_rc
 .text.tc_enable_interrupt
                0x004001a4       0x28 src/ASF/sam/drivers/tc/tc.o
                0x004001a4                tc_enable_interrupt
 .text.tc_get_status
                0x004001cc       0x24 src/ASF/sam/drivers/tc/tc.o
                0x004001cc                tc_get_status
 .text.osc_enable
                0x004001f0       0x84 src/ASF/common/services/clock/sam4s/sysclk.o
 .text.osc_is_ready
                0x00400274       0x70 src/ASF/common/services/clock/sam4s/sysclk.o
 .text.osc_get_rate
                0x004002e4       0x74 src/ASF/common/services/clock/sam4s/sysclk.o
 .text.osc_wait_ready
                0x00400358       0x2c src/ASF/common/services/clock/sam4s/sysclk.o
 .text.pll_config_init
                0x00400384       0x54 src/ASF/common/services/clock/sam4s/sysclk.o
 .text.pll_enable
                0x004003d8       0x40 src/ASF/common/services/clock/sam4s/sysclk.o
 .text.pll_is_locked
                0x00400418       0x2c src/ASF/common/services/clock/sam4s/sysclk.o
 .text.pll_enable_source
                0x00400444       0x34 src/ASF/common/services/clock/sam4s/sysclk.o
 .text.pll_wait_for_lock
                0x00400478       0x24 src/ASF/common/services/clock/sam4s/sysclk.o
 .text.sysclk_get_main_hz
                0x0040049c       0x1c src/ASF/common/services/clock/sam4s/sysclk.o
 .text.sysclk_get_cpu_hz
                0x004004b8       0x14 src/ASF/common/services/clock/sam4s/sysclk.o
 .text.sysclk_init
                0x004004cc       0x70 src/ASF/common/services/clock/sam4s/sysclk.o
                0x004004cc                sysclk_init
 .text._read    0x0040053c       0x58 src/ASF/common/utils/stdio/read.o
                0x0040053c                _read
 .text._write   0x00400594       0x70 src/ASF/common/utils/stdio/write.o
                0x00400594                _write
 .text.sysclk_enable_peripheral_clock
                0x00400604       0x18 src/ASF/sam/boards/sam4s_ek2/init.o
 .text.ioport_init
                0x0040061c       0x1c src/ASF/sam/boards/sam4s_ek2/init.o
 .text.board_init
                0x00400638       0xd0 src/ASF/sam/boards/sam4s_ek2/init.o
                0x00400638                board_init
 .text.ioport_set_pin_level
                0x00400708       0x6c src/ASF/sam/components/display/aat31xx/aat31xx.o
 .text.aat31xx_set_backlight
                0x00400774       0x88 src/ASF/sam/components/display/aat31xx/aat31xx.o
                0x00400774                aat31xx_set_backlight
 .text.aat31xx_disable_backlight
                0x004007fc       0x2c src/ASF/sam/components/display/aat31xx/aat31xx.o
                0x004007fc                aat31xx_disable_backlight
 .text.LCD_IR   0x00400828       0x1c src/ASF/sam/components/display/ili93xx/ili93xx.o
 .text.LCD_WD   0x00400844       0x20 src/ASF/sam/components/display/ili93xx/ili93xx.o
 .text.LCD_RD   0x00400864       0x18 src/ASF/sam/components/display/ili93xx/ili93xx.o
 .text.ili93xx_write_ram_prepare
                0x0040087c       0x40 src/ASF/sam/components/display/ili93xx/ili93xx.o
 .text.ili93xx_write_ram
                0x004008bc       0x34 src/ASF/sam/components/display/ili93xx/ili93xx.o
 .text.ili93xx_write_ram_buffer
                0x004008f0       0xdc src/ASF/sam/components/display/ili93xx/ili93xx.o
 .text.ili93xx_write_register_word
                0x004009cc       0x44 src/ASF/sam/components/display/ili93xx/ili93xx.o
 .text.ili93xx_write_register
                0x00400a10       0x50 src/ASF/sam/components/display/ili93xx/ili93xx.o
 .text.ili93xx_read_register
                0x00400a60       0x50 src/ASF/sam/components/display/ili93xx/ili93xx.o
 .text.ili93xx_delay
                0x00400ab0       0x40 src/ASF/sam/components/display/ili93xx/ili93xx.o
 .text.ili93xx_check_box_coordinates
                0x00400af0       0xb8 src/ASF/sam/components/display/ili93xx/ili93xx.o
 .text.ili93xx_device_type_identify
                0x00400ba8       0x78 src/ASF/sam/components/display/ili93xx/ili93xx.o
                0x00400ba8                ili93xx_device_type_identify
 .text.ili93xx_init
                0x00400c20      0x390 src/ASF/sam/components/display/ili93xx/ili93xx.o
                0x00400c20                ili93xx_init
 .text.ili93xx_display_on
                0x00400fb0       0x38 src/ASF/sam/components/display/ili93xx/ili93xx.o
                0x00400fb0                ili93xx_display_on
 .text.ili93xx_set_foreground_color
                0x00400fe8       0x34 src/ASF/sam/components/display/ili93xx/ili93xx.o
                0x00400fe8                ili93xx_set_foreground_color
 .text.ili93xx_set_window
                0x0040101c       0xf4 src/ASF/sam/components/display/ili93xx/ili93xx.o
                0x0040101c                ili93xx_set_window
 .text.ili93xx_set_cursor_position
                0x00401110       0x3c src/ASF/sam/components/display/ili93xx/ili93xx.o
                0x00401110                ili93xx_set_cursor_position
 .text.ili93xx_draw_pixel
                0x0040114c       0x98 src/ASF/sam/components/display/ili93xx/ili93xx.o
                0x0040114c                ili93xx_draw_pixel
 .text.ili93xx_draw_filled_rectangle
                0x004011e4       0xd8 src/ASF/sam/components/display/ili93xx/ili93xx.o
                0x004011e4                ili93xx_draw_filled_rectangle
 .text.ili93xx_draw_char
                0x004012bc       0xd4 src/ASF/sam/components/display/ili93xx/ili93xx.o
 .text.ili93xx_draw_string
                0x00401390       0x60 src/ASF/sam/components/display/ili93xx/ili93xx.o
                0x00401390                ili93xx_draw_string
 .text.smc_set_setup_timing
                0x004013f0       0x24 src/ASF/sam/drivers/ebi/smc/smc.o
                0x004013f0                smc_set_setup_timing
 .text.smc_set_pulse_timing
                0x00401414       0x24 src/ASF/sam/drivers/ebi/smc/smc.o
                0x00401414                smc_set_pulse_timing
 .text.smc_set_cycle_timing
                0x00401438       0x24 src/ASF/sam/drivers/ebi/smc/smc.o
                0x00401438                smc_set_cycle_timing
 .text.smc_set_mode
                0x0040145c       0x24 src/ASF/sam/drivers/ebi/smc/smc.o
                0x0040145c                smc_set_mode
 .text.pio_pull_up
                0x00401480       0x2c src/ASF/sam/drivers/pio/pio.o
                0x00401480                pio_pull_up
 .text.pio_set_debounce_filter
                0x004014ac       0x38 src/ASF/sam/drivers/pio/pio.o
                0x004014ac                pio_set_debounce_filter
 .text.pio_set_peripheral
                0x004014e4      0x110 src/ASF/sam/drivers/pio/pio.o
                0x004014e4                pio_set_peripheral
 .text.pio_set_input
                0x004015f4       0x7c src/ASF/sam/drivers/pio/pio.o
                0x004015f4                pio_set_input
 .text.pio_set_output
                0x00401670       0x64 src/ASF/sam/drivers/pio/pio.o
                0x00401670                pio_set_output
 .text.pio_configure_interrupt
                0x004016d4       0x6c src/ASF/sam/drivers/pio/pio.o
                0x004016d4                pio_configure_interrupt
 .text.pio_enable_interrupt
                0x00401740       0x20 src/ASF/sam/drivers/pio/pio.o
                0x00401740                pio_enable_interrupt
 .text.pio_disable_interrupt
                0x00401760       0x1c src/ASF/sam/drivers/pio/pio.o
                0x00401760                pio_disable_interrupt
 .text.pio_get_interrupt_status
                0x0040177c       0x18 src/ASF/sam/drivers/pio/pio.o
                0x0040177c                pio_get_interrupt_status
 .text.pio_get_interrupt_mask
                0x00401794       0x18 src/ASF/sam/drivers/pio/pio.o
                0x00401794                pio_get_interrupt_mask
 .text.pio_configure_pin
                0x004017ac      0x1b8 src/ASF/sam/drivers/pio/pio.o
                0x004017ac                pio_configure_pin
 .text.pio_configure_pin_group
                0x00401964      0x12c src/ASF/sam/drivers/pio/pio.o
                0x00401964                pio_configure_pin_group
 .text.pio_get_pin_group
                0x00401a90       0x28 src/ASF/sam/drivers/pio/pio.o
                0x00401a90                pio_get_pin_group
 .text.pio_handler_process
                0x00401ab8       0xcc src/ASF/sam/drivers/pio/pio_handler.o
                0x00401ab8                pio_handler_process
 .text.pio_handler_set
                0x00401b84       0x68 src/ASF/sam/drivers/pio/pio_handler.o
                0x00401b84                pio_handler_set
 .text.PIOA_Handler
                0x00401bec       0x18 src/ASF/sam/drivers/pio/pio_handler.o
                0x00401bec                PIOA_Handler
 .text.PIOB_Handler
                0x00401c04       0x18 src/ASF/sam/drivers/pio/pio_handler.o
                0x00401c04                PIOB_Handler
 .text.PIOC_Handler
                0x00401c1c       0x18 src/ASF/sam/drivers/pio/pio_handler.o
                0x00401c1c                PIOC_Handler
 .text.pmc_switch_mck_to_pllack
                0x00401c34       0x84 src/ASF/sam/drivers/pmc/pmc.o
                0x00401c34                pmc_switch_mck_to_pllack
 .text.pmc_switch_sclk_to_32kxtal
                0x00401cb8       0x38 src/ASF/sam/drivers/pmc/pmc.o
                0x00401cb8                pmc_switch_sclk_to_32kxtal
 .text.pmc_osc_is_ready_32kxtal
                0x00401cf0       0x34 src/ASF/sam/drivers/pmc/pmc.o
                0x00401cf0                pmc_osc_is_ready_32kxtal
 .text.pmc_switch_mainck_to_fastrc
                0x00401d24       0x70 src/ASF/sam/drivers/pmc/pmc.o
                0x00401d24                pmc_switch_mainck_to_fastrc
 .text.pmc_switch_mainck_to_xtal
                0x00401d94       0x78 src/ASF/sam/drivers/pmc/pmc.o
                0x00401d94                pmc_switch_mainck_to_xtal
 .text.pmc_osc_is_ready_mainck
                0x00401e0c       0x1c src/ASF/sam/drivers/pmc/pmc.o
                0x00401e0c                pmc_osc_is_ready_mainck
 .text.pmc_disable_pllack
                0x00401e28       0x18 src/ASF/sam/drivers/pmc/pmc.o
                0x00401e28                pmc_disable_pllack
 .text.pmc_is_locked_pllack
                0x00401e40       0x1c src/ASF/sam/drivers/pmc/pmc.o
                0x00401e40                pmc_is_locked_pllack
 .text.pmc_disable_pllbck
                0x00401e5c       0x18 src/ASF/sam/drivers/pmc/pmc.o
                0x00401e5c                pmc_disable_pllbck
 .text.pmc_is_locked_pllbck
                0x00401e74       0x1c src/ASF/sam/drivers/pmc/pmc.o
                0x00401e74                pmc_is_locked_pllbck
 .text.pmc_enable_periph_clk
                0x00401e90       0x84 src/ASF/sam/drivers/pmc/pmc.o
                0x00401e90                pmc_enable_periph_clk
 .text.uart_init
                0x00401f14       0x64 src/ASF/sam/drivers/uart/uart.o
                0x00401f14                uart_init
 .text.uart_write
                0x00401f78       0x30 src/ASF/sam/drivers/uart/uart.o
                0x00401f78                uart_write
 .text.uart_read
                0x00401fa8       0x34 src/ASF/sam/drivers/uart/uart.o
                0x00401fa8                uart_read
 .text.usart_set_async_baudrate
                0x00401fdc       0x8c src/ASF/sam/drivers/usart/usart.o
                0x00401fdc                usart_set_async_baudrate
 .text.usart_reset
                0x00402068       0x5c src/ASF/sam/drivers/usart/usart.o
                0x00402068                usart_reset
 .text.usart_init_rs232
                0x004020c4       0x84 src/ASF/sam/drivers/usart/usart.o
                0x004020c4                usart_init_rs232
 .text.usart_enable_tx
                0x00402148       0x18 src/ASF/sam/drivers/usart/usart.o
                0x00402148                usart_enable_tx
 .text.usart_reset_tx
                0x00402160       0x18 src/ASF/sam/drivers/usart/usart.o
                0x00402160                usart_reset_tx
 .text.usart_enable_rx
                0x00402178       0x18 src/ASF/sam/drivers/usart/usart.o
                0x00402178                usart_enable_rx
 .text.usart_reset_rx
                0x00402190       0x18 src/ASF/sam/drivers/usart/usart.o
                0x00402190                usart_reset_rx
 .text.usart_reset_status
                0x004021a8       0x1c src/ASF/sam/drivers/usart/usart.o
                0x004021a8                usart_reset_status
 .text.usart_drive_DTR_pin_high
                0x004021c4       0x1c src/ASF/sam/drivers/usart/usart.o
                0x004021c4                usart_drive_DTR_pin_high
 .text.usart_drive_RTS_pin_high
                0x004021e0       0x1c src/ASF/sam/drivers/usart/usart.o
                0x004021e0                usart_drive_RTS_pin_high
 .text.usart_write
                0x004021fc       0x34 src/ASF/sam/drivers/usart/usart.o
                0x004021fc                usart_write
 .text.usart_read
                0x00402230       0x34 src/ASF/sam/drivers/usart/usart.o
                0x00402230                usart_read
 .text.usart_disable_writeprotect
                0x00402264       0x20 src/ASF/sam/drivers/usart/usart.o
                0x00402264                usart_disable_writeprotect
 .text.Reset_Handler
                0x00402284       0xc8 src/ASF/sam/utils/cmsis/sam4s/source/templates/gcc/startup_sam4s.o
                0x00402284                Reset_Handler
 .text.Dummy_Handler
                0x0040234c        0x8 src/ASF/sam/utils/cmsis/sam4s/source/templates/gcc/startup_sam4s.o
                0x0040234c                DACC_Handler
                0x0040234c                DebugMon_Handler
                0x0040234c                HardFault_Handler
                0x0040234c                TC2_Handler
                0x0040234c                SPI_Handler
                0x0040234c                SysTick_Handler
                0x0040234c                TWI1_Handler
                0x0040234c                PendSV_Handler
                0x0040234c                NMI_Handler
                0x0040234c                ADC_Handler
                0x0040234c                CRCCU_Handler
                0x0040234c                USART0_Handler
                0x0040234c                RTT_Handler
                0x0040234c                EFC1_Handler
                0x0040234c                RTC_Handler
                0x0040234c                UsageFault_Handler
                0x0040234c                WDT_Handler
                0x0040234c                TC4_Handler
                0x0040234c                TC1_Handler
                0x0040234c                HSMCI_Handler
                0x0040234c                UART1_Handler
                0x0040234c                TC3_Handler
                0x0040234c                Dummy_Handler
                0x0040234c                TWI0_Handler
                0x0040234c                USART1_Handler
                0x0040234c                SSC_Handler
                0x0040234c                EFC0_Handler
                0x0040234c                ACC_Handler
                0x0040234c                PMC_Handler
                0x0040234c                PWM_Handler
                0x0040234c                MemManage_Handler
                0x0040234c                SUPC_Handler
                0x0040234c                SVC_Handler
                0x0040234c                UART0_Handler
                0x0040234c                UDP_Handler
                0x0040234c                BusFault_Handler
                0x0040234c                RSTC_Handler
                0x0040234c                TC5_Handler
 .text.SystemCoreClockUpdate
                0x00402354      0x19c src/ASF/sam/utils/cmsis/sam4s/source/templates/system_sam4s.o
                0x00402354                SystemCoreClockUpdate
 .text.system_init_flash
                0x004024f0       0xc0 src/ASF/sam/utils/cmsis/sam4s/source/templates/system_sam4s.o
                0x004024f0                system_init_flash
 .text._sbrk    0x004025b0       0x58 src/ASF/sam/utils/syscalls/gcc/syscalls.o
                0x004025b0                _sbrk
 .text._close   0x00402608       0x18 src/ASF/sam/utils/syscalls/gcc/syscalls.o
                0x00402608                _close
 .text._lseek   0x00402620       0x1c src/ASF/sam/utils/syscalls/gcc/syscalls.o
                0x00402620                _lseek
 .text.NVIC_EnableIRQ
                0x0040263c       0x30 src/ili93xx_example.o
 .text.NVIC_SetPriority
                0x0040266c       0x54 src/ili93xx_example.o
 .text.osc_get_rate
                0x004026c0       0x74 src/ili93xx_example.o
 .text.sysclk_get_main_hz
                0x00402734       0x1c src/ili93xx_example.o
 .text.sysclk_get_cpu_hz
                0x00402750       0x14 src/ili93xx_example.o
 .text.sysclk_get_peripheral_hz
                0x00402764       0x14 src/ili93xx_example.o
 .text.sysclk_enable_peripheral_clock
                0x00402778       0x18 src/ili93xx_example.o
 .text.usart_serial_init
                0x00402790       0xf4 src/ili93xx_example.o
 .text.usart_serial_putchar
                0x00402884       0xa8 src/ili93xx_example.o
 .text.usart_serial_getchar
                0x0040292c       0xa4 src/ili93xx_example.o
 .text.stdio_serial_init
                0x004029d0       0x68 src/ili93xx_example.o
 .text.refresh_lcd
                0x00402a38       0x4c src/ili93xx_example.o
                0x00402a38                refresh_lcd
 .text.configure_console
                0x00402a84       0x50 src/ili93xx_example.o
 .text.configure_tc
                0x00402ad4       0x68 src/ili93xx_example.o
 .text.Button2_Handler
                0x00402b3c       0x48 src/ili93xx_example.o
 .text.Button3_Handler
                0x00402b84       0x48 src/ili93xx_example.o
 .text.TC0_Handler
                0x00402bcc       0x58 src/ili93xx_example.o
                0x00402bcc                TC0_Handler
 .text.configure_buttons
                0x00402c24       0xc0 src/ili93xx_example.o
 .text.configure_display
                0x00402ce4       0xc4 src/ili93xx_example.o
                0x00402ce4                configure_display
 .text.init_tela
                0x00402da8       0xa8 src/ili93xx_example.o
                0x00402da8                init_tela
 .text.main     0x00402e50       0x4c src/ili93xx_example.o
                0x00402e50                main
 .text.__libc_init_array
                0x00402e9c       0x50 c:/program files/atmel/studio/7.0/toolchain/arm/arm-gnu-toolchain/bin/../lib/gcc/arm-none-eabi/4.9.3/../../../../arm-none-eabi/lib/armv7e-m\libc.a(lib_a-init.o)
                0x00402e9c                __libc_init_array
 .text.memset   0x00402eec       0x9c c:/program files/atmel/studio/7.0/toolchain/arm/arm-gnu-toolchain/bin/../lib/gcc/arm-none-eabi/4.9.3/../../../../arm-none-eabi/lib/armv7e-m\libc.a(lib_a-memset.o)
                0x00402eec                memset
 .text.setbuf   0x00402f88       0x10 c:/program files/atmel/studio/7.0/toolchain/arm/arm-gnu-toolchain/bin/../lib/gcc/arm-none-eabi/4.9.3/../../../../arm-none-eabi/lib/armv7e-m\libc.a(lib_a-setbuf.o)
                0x00402f88                setbuf
 .text.setvbuf  0x00402f98       0xf8 c:/program files/atmel/studio/7.0/toolchain/arm/arm-gnu-toolchain/bin/../lib/gcc/arm-none-eabi/4.9.3/../../../../arm-none-eabi/lib/armv7e-m\libc.a(lib_a-setvbuf.o)
                0x00402f98                setvbuf
 .text.sprintf  0x00403090       0x4c c:/program files/atmel/studio/7.0/toolchain/arm/arm-gnu-toolchain/bin/../lib/gcc/arm-none-eabi/4.9.3/../../../../arm-none-eabi/lib/armv7e-m\libc.a(lib_a-sprintf.o)
                0x00403090                sprintf
 .text._svfprintf_r
                0x004030dc     0x1494 c:/program files/atmel/studio/7.0/toolchain/arm/arm-gnu-toolchain/bin/../lib/gcc/arm-none-eabi/4.9.3/../../../../arm-none-eabi/lib/armv7e-m\libc.a(lib_a-svfprintf.o)
                0x004030dc                _svfprintf_r
 .text.startup.register_fini
                0x00404570       0x14 c:/program files/atmel/studio/7.0/toolchain/arm/arm-gnu-toolchain/bin/../lib/gcc/arm-none-eabi/4.9.3/../../../../arm-none-eabi/lib/armv7e-m\libc.a(lib_a-__call_atexit.o)
 .text.atexit   0x00404584        0xc c:/program files/atmel/studio/7.0/toolchain/arm/arm-gnu-toolchain/bin/../lib/gcc/arm-none-eabi/4.9.3/../../../../arm-none-eabi/lib/armv7e-m\libc.a(lib_a-atexit.o)
                0x00404584                atexit
 .text.quorem   0x00404590      0x12c c:/program files/atmel/studio/7.0/toolchain/arm/arm-gnu-toolchain/bin/../lib/gcc/arm-none-eabi/4.9.3/../../../../arm-none-eabi/lib/armv7e-m\libc.a(lib_a-dtoa.o)
 *fill*         0x004046bc        0x4 
 .text._dtoa_r  0x004046c0      0xe94 c:/program files/atmel/studio/7.0/toolchain/arm/arm-gnu-toolchain/bin/../lib/gcc/arm-none-eabi/4.9.3/../../../../arm-none-eabi/lib/armv7e-m\libc.a(lib_a-dtoa.o)
                0x004046c0                _dtoa_r
 .text.__sflush_r
                0x00405554      0x154 c:/program files/atmel/studio/7.0/toolchain/arm/arm-gnu-toolchain/bin/../lib/gcc/arm-none-eabi/4.9.3/../../../../arm-none-eabi/lib/armv7e-m\libc.a(lib_a-fflush.o)
                0x00405554                __sflush_r
 .text._fflush_r
                0x004056a8       0x2c c:/program files/atmel/studio/7.0/toolchain/arm/arm-gnu-toolchain/bin/../lib/gcc/arm-none-eabi/4.9.3/../../../../arm-none-eabi/lib/armv7e-m\libc.a(lib_a-fflush.o)
                0x004056a8                _fflush_r
 .text._cleanup_r
                0x004056d4        0xc c:/program files/atmel/studio/7.0/toolchain/arm/arm-gnu-toolchain/bin/../lib/gcc/arm-none-eabi/4.9.3/../../../../arm-none-eabi/lib/armv7e-m\libc.a(lib_a-findfp.o)
                0x004056d4                _cleanup_r
 .text.__sinit.part.1
                0x004056e0       0xf0 c:/program files/atmel/studio/7.0/toolchain/arm/arm-gnu-toolchain/bin/../lib/gcc/arm-none-eabi/4.9.3/../../../../arm-none-eabi/lib/armv7e-m\libc.a(lib_a-findfp.o)
 .text.__sinit  0x004057d0        0xc c:/program files/atmel/studio/7.0/toolchain/arm/arm-gnu-toolchain/bin/../lib/gcc/arm-none-eabi/4.9.3/../../../../arm-none-eabi/lib/armv7e-m\libc.a(lib_a-findfp.o)
                0x004057d0                __sinit
 .text.__sfp_lock_acquire
                0x004057dc        0x4 c:/program files/atmel/studio/7.0/toolchain/arm/arm-gnu-toolchain/bin/../lib/gcc/arm-none-eabi/4.9.3/../../../../arm-none-eabi/lib/armv7e-m\libc.a(lib_a-findfp.o)
                0x004057dc                __sfp_lock_acquire
 .text.__sfp_lock_release
                0x004057e0        0x4 c:/program files/atmel/studio/7.0/toolchain/arm/arm-gnu-toolchain/bin/../lib/gcc/arm-none-eabi/4.9.3/../../../../arm-none-eabi/lib/armv7e-m\libc.a(lib_a-findfp.o)
                0x004057e0                __sfp_lock_release
 .text.__libc_fini_array
                0x004057e4       0x2c c:/program files/atmel/studio/7.0/toolchain/arm/arm-gnu-toolchain/bin/../lib/gcc/arm-none-eabi/4.9.3/../../../../arm-none-eabi/lib/armv7e-m\libc.a(lib_a-fini.o)
                0x004057e4                __libc_fini_array
 .text._malloc_trim_r
                0x00405810       0x9c c:/program files/atmel/studio/7.0/toolchain/arm/arm-gnu-toolchain/bin/../lib/gcc/arm-none-eabi/4.9.3/../../../../arm-none-eabi/lib/armv7e-m\libc.a(lib_a-freer.o)
                0x00405810                _malloc_trim_r
 .text._free_r  0x004058ac      0x1b0 c:/program files/atmel/studio/7.0/toolchain/arm/arm-gnu-toolchain/bin/../lib/gcc/arm-none-eabi/4.9.3/../../../../arm-none-eabi/lib/armv7e-m\libc.a(lib_a-freer.o)
                0x004058ac                _free_r
 .text._fwalk_reent
                0x00405a5c       0x54 c:/program files/atmel/studio/7.0/toolchain/arm/arm-gnu-toolchain/bin/../lib/gcc/arm-none-eabi/4.9.3/../../../../arm-none-eabi/lib/armv7e-m\libc.a(lib_a-fwalk.o)
                0x00405a5c                _fwalk_reent
 .text._localeconv_r
                0x00405ab0        0x8 c:/program files/atmel/studio/7.0/toolchain/arm/arm-gnu-toolchain/bin/../lib/gcc/arm-none-eabi/4.9.3/../../../../arm-none-eabi/lib/armv7e-m\libc.a(lib_a-locale.o)
                0x00405ab0                _localeconv_r
 .text.malloc   0x00405ab8       0x10 c:/program files/atmel/studio/7.0/toolchain/arm/arm-gnu-toolchain/bin/../lib/gcc/arm-none-eabi/4.9.3/../../../../arm-none-eabi/lib/armv7e-m\libc.a(lib_a-malloc.o)
                0x00405ab8                malloc
 .text._malloc_r
                0x00405ac8      0x524 c:/program files/atmel/studio/7.0/toolchain/arm/arm-gnu-toolchain/bin/../lib/gcc/arm-none-eabi/4.9.3/../../../../arm-none-eabi/lib/armv7e-m\libc.a(lib_a-mallocr.o)
                0x00405ac8                _malloc_r
 .text.memchr   0x00405fec       0x94 c:/program files/atmel/studio/7.0/toolchain/arm/arm-gnu-toolchain/bin/../lib/gcc/arm-none-eabi/4.9.3/../../../../arm-none-eabi/lib/armv7e-m\libc.a(lib_a-memchr.o)
                0x00405fec                memchr
 .text          0x00406080      0x134 c:/program files/atmel/studio/7.0/toolchain/arm/arm-gnu-toolchain/bin/../lib/gcc/arm-none-eabi/4.9.3/../../../../arm-none-eabi/lib/armv7e-m\libc.a(lib_a-memcpy.o)
                0x00406080                memcpy
 .text.memmove  0x004061b4       0xc8 c:/program files/atmel/studio/7.0/toolchain/arm/arm-gnu-toolchain/bin/../lib/gcc/arm-none-eabi/4.9.3/../../../../arm-none-eabi/lib/armv7e-m\libc.a(lib_a-memmove.o)
                0x004061b4                memmove
 .text.__malloc_lock
                0x0040627c        0x4 c:/program files/atmel/studio/7.0/toolchain/arm/arm-gnu-toolchain/bin/../lib/gcc/arm-none-eabi/4.9.3/../../../../arm-none-eabi/lib/armv7e-m\libc.a(lib_a-mlock.o)
                0x0040627c                __malloc_lock
 .text.__malloc_unlock
                0x00406280        0x4 c:/program files/atmel/studio/7.0/toolchain/arm/arm-gnu-toolchain/bin/../lib/gcc/arm-none-eabi/4.9.3/../../../../arm-none-eabi/lib/armv7e-m\libc.a(lib_a-mlock.o)
                0x00406280                __malloc_unlock
 .text._Balloc  0x00406284       0x4c c:/program files/atmel/studio/7.0/toolchain/arm/arm-gnu-toolchain/bin/../lib/gcc/arm-none-eabi/4.9.3/../../../../arm-none-eabi/lib/armv7e-m\libc.a(lib_a-mprec.o)
                0x00406284                _Balloc
 .text._Bfree   0x004062d0       0x14 c:/program files/atmel/studio/7.0/toolchain/arm/arm-gnu-toolchain/bin/../lib/gcc/arm-none-eabi/4.9.3/../../../../arm-none-eabi/lib/armv7e-m\libc.a(lib_a-mprec.o)
                0x004062d0                _Bfree
 .text.__multadd
                0x004062e4       0x84 c:/program files/atmel/studio/7.0/toolchain/arm/arm-gnu-toolchain/bin/../lib/gcc/arm-none-eabi/4.9.3/../../../../arm-none-eabi/lib/armv7e-m\libc.a(lib_a-mprec.o)
                0x004062e4                __multadd
 .text.__hi0bits
                0x00406368       0x40 c:/program files/atmel/studio/7.0/toolchain/arm/arm-gnu-toolchain/bin/../lib/gcc/arm-none-eabi/4.9.3/../../../../arm-none-eabi/lib/armv7e-m\libc.a(lib_a-mprec.o)
                0x00406368                __hi0bits
 .text.__lo0bits
                0x004063a8       0x5c c:/program files/atmel/studio/7.0/toolchain/arm/arm-gnu-toolchain/bin/../lib/gcc/arm-none-eabi/4.9.3/../../../../arm-none-eabi/lib/armv7e-m\libc.a(lib_a-mprec.o)
                0x004063a8                __lo0bits
 .text.__i2b    0x00406404       0x14 c:/program files/atmel/studio/7.0/toolchain/arm/arm-gnu-toolchain/bin/../lib/gcc/arm-none-eabi/4.9.3/../../../../arm-none-eabi/lib/armv7e-m\libc.a(lib_a-mprec.o)
                0x00406404                __i2b
 .text.__multiply
                0x00406418      0x134 c:/program files/atmel/studio/7.0/toolchain/arm/arm-gnu-toolchain/bin/../lib/gcc/arm-none-eabi/4.9.3/../../../../arm-none-eabi/lib/armv7e-m\libc.a(lib_a-mprec.o)
                0x00406418                __multiply
 .text.__pow5mult
                0x0040654c       0xa0 c:/program files/atmel/studio/7.0/toolchain/arm/arm-gnu-toolchain/bin/../lib/gcc/arm-none-eabi/4.9.3/../../../../arm-none-eabi/lib/armv7e-m\libc.a(lib_a-mprec.o)
                0x0040654c                __pow5mult
 .text.__lshift
                0x004065ec       0xac c:/program files/atmel/studio/7.0/toolchain/arm/arm-gnu-toolchain/bin/../lib/gcc/arm-none-eabi/4.9.3/../../../../arm-none-eabi/lib/armv7e-m\libc.a(lib_a-mprec.o)
                0x004065ec                __lshift
 .text.__mcmp   0x00406698       0x48 c:/program files/atmel/studio/7.0/toolchain/arm/arm-gnu-toolchain/bin/../lib/gcc/arm-none-eabi/4.9.3/../../../../arm-none-eabi/lib/armv7e-m\libc.a(lib_a-mprec.o)
                0x00406698                __mcmp
 .text.__mdiff  0x004066e0       0xd4 c:/program files/atmel/studio/7.0/toolchain/arm/arm-gnu-toolchain/bin/../lib/gcc/arm-none-eabi/4.9.3/../../../../arm-none-eabi/lib/armv7e-m\libc.a(lib_a-mprec.o)
                0x004066e0                __mdiff
 .text.__d2b    0x004067b4       0xb8 c:/program files/atmel/studio/7.0/toolchain/arm/arm-gnu-toolchain/bin/../lib/gcc/arm-none-eabi/4.9.3/../../../../arm-none-eabi/lib/armv7e-m\libc.a(lib_a-mprec.o)
                0x004067b4                __d2b
 .text._realloc_r
                0x0040686c      0x3ec c:/program files/atmel/studio/7.0/toolchain/arm/arm-gnu-toolchain/bin/../lib/gcc/arm-none-eabi/4.9.3/../../../../arm-none-eabi/lib/armv7e-m\libc.a(lib_a-reallocr.o)
                0x0040686c                _realloc_r
 .text.__fpclassifyd
                0x00406c58       0x58 c:/program files/atmel/studio/7.0/toolchain/arm/arm-gnu-toolchain/bin/../lib/gcc/arm-none-eabi/4.9.3/../../../../arm-none-eabi/lib/armv7e-m\libc.a(lib_a-s_fpclassify.o)
                0x00406c58                __fpclassifyd
 .text._sbrk_r  0x00406cb0       0x24 c:/program files/atmel/studio/7.0/toolchain/arm/arm-gnu-toolchain/bin/../lib/gcc/arm-none-eabi/4.9.3/../../../../arm-none-eabi/lib/armv7e-m\libc.a(lib_a-sbrkr.o)
                0x00406cb0                _sbrk_r
 .text.__sread  0x00406cd4       0x24 c:/program files/atmel/studio/7.0/toolchain/arm/arm-gnu-toolchain/bin/../lib/gcc/arm-none-eabi/4.9.3/../../../../arm-none-eabi/lib/armv7e-m\libc.a(lib_a-stdio.o)
                0x00406cd4                __sread
 .text.__swrite
                0x00406cf8       0x38 c:/program files/atmel/studio/7.0/toolchain/arm/arm-gnu-toolchain/bin/../lib/gcc/arm-none-eabi/4.9.3/../../../../arm-none-eabi/lib/armv7e-m\libc.a(lib_a-stdio.o)
                0x00406cf8                __swrite
 .text.__sseek  0x00406d30       0x20 c:/program files/atmel/studio/7.0/toolchain/arm/arm-gnu-toolchain/bin/../lib/gcc/arm-none-eabi/4.9.3/../../../../arm-none-eabi/lib/armv7e-m\libc.a(lib_a-stdio.o)
                0x00406d30                __sseek
 .text.__sclose
                0x00406d50        0x8 c:/program files/atmel/studio/7.0/toolchain/arm/arm-gnu-toolchain/bin/../lib/gcc/arm-none-eabi/4.9.3/../../../../arm-none-eabi/lib/armv7e-m\libc.a(lib_a-stdio.o)
                0x00406d50                __sclose
 .text.strlen   0x00406d58       0x5c c:/program files/atmel/studio/7.0/toolchain/arm/arm-gnu-toolchain/bin/../lib/gcc/arm-none-eabi/4.9.3/../../../../arm-none-eabi/lib/armv7e-m\libc.a(lib_a-strlen.o)
                0x00406d58                strlen
 .text.__ssprint_r
                0x00406db4      0x104 c:/program files/atmel/studio/7.0/toolchain/arm/arm-gnu-toolchain/bin/../lib/gcc/arm-none-eabi/4.9.3/../../../../arm-none-eabi/lib/armv7e-m\libc.a(lib_a-svfiprintf.o)
                0x00406db4                __ssprint_r
 .text._write_r
                0x00406eb8       0x28 c:/program files/atmel/studio/7.0/toolchain/arm/arm-gnu-toolchain/bin/../lib/gcc/arm-none-eabi/4.9.3/../../../../arm-none-eabi/lib/armv7e-m\libc.a(lib_a-writer.o)
                0x00406eb8                _write_r
 .text.__register_exitproc
                0x00406ee0       0xa4 c:/program files/atmel/studio/7.0/toolchain/arm/arm-gnu-toolchain/bin/../lib/gcc/arm-none-eabi/4.9.3/../../../../arm-none-eabi/lib/armv7e-m\libc.a(lib_a-__atexit.o)
                0x00406ee0                __register_exitproc
 .text._calloc_r
                0x00406f84       0x60 c:/program files/atmel/studio/7.0/toolchain/arm/arm-gnu-toolchain/bin/../lib/gcc/arm-none-eabi/4.9.3/../../../../arm-none-eabi/lib/armv7e-m\libc.a(lib_a-callocr.o)
                0x00406f84                _calloc_r
 .text._close_r
                0x00406fe4       0x24 c:/program files/atmel/studio/7.0/toolchain/arm/arm-gnu-toolchain/bin/../lib/gcc/arm-none-eabi/4.9.3/../../../../arm-none-eabi/lib/armv7e-m\libc.a(lib_a-closer.o)
                0x00406fe4                _close_r
 .text._fclose_r
                0x00407008       0x84 c:/program files/atmel/studio/7.0/toolchain/arm/arm-gnu-toolchain/bin/../lib/gcc/arm-none-eabi/4.9.3/../../../../arm-none-eabi/lib/armv7e-m\libc.a(lib_a-fclose.o)
                0x00407008                _fclose_r
 .text._lseek_r
                0x0040708c       0x28 c:/program files/atmel/studio/7.0/toolchain/arm/arm-gnu-toolchain/bin/../lib/gcc/arm-none-eabi/4.9.3/../../../../arm-none-eabi/lib/armv7e-m\libc.a(lib_a-lseekr.o)
                0x0040708c                _lseek_r
 .text._read_r  0x004070b4       0x28 c:/program files/atmel/studio/7.0/toolchain/arm/arm-gnu-toolchain/bin/../lib/gcc/arm-none-eabi/4.9.3/../../../../arm-none-eabi/lib/armv7e-m\libc.a(lib_a-readr.o)
                0x004070b4                _read_r
 .text          0x004070dc      0x370 c:/program files/atmel/studio/7.0/toolchain/arm/arm-gnu-toolchain/bin/../lib/gcc/arm-none-eabi/4.9.3/armv7e-m\libgcc.a(_arm_addsubdf3.o)
                0x004070dc                __aeabi_drsub
                0x004070e4                __aeabi_dsub
                0x004070e4                __subdf3
                0x004070e8                __aeabi_dadd
                0x004070e8                __adddf3
                0x00407360                __floatunsidf
                0x00407360                __aeabi_ui2d
                0x00407380                __floatsidf
                0x00407380                __aeabi_i2d
                0x004073a4                __aeabi_f2d
                0x004073a4                __extendsfdf2
                0x004073e0                __floatundidf
                0x004073e0                __aeabi_ul2d
                0x004073f0                __floatdidf
                0x004073f0                __aeabi_l2d
 .text          0x0040744c      0x424 c:/program files/atmel/studio/7.0/toolchain/arm/arm-gnu-toolchain/bin/../lib/gcc/arm-none-eabi/4.9.3/armv7e-m\libgcc.a(_arm_muldivdf3.o)
                0x0040744c                __aeabi_dmul
                0x0040744c                __muldf3
                0x004076a0                __divdf3
                0x004076a0                __aeabi_ddiv
 .text          0x00407870      0x110 c:/program files/atmel/studio/7.0/toolchain/arm/arm-gnu-toolchain/bin/../lib/gcc/arm-none-eabi/4.9.3/armv7e-m\libgcc.a(_arm_cmpdf2.o)
                0x00407870                __gtdf2
                0x00407870                __gedf2
                0x00407878                __ltdf2
                0x00407878                __ledf2
                0x00407880                __nedf2
                0x00407880                __eqdf2
                0x00407880                __cmpdf2
                0x004078fc                __aeabi_cdrcmple
                0x0040790c                __aeabi_cdcmpeq
                0x0040790c                __aeabi_cdcmple
                0x0040791c                __aeabi_dcmpeq
                0x00407930                __aeabi_dcmplt
                0x00407944                __aeabi_dcmple
                0x00407958                __aeabi_dcmpge
                0x0040796c                __aeabi_dcmpgt
 .text          0x00407980       0x50 c:/program files/atmel/studio/7.0/toolchain/arm/arm-gnu-toolchain/bin/../lib/gcc/arm-none-eabi/4.9.3/armv7e-m\libgcc.a(_arm_fixdfsi.o)
                0x00407980                __aeabi_d2iz
                0x00407980                __fixdfsi
 .text          0x004079d0       0x30 c:/program files/atmel/studio/7.0/toolchain/arm/arm-gnu-toolchain/bin/../lib/gcc/arm-none-eabi/4.9.3/armv7e-m\libgcc.a(_aeabi_uldivmod.o)
                0x004079d0                __aeabi_uldivmod
 .text          0x00407a00       0x60 c:/program files/atmel/studio/7.0/toolchain/arm/arm-gnu-toolchain/bin/../lib/gcc/arm-none-eabi/4.9.3/armv7e-m\libgcc.a(bpabi.o)
                0x00407a00                __gnu_ldivmod_helper
                0x00407a30                __gnu_uldivmod_helper
 .text          0x00407a60        0x4 c:/program files/atmel/studio/7.0/toolchain/arm/arm-gnu-toolchain/bin/../lib/gcc/arm-none-eabi/4.9.3/armv7e-m\libgcc.a(_dvmd_tls.o)
                0x00407a60                __aeabi_idiv0
                0x00407a60                __aeabi_ldiv0
 .text          0x00407a64      0x29c c:/program files/atmel/studio/7.0/toolchain/arm/arm-gnu-toolchain/bin/../lib/gcc/arm-none-eabi/4.9.3/armv7e-m\libgcc.a(_divdi3.o)
                0x00407a64                __divdi3
 .text          0x00407d00      0x26c c:/program files/atmel/studio/7.0/toolchain/arm/arm-gnu-toolchain/bin/../lib/gcc/arm-none-eabi/4.9.3/armv7e-m\libgcc.a(_udivdi3.o)
                0x00407d00                __udivdi3
 *(.glue_7t)
 .glue_7t       0x00000000        0x0 linker stubs
 *(.glue_7)
 .glue_7        0x00000000        0x0 linker stubs
 *(.rodata .rodata* .gnu.linkonce.r.*)
 .rodata.p_uc_charset10x14
                0x00407f6c      0x780 src/ASF/sam/components/display/ili93xx/ili93xx.o
                0x00407f6c                p_uc_charset10x14
 .rodata        0x004086ec       0x33 src/ili93xx_example.o
 *fill*         0x0040871f        0x1 
 .rodata.str1.4
                0x00408720        0x2 c:/program files/atmel/studio/7.0/toolchain/arm/arm-gnu-toolchain/bin/../lib/gcc/arm-none-eabi/4.9.3/../../../../arm-none-eabi/lib/armv7e-m\libc.a(lib_a-impure.o)
 *fill*         0x00408722        0x2 
 .rodata._global_impure_ptr
                0x00408724        0x4 c:/program files/atmel/studio/7.0/toolchain/arm/arm-gnu-toolchain/bin/../lib/gcc/arm-none-eabi/4.9.3/../../../../arm-none-eabi/lib/armv7e-m\libc.a(lib_a-impure.o)
                0x00408724                _global_impure_ptr
 .rodata.zeroes.6911
                0x00408728       0x10 c:/program files/atmel/studio/7.0/toolchain/arm/arm-gnu-toolchain/bin/../lib/gcc/arm-none-eabi/4.9.3/../../../../arm-none-eabi/lib/armv7e-m\libc.a(lib_a-svfprintf.o)
 .rodata.blanks.6910
                0x00408738       0x10 c:/program files/atmel/studio/7.0/toolchain/arm/arm-gnu-toolchain/bin/../lib/gcc/arm-none-eabi/4.9.3/../../../../arm-none-eabi/lib/armv7e-m\libc.a(lib_a-svfprintf.o)
 .rodata.str1.4
                0x00408748       0x42 c:/program files/atmel/studio/7.0/toolchain/arm/arm-gnu-toolchain/bin/../lib/gcc/arm-none-eabi/4.9.3/../../../../arm-none-eabi/lib/armv7e-m\libc.a(lib_a-svfprintf.o)
 *fill*         0x0040878a        0x2 
 .rodata.str1.4
                0x0040878c       0x10 c:/program files/atmel/studio/7.0/toolchain/arm/arm-gnu-toolchain/bin/../lib/gcc/arm-none-eabi/4.9.3/../../../../arm-none-eabi/lib/armv7e-m\libc.a(lib_a-dtoa.o)
                                 0x12 (size before relaxing)
 .rodata.str1.4
                0x0040879c        0xc c:/program files/atmel/studio/7.0/toolchain/arm/arm-gnu-toolchain/bin/../lib/gcc/arm-none-eabi/4.9.3/../../../../arm-none-eabi/lib/armv7e-m\libc.a(lib_a-locale.o)
                                 0x12 (size before relaxing)
 .rodata.__mprec_tens
                0x004087a8       0xc8 c:/program files/atmel/studio/7.0/toolchain/arm/arm-gnu-toolchain/bin/../lib/gcc/arm-none-eabi/4.9.3/../../../../arm-none-eabi/lib/armv7e-m\libc.a(lib_a-mprec.o)
                0x004087a8                __mprec_tens
 .rodata.p05.5302
                0x00408870        0xc c:/program files/atmel/studio/7.0/toolchain/arm/arm-gnu-toolchain/bin/../lib/gcc/arm-none-eabi/4.9.3/../../../../arm-none-eabi/lib/armv7e-m\libc.a(lib_a-mprec.o)
 *fill*         0x0040887c        0x4 
 .rodata.__mprec_bigtens
                0x00408880       0x28 c:/program files/atmel/studio/7.0/toolchain/arm/arm-gnu-toolchain/bin/../lib/gcc/arm-none-eabi/4.9.3/../../../../arm-none-eabi/lib/armv7e-m\libc.a(lib_a-mprec.o)
                0x00408880                __mprec_bigtens
 *(.ARM.extab* .gnu.linkonce.armextab.*)
                0x004088a8                . = ALIGN (0x4)
 *(.init)
 .init          0x004088a8        0x4 c:/program files/atmel/studio/7.0/toolchain/arm/arm-gnu-toolchain/bin/../lib/gcc/arm-none-eabi/4.9.3/armv7e-m/crti.o
                0x004088a8                _init
 .init          0x004088ac        0x8 c:/program files/atmel/studio/7.0/toolchain/arm/arm-gnu-toolchain/bin/../lib/gcc/arm-none-eabi/4.9.3/armv7e-m/crtn.o
                0x004088b4                . = ALIGN (0x4)
                0x004088b4                __preinit_array_start = .
 *(.preinit_array)
                0x004088b4                __preinit_array_end = .
                0x004088b4                . = ALIGN (0x4)
                0x004088b4                __init_array_start = .
 *(SORT(.init_array.*))
 .init_array.00000
                0x004088b4        0x4 c:/program files/atmel/studio/7.0/toolchain/arm/arm-gnu-toolchain/bin/../lib/gcc/arm-none-eabi/4.9.3/../../../../arm-none-eabi/lib/armv7e-m\libc.a(lib_a-__call_atexit.o)
 *(.init_array)
 .init_array    0x004088b8        0x4 c:/program files/atmel/studio/7.0/toolchain/arm/arm-gnu-toolchain/bin/../lib/gcc/arm-none-eabi/4.9.3/armv7e-m/crtbegin.o
                0x004088bc                __init_array_end = .
                0x004088bc                . = ALIGN (0x4)
 *crtbegin.o(.ctors)
 *(EXCLUDE_FILE(*crtend.o) .ctors)
 *(SORT(.ctors.*))
 *crtend.o(.ctors)
                0x004088bc                . = ALIGN (0x4)
 *(.fini)
 .fini          0x004088bc        0x4 c:/program files/atmel/studio/7.0/toolchain/arm/arm-gnu-toolchain/bin/../lib/gcc/arm-none-eabi/4.9.3/armv7e-m/crti.o
                0x004088bc                _fini
 .fini          0x004088c0        0x8 c:/program files/atmel/studio/7.0/toolchain/arm/arm-gnu-toolchain/bin/../lib/gcc/arm-none-eabi/4.9.3/armv7e-m/crtn.o
                0x004088c8                . = ALIGN (0x4)
                0x004088c8                __fini_array_start = .
 *(.fini_array)
 .fini_array    0x004088c8        0x4 c:/program files/atmel/studio/7.0/toolchain/arm/arm-gnu-toolchain/bin/../lib/gcc/arm-none-eabi/4.9.3/armv7e-m/crtbegin.o
 *(SORT(.fini_array.*))
                0x004088cc                __fini_array_end = .
 *crtbegin.o(.dtors)
 *(EXCLUDE_FILE(*crtend.o) .dtors)
 *(SORT(.dtors.*))
 *crtend.o(.dtors)
                0x004088cc                . = ALIGN (0x4)
                0x004088cc                _efixed = .
                0x004088cc                PROVIDE (__exidx_start, .)

.vfp11_veneer   0x004088cc        0x0
 .vfp11_veneer  0x00000000        0x0 linker stubs

.v4_bx          0x004088cc        0x0
 .v4_bx         0x00000000        0x0 linker stubs

.iplt           0x004088cc        0x0
 .iplt          0x00000000        0x0 c:/program files/atmel/studio/7.0/toolchain/arm/arm-gnu-toolchain/bin/../lib/gcc/arm-none-eabi/4.9.3/armv7e-m/crtbegin.o

.ARM.exidx      0x004088cc        0x8
 *(.ARM.exidx* .gnu.linkonce.armexidx.*)
 .ARM.exidx     0x004088cc        0x8 c:/program files/atmel/studio/7.0/toolchain/arm/arm-gnu-toolchain/bin/../lib/gcc/arm-none-eabi/4.9.3/armv7e-m\libgcc.a(_divdi3.o)
 .ARM.exidx     0x004088d4        0x0 c:/program files/atmel/studio/7.0/toolchain/arm/arm-gnu-toolchain/bin/../lib/gcc/arm-none-eabi/4.9.3/armv7e-m\libgcc.a(_udivdi3.o)
                                  0x8 (size before relaxing)
                0x004088d4                PROVIDE (__exidx_end, .)

.eh_frame       0x004088d4        0x0
 .eh_frame      0x004088d4        0x0 c:/program files/atmel/studio/7.0/toolchain/arm/arm-gnu-toolchain/bin/../lib/gcc/arm-none-eabi/4.9.3/armv7e-m/crtbegin.o

.rel.dyn        0x004088d4        0x0
 .rel.iplt      0x00000000        0x0 c:/program files/atmel/studio/7.0/toolchain/arm/arm-gnu-toolchain/bin/../lib/gcc/arm-none-eabi/4.9.3/armv7e-m/crtbegin.o

.jcr            0x004088d4        0x0
 .jcr           0x004088d4        0x0 c:/program files/atmel/studio/7.0/toolchain/arm/arm-gnu-toolchain/bin/../lib/gcc/arm-none-eabi/4.9.3/armv7e-m/crtbegin.o

.igot.plt       0x004088d4        0x0
 .igot.plt      0x00000000        0x0 c:/program files/atmel/studio/7.0/toolchain/arm/arm-gnu-toolchain/bin/../lib/gcc/arm-none-eabi/4.9.3/armv7e-m/crtbegin.o
                0x004088d4                . = ALIGN (0x4)
                0x004088d4                _etext = .

.relocate       0x20000000      0x884 load address 0x004088d4
                0x20000000                . = ALIGN (0x4)
                0x20000000                _srelocate = .
 *(.ramfunc .ramfunc.*)
 *(.data .data.*)
 .data.g_ul_lcd_x_length
                0x20000000        0x4 src/ASF/sam/components/display/ili93xx/ili93xx.o
 .data.g_ul_lcd_y_length
                0x20000004        0x4 src/ASF/sam/components/display/ili93xx/ili93xx.o
 .data.SystemCoreClock
                0x20000008        0x4 src/ASF/sam/utils/cmsis/sam4s/source/templates/system_sam4s.o
                0x20000008                SystemCoreClock
 *fill*         0x2000000c        0x4 
 .data.impure_data
                0x20000010      0x428 c:/program files/atmel/studio/7.0/toolchain/arm/arm-gnu-toolchain/bin/../lib/gcc/arm-none-eabi/4.9.3/../../../../arm-none-eabi/lib/armv7e-m\libc.a(lib_a-impure.o)
 .data._impure_ptr
                0x20000438        0x4 c:/program files/atmel/studio/7.0/toolchain/arm/arm-gnu-toolchain/bin/../lib/gcc/arm-none-eabi/4.9.3/../../../../arm-none-eabi/lib/armv7e-m\libc.a(lib_a-impure.o)
                0x20000438                _impure_ptr
 .data.lconv    0x2000043c       0x38 c:/program files/atmel/studio/7.0/toolchain/arm/arm-gnu-toolchain/bin/../lib/gcc/arm-none-eabi/4.9.3/../../../../arm-none-eabi/lib/armv7e-m\libc.a(lib_a-locale.o)
 .data.__malloc_av_
                0x20000474      0x408 c:/program files/atmel/studio/7.0/toolchain/arm/arm-gnu-toolchain/bin/../lib/gcc/arm-none-eabi/4.9.3/../../../../arm-none-eabi/lib/armv7e-m\libc.a(lib_a-mallocr.o)
                0x20000474                __malloc_av_
 .data.__malloc_trim_threshold
                0x2000087c        0x4 c:/program files/atmel/studio/7.0/toolchain/arm/arm-gnu-toolchain/bin/../lib/gcc/arm-none-eabi/4.9.3/../../../../arm-none-eabi/lib/armv7e-m\libc.a(lib_a-mallocr.o)
                0x2000087c                __malloc_trim_threshold
 .data.__malloc_sbrk_base
                0x20000880        0x4 c:/program files/atmel/studio/7.0/toolchain/arm/arm-gnu-toolchain/bin/../lib/gcc/arm-none-eabi/4.9.3/../../../../arm-none-eabi/lib/armv7e-m\libc.a(lib_a-mallocr.o)
                0x20000880                __malloc_sbrk_base
                0x20000884                . = ALIGN (0x4)
                0x20000884                _erelocate = .

.bss            0x20000884      0x560 load address 0x00409158
                0x20000884                . = ALIGN (0x4)
                0x20000884                _sbss = .
                0x20000884                _szero = .
 *(.bss .bss.*)
 .bss           0x20000884       0x1c c:/program files/atmel/studio/7.0/toolchain/arm/arm-gnu-toolchain/bin/../lib/gcc/arm-none-eabi/4.9.3/armv7e-m/crtbegin.o
 .bss.g_uc_device_type
                0x200008a0        0x1 src/ASF/sam/components/display/ili93xx/ili93xx.o
 *fill*         0x200008a1        0x3 
 .bss.g_ul_pixel_cache
                0x200008a4      0x3c0 src/ASF/sam/components/display/ili93xx/ili93xx.o
 .bss.gs_interrupt_sources
                0x20000c64       0x70 src/ASF/sam/drivers/pio/pio_handler.o
 .bss.gs_ul_nb_sources
                0x20000cd4        0x4 src/ASF/sam/drivers/pio/pio_handler.o
 .bss.pio_capture_handler
                0x20000cd8        0x4 src/ASF/sam/drivers/pio/pio_handler.o
 .bss.ul_reg_val.7433
                0x20000cdc        0x4 src/ASF/sam/drivers/usart/usart.o
 .bss.heap.5212
                0x20000ce0        0x4 src/ASF/sam/utils/syscalls/gcc/syscalls.o
 .bss.count     0x20000ce4        0x4 src/ili93xx_example.o
                0x20000ce4                count
 .bss.sec       0x20000ce8        0x4 src/ili93xx_example.o
                0x20000ce8                sec
 .bss.__malloc_max_total_mem
                0x20000cec        0x4 c:/program files/atmel/studio/7.0/toolchain/arm/arm-gnu-toolchain/bin/../lib/gcc/arm-none-eabi/4.9.3/../../../../arm-none-eabi/lib/armv7e-m\libc.a(lib_a-mallocr.o)
                0x20000cec                __malloc_max_total_mem
 .bss.__malloc_max_sbrked_mem
                0x20000cf0        0x4 c:/program files/atmel/studio/7.0/toolchain/arm/arm-gnu-toolchain/bin/../lib/gcc/arm-none-eabi/4.9.3/../../../../arm-none-eabi/lib/armv7e-m\libc.a(lib_a-mallocr.o)
                0x20000cf0                __malloc_max_sbrked_mem
 .bss.__malloc_top_pad
                0x20000cf4        0x4 c:/program files/atmel/studio/7.0/toolchain/arm/arm-gnu-toolchain/bin/../lib/gcc/arm-none-eabi/4.9.3/../../../../arm-none-eabi/lib/armv7e-m\libc.a(lib_a-mallocr.o)
                0x20000cf4                __malloc_top_pad
 .bss.__malloc_current_mallinfo
                0x20000cf8       0x28 c:/program files/atmel/studio/7.0/toolchain/arm/arm-gnu-toolchain/bin/../lib/gcc/arm-none-eabi/4.9.3/../../../../arm-none-eabi/lib/armv7e-m\libc.a(lib_a-mallocr.o)
                0x20000cf8                __malloc_current_mallinfo
 *(COMMON)
 COMMON         0x20000d20        0x4 src/ASF/common/utils/stdio/read.o
                0x20000d20                ptr_get
 COMMON         0x20000d24        0x8 src/ASF/common/utils/stdio/write.o
                0x20000d24                ptr_put
                0x20000d28                stdio_base
 COMMON         0x20000d2c        0x4 src/ASF/sam/drivers/pio/pio.o
                0x20000d2c                pio_capture_enable_flag
 COMMON         0x20000d30       0xb0 src/ili93xx_example.o
                0x20000d30                stringct
                0x20000d80                g_ili93xx_display_opt
                0x20000d90                stringsec
 COMMON         0x20000de0        0x4 c:/program files/atmel/studio/7.0/toolchain/arm/arm-gnu-toolchain/bin/../lib/gcc/arm-none-eabi/4.9.3/../../../../arm-none-eabi/lib/armv7e-m\libc.a(lib_a-reent.o)
                0x20000de0                errno
                0x20000de4                . = ALIGN (0x4)
                0x20000de4                _ebss = .
                0x20000de4                _ezero = .

.stack          0x20000de4     0x3004 load address 0x004096b8
                0x20000de8                . = ALIGN (0x8)
 *fill*         0x20000de4        0x4 
                0x20000de8                _sstack = .
                0x20003de8                . = (. + __stack_size__)
 *fill*         0x20000de8     0x3000 
                0x20003de8                . = ALIGN (0x8)
                0x20003de8                _estack = .
                0x20003de8                . = ALIGN (0x4)
                0x20003de8                _end = .
OUTPUT(ILI93XX_EXAMPLE2.elf elf32-littlearm)

.ARM.attributes
                0x00000000       0x2a
 .ARM.attributes
                0x00000000       0x1e c:/program files/atmel/studio/7.0/toolchain/arm/arm-gnu-toolchain/bin/../lib/gcc/arm-none-eabi/4.9.3/armv7e-m/crti.o
 .ARM.attributes
                0x0000001e       0x2e c:/program files/atmel/studio/7.0/toolchain/arm/arm-gnu-toolchain/bin/../lib/gcc/arm-none-eabi/4.9.3/armv7e-m/crtbegin.o
 .ARM.attributes
                0x0000004c       0x33 src/ASF/sam/drivers/tc/tc.o
 .ARM.attributes
                0x0000007f       0x33 src/ASF/common/services/clock/sam4s/sysclk.o
 .ARM.attributes
                0x000000b2       0x33 src/ASF/common/utils/stdio/read.o
 .ARM.attributes
                0x000000e5       0x33 src/ASF/common/utils/stdio/write.o
 .ARM.attributes
                0x00000118       0x33 src/ASF/sam/boards/sam4s_ek2/init.o
 .ARM.attributes
                0x0000014b       0x33 src/ASF/sam/components/display/aat31xx/aat31xx.o
 .ARM.attributes
                0x0000017e       0x33 src/ASF/sam/components/display/ili93xx/ili93xx.o
 .ARM.attributes
                0x000001b1       0x33 src/ASF/sam/drivers/ebi/smc/smc.o
 .ARM.attributes
                0x000001e4       0x33 src/ASF/sam/drivers/pio/pio.o
 .ARM.attributes
                0x00000217       0x33 src/ASF/sam/drivers/pio/pio_handler.o
 .ARM.attributes
                0x0000024a       0x33 src/ASF/sam/drivers/pmc/pmc.o
 .ARM.attributes
                0x0000027d       0x33 src/ASF/sam/drivers/uart/uart.o
 .ARM.attributes
                0x000002b0       0x33 src/ASF/sam/drivers/usart/usart.o
 .ARM.attributes
                0x000002e3       0x33 src/ASF/sam/utils/cmsis/sam4s/source/templates/gcc/startup_sam4s.o
 .ARM.attributes
                0x00000316       0x33 src/ASF/sam/utils/cmsis/sam4s/source/templates/system_sam4s.o
 .ARM.attributes
                0x00000349       0x33 src/ASF/sam/utils/syscalls/gcc/syscalls.o
 .ARM.attributes
                0x0000037c       0x33 src/ili93xx_example.o
 .ARM.attributes
                0x000003af       0x2e c:/program files/atmel/studio/7.0/toolchain/arm/arm-gnu-toolchain/bin/../lib/gcc/arm-none-eabi/4.9.3/../../../../arm-none-eabi/lib/armv7e-m\libc.a(lib_a-impure.o)
 .ARM.attributes
                0x000003dd       0x2e c:/program files/atmel/studio/7.0/toolchain/arm/arm-gnu-toolchain/bin/../lib/gcc/arm-none-eabi/4.9.3/../../../../arm-none-eabi/lib/armv7e-m\libc.a(lib_a-init.o)
 .ARM.attributes
                0x0000040b       0x2e c:/program files/atmel/studio/7.0/toolchain/arm/arm-gnu-toolchain/bin/../lib/gcc/arm-none-eabi/4.9.3/../../../../arm-none-eabi/lib/armv7e-m\libc.a(lib_a-memset.o)
 .ARM.attributes
                0x00000439       0x2e c:/program files/atmel/studio/7.0/toolchain/arm/arm-gnu-toolchain/bin/../lib/gcc/arm-none-eabi/4.9.3/../../../../arm-none-eabi/lib/armv7e-m\libc.a(lib_a-setbuf.o)
 .ARM.attributes
                0x00000467       0x2e c:/program files/atmel/studio/7.0/toolchain/arm/arm-gnu-toolchain/bin/../lib/gcc/arm-none-eabi/4.9.3/../../../../arm-none-eabi/lib/armv7e-m\libc.a(lib_a-setvbuf.o)
 .ARM.attributes
                0x00000495       0x2e c:/program files/atmel/studio/7.0/toolchain/arm/arm-gnu-toolchain/bin/../lib/gcc/arm-none-eabi/4.9.3/../../../../arm-none-eabi/lib/armv7e-m\libc.a(lib_a-sprintf.o)
 .ARM.attributes
                0x000004c3       0x2e c:/program files/atmel/studio/7.0/toolchain/arm/arm-gnu-toolchain/bin/../lib/gcc/arm-none-eabi/4.9.3/../../../../arm-none-eabi/lib/armv7e-m\libc.a(lib_a-svfprintf.o)
 .ARM.attributes
                0x000004f1       0x2e c:/program files/atmel/studio/7.0/toolchain/arm/arm-gnu-toolchain/bin/../lib/gcc/arm-none-eabi/4.9.3/../../../../arm-none-eabi/lib/armv7e-m\libc.a(lib_a-__call_atexit.o)
 .ARM.attributes
                0x0000051f       0x2e c:/program files/atmel/studio/7.0/toolchain/arm/arm-gnu-toolchain/bin/../lib/gcc/arm-none-eabi/4.9.3/../../../../arm-none-eabi/lib/armv7e-m\libc.a(lib_a-atexit.o)
 .ARM.attributes
                0x0000054d       0x2e c:/program files/atmel/studio/7.0/toolchain/arm/arm-gnu-toolchain/bin/../lib/gcc/arm-none-eabi/4.9.3/../../../../arm-none-eabi/lib/armv7e-m\libc.a(lib_a-dtoa.o)
 .ARM.attributes
                0x0000057b       0x2e c:/program files/atmel/studio/7.0/toolchain/arm/arm-gnu-toolchain/bin/../lib/gcc/arm-none-eabi/4.9.3/../../../../arm-none-eabi/lib/armv7e-m\libc.a(lib_a-fflush.o)
 .ARM.attributes
                0x000005a9       0x2e c:/program files/atmel/studio/7.0/toolchain/arm/arm-gnu-toolchain/bin/../lib/gcc/arm-none-eabi/4.9.3/../../../../arm-none-eabi/lib/armv7e-m\libc.a(lib_a-findfp.o)
 .ARM.attributes
                0x000005d7       0x2e c:/program files/atmel/studio/7.0/toolchain/arm/arm-gnu-toolchain/bin/../lib/gcc/arm-none-eabi/4.9.3/../../../../arm-none-eabi/lib/armv7e-m\libc.a(lib_a-fini.o)
 .ARM.attributes
                0x00000605       0x2e c:/program files/atmel/studio/7.0/toolchain/arm/arm-gnu-toolchain/bin/../lib/gcc/arm-none-eabi/4.9.3/../../../../arm-none-eabi/lib/armv7e-m\libc.a(lib_a-freer.o)
 .ARM.attributes
                0x00000633       0x2e c:/program files/atmel/studio/7.0/toolchain/arm/arm-gnu-toolchain/bin/../lib/gcc/arm-none-eabi/4.9.3/../../../../arm-none-eabi/lib/armv7e-m\libc.a(lib_a-fwalk.o)
 .ARM.attributes
                0x00000661       0x2e c:/program files/atmel/studio/7.0/toolchain/arm/arm-gnu-toolchain/bin/../lib/gcc/arm-none-eabi/4.9.3/../../../../arm-none-eabi/lib/armv7e-m\libc.a(lib_a-locale.o)
 .ARM.attributes
                0x0000068f       0x2e c:/program files/atmel/studio/7.0/toolchain/arm/arm-gnu-toolchain/bin/../lib/gcc/arm-none-eabi/4.9.3/../../../../arm-none-eabi/lib/armv7e-m\libc.a(lib_a-malloc.o)
 .ARM.attributes
                0x000006bd       0x2e c:/program files/atmel/studio/7.0/toolchain/arm/arm-gnu-toolchain/bin/../lib/gcc/arm-none-eabi/4.9.3/../../../../arm-none-eabi/lib/armv7e-m\libc.a(lib_a-mallocr.o)
 .ARM.attributes
                0x000006eb       0x2e c:/program files/atmel/studio/7.0/toolchain/arm/arm-gnu-toolchain/bin/../lib/gcc/arm-none-eabi/4.9.3/../../../../arm-none-eabi/lib/armv7e-m\libc.a(lib_a-memchr.o)
 .ARM.attributes
                0x00000719       0x1c c:/program files/atmel/studio/7.0/toolchain/arm/arm-gnu-toolchain/bin/../lib/gcc/arm-none-eabi/4.9.3/../../../../arm-none-eabi/lib/armv7e-m\libc.a(lib_a-memcpy.o)
 .ARM.attributes
                0x00000735       0x2e c:/program files/atmel/studio/7.0/toolchain/arm/arm-gnu-toolchain/bin/../lib/gcc/arm-none-eabi/4.9.3/../../../../arm-none-eabi/lib/armv7e-m\libc.a(lib_a-memmove.o)
 .ARM.attributes
                0x00000763       0x2e c:/program files/atmel/studio/7.0/toolchain/arm/arm-gnu-toolchain/bin/../lib/gcc/arm-none-eabi/4.9.3/../../../../arm-none-eabi/lib/armv7e-m\libc.a(lib_a-mlock.o)
 .ARM.attributes
                0x00000791       0x2e c:/program files/atmel/studio/7.0/toolchain/arm/arm-gnu-toolchain/bin/../lib/gcc/arm-none-eabi/4.9.3/../../../../arm-none-eabi/lib/armv7e-m\libc.a(lib_a-mprec.o)
 .ARM.attributes
                0x000007bf       0x2e c:/program files/atmel/studio/7.0/toolchain/arm/arm-gnu-toolchain/bin/../lib/gcc/arm-none-eabi/4.9.3/../../../../arm-none-eabi/lib/armv7e-m\libc.a(lib_a-reallocr.o)
 .ARM.attributes
                0x000007ed       0x2e c:/program files/atmel/studio/7.0/toolchain/arm/arm-gnu-toolchain/bin/../lib/gcc/arm-none-eabi/4.9.3/../../../../arm-none-eabi/lib/armv7e-m\libc.a(lib_a-s_fpclassify.o)
 .ARM.attributes
                0x0000081b       0x2e c:/program files/atmel/studio/7.0/toolchain/arm/arm-gnu-toolchain/bin/../lib/gcc/arm-none-eabi/4.9.3/../../../../arm-none-eabi/lib/armv7e-m\libc.a(lib_a-sbrkr.o)
 .ARM.attributes
                0x00000849       0x2e c:/program files/atmel/studio/7.0/toolchain/arm/arm-gnu-toolchain/bin/../lib/gcc/arm-none-eabi/4.9.3/../../../../arm-none-eabi/lib/armv7e-m\libc.a(lib_a-stdio.o)
 .ARM.attributes
                0x00000877       0x2e c:/program files/atmel/studio/7.0/toolchain/arm/arm-gnu-toolchain/bin/../lib/gcc/arm-none-eabi/4.9.3/../../../../arm-none-eabi/lib/armv7e-m\libc.a(lib_a-strlen.o)
 .ARM.attributes
                0x000008a5       0x2e c:/program files/atmel/studio/7.0/toolchain/arm/arm-gnu-toolchain/bin/../lib/gcc/arm-none-eabi/4.9.3/../../../../arm-none-eabi/lib/armv7e-m\libc.a(lib_a-svfiprintf.o)
 .ARM.attributes
                0x000008d3       0x2e c:/program files/atmel/studio/7.0/toolchain/arm/arm-gnu-toolchain/bin/../lib/gcc/arm-none-eabi/4.9.3/../../../../arm-none-eabi/lib/armv7e-m\libc.a(lib_a-writer.o)
 .ARM.attributes
                0x00000901       0x2e c:/program files/atmel/studio/7.0/toolchain/arm/arm-gnu-toolchain/bin/../lib/gcc/arm-none-eabi/4.9.3/../../../../arm-none-eabi/lib/armv7e-m\libc.a(lib_a-__atexit.o)
 .ARM.attributes
                0x0000092f       0x2e c:/program files/atmel/studio/7.0/toolchain/arm/arm-gnu-toolchain/bin/../lib/gcc/arm-none-eabi/4.9.3/../../../../arm-none-eabi/lib/armv7e-m\libc.a(lib_a-callocr.o)
 .ARM.attributes
                0x0000095d       0x2e c:/program files/atmel/studio/7.0/toolchain/arm/arm-gnu-toolchain/bin/../lib/gcc/arm-none-eabi/4.9.3/../../../../arm-none-eabi/lib/armv7e-m\libc.a(lib_a-closer.o)
 .ARM.attributes
                0x0000098b       0x2e c:/program files/atmel/studio/7.0/toolchain/arm/arm-gnu-toolchain/bin/../lib/gcc/arm-none-eabi/4.9.3/../../../../arm-none-eabi/lib/armv7e-m\libc.a(lib_a-fclose.o)
 .ARM.attributes
                0x000009b9       0x2e c:/program files/atmel/studio/7.0/toolchain/arm/arm-gnu-toolchain/bin/../lib/gcc/arm-none-eabi/4.9.3/../../../../arm-none-eabi/lib/armv7e-m\libc.a(lib_a-lseekr.o)
 .ARM.attributes
                0x000009e7       0x2e c:/program files/atmel/studio/7.0/toolchain/arm/arm-gnu-toolchain/bin/../lib/gcc/arm-none-eabi/4.9.3/../../../../arm-none-eabi/lib/armv7e-m\libc.a(lib_a-readr.o)
 .ARM.attributes
                0x00000a15       0x2e c:/program files/atmel/studio/7.0/toolchain/arm/arm-gnu-toolchain/bin/../lib/gcc/arm-none-eabi/4.9.3/../../../../arm-none-eabi/lib/armv7e-m\libc.a(lib_a-reent.o)
 .ARM.attributes
                0x00000a43       0x1e c:/program files/atmel/studio/7.0/toolchain/arm/arm-gnu-toolchain/bin/../lib/gcc/arm-none-eabi/4.9.3/armv7e-m\libgcc.a(_arm_addsubdf3.o)
 .ARM.attributes
                0x00000a61       0x1e c:/program files/atmel/studio/7.0/toolchain/arm/arm-gnu-toolchain/bin/../lib/gcc/arm-none-eabi/4.9.3/armv7e-m\libgcc.a(_arm_muldivdf3.o)
 .ARM.attributes
                0x00000a7f       0x1e c:/program files/atmel/studio/7.0/toolchain/arm/arm-gnu-toolchain/bin/../lib/gcc/arm-none-eabi/4.9.3/armv7e-m\libgcc.a(_arm_cmpdf2.o)
 .ARM.attributes
                0x00000a9d       0x1e c:/program files/atmel/studio/7.0/toolchain/arm/arm-gnu-toolchain/bin/../lib/gcc/arm-none-eabi/4.9.3/armv7e-m\libgcc.a(_arm_fixdfsi.o)
 .ARM.attributes
                0x00000abb       0x1e c:/program files/atmel/studio/7.0/toolchain/arm/arm-gnu-toolchain/bin/../lib/gcc/arm-none-eabi/4.9.3/armv7e-m\libgcc.a(_aeabi_uldivmod.o)
 .ARM.attributes
                0x00000ad9       0x2e c:/program files/atmel/studio/7.0/toolchain/arm/arm-gnu-toolchain/bin/../lib/gcc/arm-none-eabi/4.9.3/armv7e-m\libgcc.a(bpabi.o)
 .ARM.attributes
                0x00000b07       0x1e c:/program files/atmel/studio/7.0/toolchain/arm/arm-gnu-toolchain/bin/../lib/gcc/arm-none-eabi/4.9.3/armv7e-m\libgcc.a(_dvmd_tls.o)
 .ARM.attributes
                0x00000b25       0x2e c:/program files/atmel/studio/7.0/toolchain/arm/arm-gnu-toolchain/bin/../lib/gcc/arm-none-eabi/4.9.3/armv7e-m\libgcc.a(_divdi3.o)
 .ARM.attributes
                0x00000b53       0x2e c:/program files/atmel/studio/7.0/toolchain/arm/arm-gnu-toolchain/bin/../lib/gcc/arm-none-eabi/4.9.3/armv7e-m\libgcc.a(_udivdi3.o)
 .ARM.attributes
                0x00000b81       0x1e c:/program files/atmel/studio/7.0/toolchain/arm/arm-gnu-toolchain/bin/../lib/gcc/arm-none-eabi/4.9.3/armv7e-m/crtn.o

.comment        0x00000000       0x5b
 .comment       0x00000000       0x5b src/ASF/sam/drivers/tc/tc.o
                                 0x5c (size before relaxing)
 .comment       0x00000000       0x5c src/ASF/common/services/clock/sam4s/sysclk.o
 .comment       0x00000000       0x5c src/ASF/common/utils/stdio/read.o
 .comment       0x00000000       0x5c src/ASF/common/utils/stdio/write.o
 .comment       0x00000000       0x5c src/ASF/sam/boards/sam4s_ek2/init.o
 .comment       0x00000000       0x5c src/ASF/sam/components/display/aat31xx/aat31xx.o
 .comment       0x00000000       0x5c src/ASF/sam/components/display/ili93xx/ili93xx.o
 .comment       0x00000000       0x5c src/ASF/sam/drivers/ebi/smc/smc.o
 .comment       0x00000000       0x5c src/ASF/sam/drivers/pio/pio.o
 .comment       0x00000000       0x5c src/ASF/sam/drivers/pio/pio_handler.o
 .comment       0x00000000       0x5c src/ASF/sam/drivers/pmc/pmc.o
 .comment       0x00000000       0x5c src/ASF/sam/drivers/uart/uart.o
 .comment       0x00000000       0x5c src/ASF/sam/drivers/usart/usart.o
 .comment       0x00000000       0x5c src/ASF/sam/utils/cmsis/sam4s/source/templates/gcc/startup_sam4s.o
 .comment       0x00000000       0x5c src/ASF/sam/utils/cmsis/sam4s/source/templates/system_sam4s.o
 .comment       0x00000000       0x5c src/ASF/sam/utils/syscalls/gcc/syscalls.o
 .comment       0x00000000       0x5c src/ili93xx_example.o

.debug_info     0x00000000     0xb645
 .debug_info    0x00000000      0x93f src/ASF/sam/drivers/tc/tc.o
 .debug_info    0x0000093f      0x68d src/ASF/common/services/clock/sam4s/sysclk.o
 .debug_info    0x00000fcc      0x1ae src/ASF/common/utils/stdio/read.o
 .debug_info    0x0000117a      0x1bc src/ASF/common/utils/stdio/write.o
 .debug_info    0x00001336      0x745 src/ASF/sam/boards/sam4s_ek2/init.o
 .debug_info    0x00001a7b      0x898 src/ASF/sam/components/display/aat31xx/aat31xx.o
 .debug_info    0x00002313     0x1173 src/ASF/sam/components/display/ili93xx/ili93xx.o
 .debug_info    0x00003486      0x3e7 src/ASF/sam/drivers/ebi/smc/smc.o
 .debug_info    0x0000386d     0x136b src/ASF/sam/drivers/pio/pio.o
 .debug_info    0x00004bd8      0xdde src/ASF/sam/drivers/pio/pio_handler.o
 .debug_info    0x000059b6     0x10ba src/ASF/sam/drivers/pmc/pmc.o
 .debug_info    0x00006a70      0x880 src/ASF/sam/drivers/uart/uart.o
 .debug_info    0x000072f0     0x14b2 src/ASF/sam/drivers/usart/usart.o
 .debug_info    0x000087a2      0x681 src/ASF/sam/utils/cmsis/sam4s/source/templates/gcc/startup_sam4s.o
 .debug_info    0x00008e23      0x46d src/ASF/sam/utils/cmsis/sam4s/source/templates/system_sam4s.o
 .debug_info    0x00009290      0x434 src/ASF/sam/utils/syscalls/gcc/syscalls.o
 .debug_info    0x000096c4     0x1f81 src/ili93xx_example.o

.debug_abbrev   0x00000000     0x1bea
 .debug_abbrev  0x00000000      0x158 src/ASF/sam/drivers/tc/tc.o
 .debug_abbrev  0x00000158      0x1b4 src/ASF/common/services/clock/sam4s/sysclk.o
 .debug_abbrev  0x0000030c       0xdd src/ASF/common/utils/stdio/read.o
 .debug_abbrev  0x000003e9       0xe6 src/ASF/common/utils/stdio/write.o
 .debug_abbrev  0x000004cf      0x150 src/ASF/sam/boards/sam4s_ek2/init.o
 .debug_abbrev  0x0000061f      0x205 src/ASF/sam/components/display/aat31xx/aat31xx.o
 .debug_abbrev  0x00000824      0x257 src/ASF/sam/components/display/ili93xx/ili93xx.o
 .debug_abbrev  0x00000a7b      0x104 src/ASF/sam/drivers/ebi/smc/smc.o
 .debug_abbrev  0x00000b7f      0x1c4 src/ASF/sam/drivers/pio/pio.o
 .debug_abbrev  0x00000d43      0x229 src/ASF/sam/drivers/pio/pio_handler.o
 .debug_abbrev  0x00000f6c      0x20d src/ASF/sam/drivers/pmc/pmc.o
 .debug_abbrev  0x00001179      0x183 src/ASF/sam/drivers/uart/uart.o
 .debug_abbrev  0x000012fc      0x214 src/ASF/sam/drivers/usart/usart.o
 .debug_abbrev  0x00001510      0x15f src/ASF/sam/utils/cmsis/sam4s/source/templates/gcc/startup_sam4s.o
 .debug_abbrev  0x0000166f       0xf5 src/ASF/sam/utils/cmsis/sam4s/source/templates/system_sam4s.o
 .debug_abbrev  0x00001764      0x11d src/ASF/sam/utils/syscalls/gcc/syscalls.o
 .debug_abbrev  0x00001881      0x369 src/ili93xx_example.o

.debug_loc      0x00000000     0x74c0
 .debug_loc     0x00000000      0x844 src/ASF/sam/drivers/tc/tc.o
 .debug_loc     0x00000844      0x424 src/ASF/common/services/clock/sam4s/sysclk.o
 .debug_loc     0x00000c68       0x50 src/ASF/common/utils/stdio/read.o
 .debug_loc     0x00000cb8       0x50 src/ASF/common/utils/stdio/write.o
 .debug_loc     0x00000d08       0xa8 src/ASF/sam/boards/sam4s_ek2/init.o
 .debug_loc     0x00000db0       0xfc src/ASF/sam/components/display/aat31xx/aat31xx.o
 .debug_loc     0x00000eac      0xeec src/ASF/sam/components/display/ili93xx/ili93xx.o
 .debug_loc     0x00001d98      0x284 src/ASF/sam/drivers/ebi/smc/smc.o
 .debug_loc     0x0000201c     0x1174 src/ASF/sam/drivers/pio/pio.o
 .debug_loc     0x00003190      0x390 src/ASF/sam/drivers/pio/pio_handler.o
 .debug_loc     0x00003520     0x1450 src/ASF/sam/drivers/pmc/pmc.o
 .debug_loc     0x00004970      0x958 src/ASF/sam/drivers/uart/uart.o
 .debug_loc     0x000052c8     0x17d4 src/ASF/sam/drivers/usart/usart.o
 .debug_loc     0x00006a9c       0x64 src/ASF/sam/utils/cmsis/sam4s/source/templates/gcc/startup_sam4s.o
 .debug_loc     0x00006b00       0xe4 src/ASF/sam/utils/cmsis/sam4s/source/templates/system_sam4s.o
 .debug_loc     0x00006be4      0x300 src/ASF/sam/utils/syscalls/gcc/syscalls.o
 .debug_loc     0x00006ee4      0x5dc src/ili93xx_example.o

.debug_aranges  0x00000000      0xcb0
 .debug_aranges
                0x00000000       0xd0 src/ASF/sam/drivers/tc/tc.o
 .debug_aranges
                0x000000d0       0x88 src/ASF/common/services/clock/sam4s/sysclk.o
 .debug_aranges
                0x00000158       0x20 src/ASF/common/utils/stdio/read.o
 .debug_aranges
                0x00000178       0x20 src/ASF/common/utils/stdio/write.o
 .debug_aranges
                0x00000198       0x30 src/ASF/sam/boards/sam4s_ek2/init.o
 .debug_aranges
                0x000001c8       0x30 src/ASF/sam/components/display/aat31xx/aat31xx.o
 .debug_aranges
                0x000001f8      0x1a8 src/ASF/sam/components/display/ili93xx/ili93xx.o
 .debug_aranges
                0x000003a0       0x50 src/ASF/sam/drivers/ebi/smc/smc.o
 .debug_aranges
                0x000003f0      0x1a8 src/ASF/sam/drivers/pio/pio.o
 .debug_aranges
                0x00000598       0x78 src/ASF/sam/drivers/pio/pio_handler.o
 .debug_aranges
                0x00000610      0x208 src/ASF/sam/drivers/pmc/pmc.o
 .debug_aranges
                0x00000818       0xe8 src/ASF/sam/drivers/uart/uart.o
 .debug_aranges
                0x00000900      0x238 src/ASF/sam/drivers/usart/usart.o
 .debug_aranges
                0x00000b38       0x28 src/ASF/sam/utils/cmsis/sam4s/source/templates/gcc/startup_sam4s.o
 .debug_aranges
                0x00000b60       0x30 src/ASF/sam/utils/cmsis/sam4s/source/templates/system_sam4s.o
 .debug_aranges
                0x00000b90       0x60 src/ASF/sam/utils/syscalls/gcc/syscalls.o
 .debug_aranges
                0x00000bf0       0xc0 src/ili93xx_example.o

.debug_ranges   0x00000000      0xba0
 .debug_ranges  0x00000000       0xc0 src/ASF/sam/drivers/tc/tc.o
 .debug_ranges  0x000000c0       0x78 src/ASF/common/services/clock/sam4s/sysclk.o
 .debug_ranges  0x00000138       0x10 src/ASF/common/utils/stdio/read.o
 .debug_ranges  0x00000148       0x10 src/ASF/common/utils/stdio/write.o
 .debug_ranges  0x00000158       0x20 src/ASF/sam/boards/sam4s_ek2/init.o
 .debug_ranges  0x00000178       0x20 src/ASF/sam/components/display/aat31xx/aat31xx.o
 .debug_ranges  0x00000198      0x198 src/ASF/sam/components/display/ili93xx/ili93xx.o
 .debug_ranges  0x00000330       0x40 src/ASF/sam/drivers/ebi/smc/smc.o
 .debug_ranges  0x00000370      0x198 src/ASF/sam/drivers/pio/pio.o
 .debug_ranges  0x00000508       0x68 src/ASF/sam/drivers/pio/pio_handler.o
 .debug_ranges  0x00000570      0x1f8 src/ASF/sam/drivers/pmc/pmc.o
 .debug_ranges  0x00000768       0xd8 src/ASF/sam/drivers/uart/uart.o
 .debug_ranges  0x00000840      0x228 src/ASF/sam/drivers/usart/usart.o
 .debug_ranges  0x00000a68       0x18 src/ASF/sam/utils/cmsis/sam4s/source/templates/gcc/startup_sam4s.o
 .debug_ranges  0x00000a80       0x20 src/ASF/sam/utils/cmsis/sam4s/source/templates/system_sam4s.o
 .debug_ranges  0x00000aa0       0x50 src/ASF/sam/utils/syscalls/gcc/syscalls.o
 .debug_ranges  0x00000af0       0xb0 src/ili93xx_example.o

.debug_macro    0x00000000    0x13161
 .debug_macro   0x00000000      0x4be src/ASF/sam/drivers/tc/tc.o
 .debug_macro   0x000004be      0x89e src/ASF/sam/drivers/tc/tc.o
 .debug_macro   0x00000d5c       0x58 src/ASF/sam/drivers/tc/tc.o
 .debug_macro   0x00000db4       0x22 src/ASF/sam/drivers/tc/tc.o
 .debug_macro   0x00000dd6       0x35 src/ASF/sam/drivers/tc/tc.o
 .debug_macro   0x00000e0b       0x9c src/ASF/sam/drivers/tc/tc.o
 .debug_macro   0x00000ea7       0x16 src/ASF/sam/drivers/tc/tc.o
 .debug_macro   0x00000ebd      0x166 src/ASF/sam/drivers/tc/tc.o
 .debug_macro   0x00001023      0x636 src/ASF/sam/drivers/tc/tc.o
 .debug_macro   0x00001659       0x76 src/ASF/sam/drivers/tc/tc.o
 .debug_macro   0x000016cf       0x16 src/ASF/sam/drivers/tc/tc.o
 .debug_macro   0x000016e5      0x6e4 src/ASF/sam/drivers/tc/tc.o
 .debug_macro   0x00001dc9       0x4a src/ASF/sam/drivers/tc/tc.o
 .debug_macro   0x00001e13       0x58 src/ASF/sam/drivers/tc/tc.o
 .debug_macro   0x00001e6b       0x22 src/ASF/sam/drivers/tc/tc.o
 .debug_macro   0x00001e8d      0x1df src/ASF/sam/drivers/tc/tc.o
 .debug_macro   0x0000206c       0x27 src/ASF/sam/drivers/tc/tc.o
 .debug_macro   0x00002093       0x3b src/ASF/sam/drivers/tc/tc.o
 .debug_macro   0x000020ce       0x2d src/ASF/sam/drivers/tc/tc.o
 .debug_macro   0x000020fb       0x26 src/ASF/sam/drivers/tc/tc.o
 .debug_macro   0x00002121      0xbbf src/ASF/sam/drivers/tc/tc.o
 .debug_macro   0x00002ce0      0x159 src/ASF/sam/drivers/tc/tc.o
 .debug_macro   0x00002e39      0xaaf src/ASF/sam/drivers/tc/tc.o
 .debug_macro   0x000038e8      0x284 src/ASF/sam/drivers/tc/tc.o
 .debug_macro   0x00003b6c      0x11e src/ASF/sam/drivers/tc/tc.o
 .debug_macro   0x00003c8a       0xac src/ASF/sam/drivers/tc/tc.o
 .debug_macro   0x00003d36      0x401 src/ASF/sam/drivers/tc/tc.o
 .debug_macro   0x00004137      0x106 src/ASF/sam/drivers/tc/tc.o
 .debug_macro   0x0000423d       0x1c src/ASF/sam/drivers/tc/tc.o
 .debug_macro   0x00004259      0x738 src/ASF/sam/drivers/tc/tc.o
 .debug_macro   0x00004991      0x2d2 src/ASF/sam/drivers/tc/tc.o
 .debug_macro   0x00004c63       0xbe src/ASF/sam/drivers/tc/tc.o
 .debug_macro   0x00004d21     0x280b src/ASF/sam/drivers/tc/tc.o
 .debug_macro   0x0000752c      0x777 src/ASF/sam/drivers/tc/tc.o
 .debug_macro   0x00007ca3      0xa8e src/ASF/sam/drivers/tc/tc.o
 .debug_macro   0x00008731       0x9a src/ASF/sam/drivers/tc/tc.o
 .debug_macro   0x000087cb      0x3d8 src/ASF/sam/drivers/tc/tc.o
 .debug_macro   0x00008ba3       0x64 src/ASF/sam/drivers/tc/tc.o
 .debug_macro   0x00008c07      0x1ae src/ASF/sam/drivers/tc/tc.o
 .debug_macro   0x00008db5      0x386 src/ASF/sam/drivers/tc/tc.o
 .debug_macro   0x0000913b      0x624 src/ASF/sam/drivers/tc/tc.o
 .debug_macro   0x0000975f      0x690 src/ASF/sam/drivers/tc/tc.o
 .debug_macro   0x00009def      0x59f src/ASF/sam/drivers/tc/tc.o
 .debug_macro   0x0000a38e      0x34d src/ASF/sam/drivers/tc/tc.o
 .debug_macro   0x0000a6db      0x28c src/ASF/sam/drivers/tc/tc.o
 .debug_macro   0x0000a967      0x2d6 src/ASF/sam/drivers/tc/tc.o
 .debug_macro   0x0000ac3d      0x6d9 src/ASF/sam/drivers/tc/tc.o
 .debug_macro   0x0000b316       0x76 src/ASF/sam/drivers/tc/tc.o
 .debug_macro   0x0000b38c       0xb8 src/ASF/sam/drivers/tc/tc.o
 .debug_macro   0x0000b444       0xb2 src/ASF/sam/drivers/tc/tc.o
 .debug_macro   0x0000b4f6       0x88 src/ASF/sam/drivers/tc/tc.o
 .debug_macro   0x0000b57e      0x105 src/ASF/sam/drivers/tc/tc.o
 .debug_macro   0x0000b683      0x105 src/ASF/sam/drivers/tc/tc.o
 .debug_macro   0x0000b788       0x88 src/ASF/sam/drivers/tc/tc.o
 .debug_macro   0x0000b810       0x88 src/ASF/sam/drivers/tc/tc.o
 .debug_macro   0x0000b898      0x2cd src/ASF/sam/drivers/tc/tc.o
 .debug_macro   0x0000bb65       0xb2 src/ASF/sam/drivers/tc/tc.o
 .debug_macro   0x0000bc17       0xb2 src/ASF/sam/drivers/tc/tc.o
 .debug_macro   0x0000bcc9       0x52 src/ASF/sam/drivers/tc/tc.o
 .debug_macro   0x0000bd1b       0xac src/ASF/sam/drivers/tc/tc.o
 .debug_macro   0x0000bdc7       0x7c src/ASF/sam/drivers/tc/tc.o
 .debug_macro   0x0000be43       0x40 src/ASF/sam/drivers/tc/tc.o
 .debug_macro   0x0000be83       0x64 src/ASF/sam/drivers/tc/tc.o
 .debug_macro   0x0000bee7       0x46 src/ASF/sam/drivers/tc/tc.o
 .debug_macro   0x0000bf2d       0x88 src/ASF/sam/drivers/tc/tc.o
 .debug_macro   0x0000bfb5       0x4c src/ASF/sam/drivers/tc/tc.o
 .debug_macro   0x0000c001       0xa6 src/ASF/sam/drivers/tc/tc.o
 .debug_macro   0x0000c0a7       0x7c src/ASF/sam/drivers/tc/tc.o
 .debug_macro   0x0000c123       0x16 src/ASF/sam/drivers/tc/tc.o
 .debug_macro   0x0000c139       0x7c src/ASF/sam/drivers/tc/tc.o
 .debug_macro   0x0000c1b5       0x22 src/ASF/sam/drivers/tc/tc.o
 .debug_macro   0x0000c1d7       0x22 src/ASF/sam/drivers/tc/tc.o
 .debug_macro   0x0000c1f9      0x195 src/ASF/sam/drivers/tc/tc.o
 .debug_macro   0x0000c38e      0x165 src/ASF/sam/drivers/tc/tc.o
 .debug_macro   0x0000c4f3      0x165 src/ASF/sam/drivers/tc/tc.o
 .debug_macro   0x0000c658       0x1c src/ASF/sam/drivers/tc/tc.o
 .debug_macro   0x0000c674       0x2e src/ASF/sam/drivers/tc/tc.o
 .debug_macro   0x0000c6a2       0x22 src/ASF/sam/drivers/tc/tc.o
 .debug_macro   0x0000c6c4       0x1c src/ASF/sam/drivers/tc/tc.o
 .debug_macro   0x0000c6e0       0x52 src/ASF/sam/drivers/tc/tc.o
 .debug_macro   0x0000c732       0x10 src/ASF/sam/drivers/tc/tc.o
 .debug_macro   0x0000c742      0x234 src/ASF/sam/drivers/tc/tc.o
 .debug_macro   0x0000c976      0x938 src/ASF/sam/drivers/tc/tc.o
 .debug_macro   0x0000d2ae      0x12a src/ASF/sam/drivers/tc/tc.o
 .debug_macro   0x0000d3d8       0x1c src/ASF/sam/drivers/tc/tc.o
 .debug_macro   0x0000d3f4       0x35 src/ASF/sam/drivers/tc/tc.o
 .debug_macro   0x0000d429      0x29d src/ASF/sam/drivers/tc/tc.o
 .debug_macro   0x0000d6c6       0x10 src/ASF/sam/drivers/tc/tc.o
 .debug_macro   0x0000d6d6       0x52 src/ASF/sam/drivers/tc/tc.o
 .debug_macro   0x0000d728       0x16 src/ASF/sam/drivers/tc/tc.o
 .debug_macro   0x0000d73e       0x43 src/ASF/sam/drivers/tc/tc.o
 .debug_macro   0x0000d781      0x180 src/ASF/sam/drivers/tc/tc.o
 .debug_macro   0x0000d901       0x10 src/ASF/sam/drivers/tc/tc.o
 .debug_macro   0x0000d911       0x22 src/ASF/sam/drivers/tc/tc.o
 .debug_macro   0x0000d933       0xbe src/ASF/sam/drivers/tc/tc.o
 .debug_macro   0x0000d9f1       0x16 src/ASF/sam/drivers/tc/tc.o
 .debug_macro   0x0000da07      0x197 src/ASF/sam/drivers/tc/tc.o
 .debug_macro   0x0000db9e       0x22 src/ASF/sam/drivers/tc/tc.o
 .debug_macro   0x0000dbc0       0x16 src/ASF/sam/drivers/tc/tc.o
 .debug_macro   0x0000dbd6       0x16 src/ASF/sam/drivers/tc/tc.o
 .debug_macro   0x0000dbec       0x29 src/ASF/sam/drivers/tc/tc.o
 .debug_macro   0x0000dc15       0x6e src/ASF/sam/drivers/tc/tc.o
 .debug_macro   0x0000dc83       0x3f src/ASF/sam/drivers/tc/tc.o
 .debug_macro   0x0000dcc2      0x3ca src/ASF/sam/drivers/tc/tc.o
 .debug_macro   0x0000e08c      0x522 src/ASF/common/services/clock/sam4s/sysclk.o
 .debug_macro   0x0000e5ae      0x288 src/ASF/common/services/clock/sam4s/sysclk.o
 .debug_macro   0x0000e836      0x4a8 src/ASF/common/utils/stdio/read.o
 .debug_macro   0x0000ecde      0x4a8 src/ASF/common/utils/stdio/write.o
 .debug_macro   0x0000f186      0x561 src/ASF/sam/boards/sam4s_ek2/init.o
 .debug_macro   0x0000f6e7      0x570 src/ASF/sam/components/display/aat31xx/aat31xx.o
 .debug_macro   0x0000fc57      0x510 src/ASF/sam/components/display/ili93xx/ili93xx.o
 .debug_macro   0x00010167       0x10 src/ASF/sam/components/display/ili93xx/ili93xx.o
 .debug_macro   0x00010177      0x4d5 src/ASF/sam/drivers/ebi/smc/smc.o
 .debug_macro   0x0001064c      0x4bd src/ASF/sam/drivers/pio/pio.o
 .debug_macro   0x00010b09       0x8e src/ASF/sam/drivers/pio/pio.o
 .debug_macro   0x00010b97      0x4c7 src/ASF/sam/drivers/pio/pio_handler.o
 .debug_macro   0x0001105e      0x4bd src/ASF/sam/drivers/pmc/pmc.o
 .debug_macro   0x0001151b       0x52 src/ASF/sam/drivers/pmc/pmc.o
 .debug_macro   0x0001156d      0x4b7 src/ASF/sam/drivers/uart/uart.o
 .debug_macro   0x00011a24       0x16 src/ASF/sam/drivers/uart/uart.o
 .debug_macro   0x00011a3a      0x4ed src/ASF/sam/drivers/usart/usart.o
 .debug_macro   0x00011f27       0x28 src/ASF/sam/drivers/usart/usart.o
 .debug_macro   0x00011f4f      0x316 src/ASF/sam/utils/cmsis/sam4s/source/templates/gcc/startup_sam4s.o
 .debug_macro   0x00012265      0x31e src/ASF/sam/utils/cmsis/sam4s/source/templates/system_sam4s.o
 .debug_macro   0x00012583      0x169 src/ASF/sam/utils/syscalls/gcc/syscalls.o
 .debug_macro   0x000126ec       0x97 src/ASF/sam/utils/syscalls/gcc/syscalls.o
 .debug_macro   0x00012783       0xef src/ASF/sam/utils/syscalls/gcc/syscalls.o
 .debug_macro   0x00012872       0x52 src/ASF/sam/utils/syscalls/gcc/syscalls.o
 .debug_macro   0x000128c4       0x16 src/ASF/sam/utils/syscalls/gcc/syscalls.o
 .debug_macro   0x000128da       0x10 src/ASF/sam/utils/syscalls/gcc/syscalls.o
 .debug_macro   0x000128ea       0x10 src/ASF/sam/utils/syscalls/gcc/syscalls.o
 .debug_macro   0x000128fa       0x10 src/ASF/sam/utils/syscalls/gcc/syscalls.o
 .debug_macro   0x0001290a       0x35 src/ASF/sam/utils/syscalls/gcc/syscalls.o
 .debug_macro   0x0001293f      0x122 src/ASF/sam/utils/syscalls/gcc/syscalls.o
 .debug_macro   0x00012a61      0x700 src/ili93xx_example.o

.debug_line     0x00000000     0xcc3f
 .debug_line    0x00000000      0xbbb src/ASF/sam/drivers/tc/tc.o
 .debug_line    0x00000bbb      0xc48 src/ASF/common/services/clock/sam4s/sysclk.o
 .debug_line    0x00001803      0xa17 src/ASF/common/utils/stdio/read.o
 .debug_line    0x0000221a      0xa14 src/ASF/common/utils/stdio/write.o
 .debug_line    0x00002c2e      0xc32 src/ASF/sam/boards/sam4s_ek2/init.o
 .debug_line    0x00003860      0xc4a src/ASF/sam/components/display/aat31xx/aat31xx.o
 .debug_line    0x000044aa     0x1264 src/ASF/sam/components/display/ili93xx/ili93xx.o
 .debug_line    0x0000570e      0xac4 src/ASF/sam/drivers/ebi/smc/smc.o
 .debug_line    0x000061d2      0xe22 src/ASF/sam/drivers/pio/pio.o
 .debug_line    0x00006ff4      0xb16 src/ASF/sam/drivers/pio/pio_handler.o
 .debug_line    0x00007b0a     0x1009 src/ASF/sam/drivers/pmc/pmc.o
 .debug_line    0x00008b13      0xbde src/ASF/sam/drivers/uart/uart.o
 .debug_line    0x000096f1      0xfe8 src/ASF/sam/drivers/usart/usart.o
 .debug_line    0x0000a6d9      0x874 src/ASF/sam/utils/cmsis/sam4s/source/templates/gcc/startup_sam4s.o
 .debug_line    0x0000af4d      0x89b src/ASF/sam/utils/cmsis/sam4s/source/templates/system_sam4s.o
 .debug_line    0x0000b7e8      0x38a src/ASF/sam/utils/syscalls/gcc/syscalls.o
 .debug_line    0x0000bb72     0x10cd src/ili93xx_example.o

.debug_str      0x00000000    0x590b7
 .debug_str     0x00000000    0x49c30 src/ASF/sam/drivers/tc/tc.o
                              0x49f68 (size before relaxing)
 .debug_str     0x00049c30     0x4c53 src/ASF/common/services/clock/sam4s/sysclk.o
                              0x4e86b (size before relaxing)
 .debug_str     0x0004e883       0x3f src/ASF/common/utils/stdio/read.o
                              0x49c08 (size before relaxing)
 .debug_str     0x0004e8c2       0x2e src/ASF/common/utils/stdio/write.o
                              0x49c0a (size before relaxing)
 .debug_str     0x0004e8f0      0xbd1 src/ASF/sam/boards/sam4s_ek2/init.o
                              0x4f1af (size before relaxing)
 .debug_str     0x0004f4c1      0x224 src/ASF/sam/components/display/aat31xx/aat31xx.o
                              0x4ed1a (size before relaxing)
 .debug_str     0x0004f6e5     0x6557 src/ASF/sam/components/display/ili93xx/ili93xx.o
                              0x542c2 (size before relaxing)
 .debug_str     0x00055c3c      0x188 src/ASF/sam/drivers/ebi/smc/smc.o
                              0x4dde8 (size before relaxing)
 .debug_str     0x00055dc4      0x5a6 src/ASF/sam/drivers/pio/pio.o
                              0x4a81d (size before relaxing)
 .debug_str     0x0005636a      0x40b src/ASF/sam/drivers/pio/pio_handler.o
                              0x4a698 (size before relaxing)
 .debug_str     0x00056775      0x6d4 src/ASF/sam/drivers/pmc/pmc.o
                              0x4a66c (size before relaxing)
 .debug_str     0x00056e49      0x338 src/ASF/sam/drivers/uart/uart.o
                              0x49fbc (size before relaxing)
 .debug_str     0x00057181      0x949 src/ASF/sam/drivers/usart/usart.o
                              0x4a602 (size before relaxing)
 .debug_str     0x00057aca      0x40e src/ASF/sam/utils/cmsis/sam4s/source/templates/gcc/startup_sam4s.o
                              0x3b478 (size before relaxing)
 .debug_str     0x00057ed8       0xf1 src/ASF/sam/utils/cmsis/sam4s/source/templates/system_sam4s.o
                              0x3b241 (size before relaxing)
 .debug_str     0x00057fc9      0x852 src/ASF/sam/utils/syscalls/gcc/syscalls.o
                               0x610c (size before relaxing)
 .debug_str     0x0005881b      0x89c src/ili93xx_example.o
                              0x56059 (size before relaxing)

.debug_frame    0x00000000     0x4314
 .debug_frame   0x00000000      0x3a8 src/ASF/sam/drivers/tc/tc.o
 .debug_frame   0x000003a8      0x200 src/ASF/common/services/clock/sam4s/sysclk.o
 .debug_frame   0x000005a8       0x34 src/ASF/common/utils/stdio/read.o
 .debug_frame   0x000005dc       0x34 src/ASF/common/utils/stdio/write.o
 .debug_frame   0x00000610       0x6c src/ASF/sam/boards/sam4s_ek2/init.o
 .debug_frame   0x0000067c       0x80 src/ASF/sam/components/display/aat31xx/aat31xx.o
 .debug_frame   0x000006fc      0x720 src/ASF/sam/components/display/ili93xx/ili93xx.o
 .debug_frame   0x00000e1c      0x128 src/ASF/sam/drivers/ebi/smc/smc.o
 .debug_frame   0x00000f44      0x7c0 src/ASF/sam/drivers/pio/pio.o
 .debug_frame   0x00001704      0x1c0 src/ASF/sam/drivers/pio/pio_handler.o
 .debug_frame   0x000018c4      0x918 src/ASF/sam/drivers/pmc/pmc.o
 .debug_frame   0x000021dc      0x420 src/ASF/sam/drivers/uart/uart.o
 .debug_frame   0x000025fc      0xa7c src/ASF/sam/drivers/usart/usart.o
 .debug_frame   0x00003078       0x48 src/ASF/sam/utils/cmsis/sam4s/source/templates/gcc/startup_sam4s.o
 .debug_frame   0x000030c0       0x78 src/ASF/sam/utils/cmsis/sam4s/source/templates/system_sam4s.o
 .debug_frame   0x00003138      0x168 src/ASF/sam/utils/syscalls/gcc/syscalls.o
 .debug_frame   0x000032a0      0x2f0 src/ili93xx_example.o
 .debug_frame   0x00003590       0x2c c:/program files/atmel/studio/7.0/toolchain/arm/arm-gnu-toolchain/bin/../lib/gcc/arm-none-eabi/4.9.3/../../../../arm-none-eabi/lib/armv7e-m\libc.a(lib_a-init.o)
 .debug_frame   0x000035bc       0x34 c:/program files/atmel/studio/7.0/toolchain/arm/arm-gnu-toolchain/bin/../lib/gcc/arm-none-eabi/4.9.3/../../../../arm-none-eabi/lib/armv7e-m\libc.a(lib_a-memset.o)
 .debug_frame   0x000035f0       0x20 c:/program files/atmel/studio/7.0/toolchain/arm/arm-gnu-toolchain/bin/../lib/gcc/arm-none-eabi/4.9.3/../../../../arm-none-eabi/lib/armv7e-m\libc.a(lib_a-setbuf.o)
 .debug_frame   0x00003610       0x30 c:/program files/atmel/studio/7.0/toolchain/arm/arm-gnu-toolchain/bin/../lib/gcc/arm-none-eabi/4.9.3/../../../../arm-none-eabi/lib/armv7e-m\libc.a(lib_a-setvbuf.o)
 .debug_frame   0x00003640       0x84 c:/program files/atmel/studio/7.0/toolchain/arm/arm-gnu-toolchain/bin/../lib/gcc/arm-none-eabi/4.9.3/../../../../arm-none-eabi/lib/armv7e-m\libc.a(lib_a-sprintf.o)
 .debug_frame   0x000036c4       0x40 c:/program files/atmel/studio/7.0/toolchain/arm/arm-gnu-toolchain/bin/../lib/gcc/arm-none-eabi/4.9.3/../../../../arm-none-eabi/lib/armv7e-m\libc.a(lib_a-svfprintf.o)
 .debug_frame   0x00003704       0x50 c:/program files/atmel/studio/7.0/toolchain/arm/arm-gnu-toolchain/bin/../lib/gcc/arm-none-eabi/4.9.3/../../../../arm-none-eabi/lib/armv7e-m\libc.a(lib_a-__call_atexit.o)
 .debug_frame   0x00003754       0x20 c:/program files/atmel/studio/7.0/toolchain/arm/arm-gnu-toolchain/bin/../lib/gcc/arm-none-eabi/4.9.3/../../../../arm-none-eabi/lib/armv7e-m\libc.a(lib_a-atexit.o)
 .debug_frame   0x00003774       0x88 c:/program files/atmel/studio/7.0/toolchain/arm/arm-gnu-toolchain/bin/../lib/gcc/arm-none-eabi/4.9.3/../../../../arm-none-eabi/lib/armv7e-m\libc.a(lib_a-dtoa.o)
 .debug_frame   0x000037fc       0x6c c:/program files/atmel/studio/7.0/toolchain/arm/arm-gnu-toolchain/bin/../lib/gcc/arm-none-eabi/4.9.3/../../../../arm-none-eabi/lib/armv7e-m\libc.a(lib_a-fflush.o)
 .debug_frame   0x00003868      0x124 c:/program files/atmel/studio/7.0/toolchain/arm/arm-gnu-toolchain/bin/../lib/gcc/arm-none-eabi/4.9.3/../../../../arm-none-eabi/lib/armv7e-m\libc.a(lib_a-findfp.o)
 .debug_frame   0x0000398c       0x34 c:/program files/atmel/studio/7.0/toolchain/arm/arm-gnu-toolchain/bin/../lib/gcc/arm-none-eabi/4.9.3/../../../../arm-none-eabi/lib/armv7e-m\libc.a(lib_a-fini.o)
 .debug_frame   0x000039c0       0x74 c:/program files/atmel/studio/7.0/toolchain/arm/arm-gnu-toolchain/bin/../lib/gcc/arm-none-eabi/4.9.3/../../../../arm-none-eabi/lib/armv7e-m\libc.a(lib_a-freer.o)
 .debug_frame   0x00003a34       0x54 c:/program files/atmel/studio/7.0/toolchain/arm/arm-gnu-toolchain/bin/../lib/gcc/arm-none-eabi/4.9.3/../../../../arm-none-eabi/lib/armv7e-m\libc.a(lib_a-fwalk.o)
 .debug_frame   0x00003a88       0x9c c:/program files/atmel/studio/7.0/toolchain/arm/arm-gnu-toolchain/bin/../lib/gcc/arm-none-eabi/4.9.3/../../../../arm-none-eabi/lib/armv7e-m\libc.a(lib_a-locale.o)
 .debug_frame   0x00003b24       0x30 c:/program files/atmel/studio/7.0/toolchain/arm/arm-gnu-toolchain/bin/../lib/gcc/arm-none-eabi/4.9.3/../../../../arm-none-eabi/lib/armv7e-m\libc.a(lib_a-malloc.o)
 .debug_frame   0x00003b54       0x58 c:/program files/atmel/studio/7.0/toolchain/arm/arm-gnu-toolchain/bin/../lib/gcc/arm-none-eabi/4.9.3/../../../../arm-none-eabi/lib/armv7e-m\libc.a(lib_a-mallocr.o)
 .debug_frame   0x00003bac       0x3c c:/program files/atmel/studio/7.0/toolchain/arm/arm-gnu-toolchain/bin/../lib/gcc/arm-none-eabi/4.9.3/../../../../arm-none-eabi/lib/armv7e-m\libc.a(lib_a-memchr.o)
 .debug_frame   0x00003be8       0x30 c:/program files/atmel/studio/7.0/toolchain/arm/arm-gnu-toolchain/bin/../lib/gcc/arm-none-eabi/4.9.3/../../../../arm-none-eabi/lib/armv7e-m\libc.a(lib_a-memmove.o)
 .debug_frame   0x00003c18       0x30 c:/program files/atmel/studio/7.0/toolchain/arm/arm-gnu-toolchain/bin/../lib/gcc/arm-none-eabi/4.9.3/../../../../arm-none-eabi/lib/armv7e-m\libc.a(lib_a-mlock.o)
 .debug_frame   0x00003c48      0x268 c:/program files/atmel/studio/7.0/toolchain/arm/arm-gnu-toolchain/bin/../lib/gcc/arm-none-eabi/4.9.3/../../../../arm-none-eabi/lib/armv7e-m\libc.a(lib_a-mprec.o)
 .debug_frame   0x00003eb0       0x60 c:/program files/atmel/studio/7.0/toolchain/arm/arm-gnu-toolchain/bin/../lib/gcc/arm-none-eabi/4.9.3/../../../../arm-none-eabi/lib/armv7e-m\libc.a(lib_a-reallocr.o)
 .debug_frame   0x00003f10       0x34 c:/program files/atmel/studio/7.0/toolchain/arm/arm-gnu-toolchain/bin/../lib/gcc/arm-none-eabi/4.9.3/../../../../arm-none-eabi/lib/armv7e-m\libc.a(lib_a-s_fpclassify.o)
 .debug_frame   0x00003f44       0x2c c:/program files/atmel/studio/7.0/toolchain/arm/arm-gnu-toolchain/bin/../lib/gcc/arm-none-eabi/4.9.3/../../../../arm-none-eabi/lib/armv7e-m\libc.a(lib_a-sbrkr.o)
 .debug_frame   0x00003f70       0x88 c:/program files/atmel/studio/7.0/toolchain/arm/arm-gnu-toolchain/bin/../lib/gcc/arm-none-eabi/4.9.3/../../../../arm-none-eabi/lib/armv7e-m\libc.a(lib_a-stdio.o)
 .debug_frame   0x00003ff8       0x20 c:/program files/atmel/studio/7.0/toolchain/arm/arm-gnu-toolchain/bin/../lib/gcc/arm-none-eabi/4.9.3/../../../../arm-none-eabi/lib/armv7e-m\libc.a(lib_a-strlen.o)