Archive member included because of file (symbol)

c:/program files/atmel/studio/7.0/toolchain/arm/arm-gnu-toolchain/bin/../lib/gcc/arm-none-eabi/4.9.3/../../../../arm-none-eabi/lib/armv7e-m\libc.a(lib_a-exit.o)
                              c:/program files/atmel/studio/7.0/toolchain/arm/arm-gnu-toolchain/bin/../lib/gcc/arm-none-eabi/4.9.3/../../../../arm-none-eabi/lib/armv7e-m/crt0.o (exit)
c:/program files/atmel/studio/7.0/toolchain/arm/arm-gnu-toolchain/bin/../lib/gcc/arm-none-eabi/4.9.3/../../../../arm-none-eabi/lib/armv7e-m\libc.a(lib_a-impure.o)
                              c:/program files/atmel/studio/7.0/toolchain/arm/arm-gnu-toolchain/bin/../lib/gcc/arm-none-eabi/4.9.3/../../../../arm-none-eabi/lib/armv7e-m\libc.a(lib_a-exit.o) (_global_impure_ptr)
c:/program files/atmel/studio/7.0/toolchain/arm/arm-gnu-toolchain/bin/../lib/gcc/arm-none-eabi/4.9.3/../../../../arm-none-eabi/lib/armv7e-m\libc.a(lib_a-init.o)
                              c:/program files/atmel/studio/7.0/toolchain/arm/arm-gnu-toolchain/bin/../lib/gcc/arm-none-eabi/4.9.3/../../../../arm-none-eabi/lib/armv7e-m/crt0.o (__libc_init_array)
c:/program files/atmel/studio/7.0/toolchain/arm/arm-gnu-toolchain/bin/../lib/gcc/arm-none-eabi/4.9.3/../../../../arm-none-eabi/lib/armv7e-m\libc.a(lib_a-iprintf.o)
                              src/ASF/sam/utils/syscalls/gcc/syscalls.o (iprintf)
c:/program files/atmel/studio/7.0/toolchain/arm/arm-gnu-toolchain/bin/../lib/gcc/arm-none-eabi/4.9.3/../../../../arm-none-eabi/lib/armv7e-m\libc.a(lib_a-memset.o)
                              c:/program files/atmel/studio/7.0/toolchain/arm/arm-gnu-toolchain/bin/../lib/gcc/arm-none-eabi/4.9.3/../../../../arm-none-eabi/lib/armv7e-m/crt0.o (memset)
c:/program files/atmel/studio/7.0/toolchain/arm/arm-gnu-toolchain/bin/../lib/gcc/arm-none-eabi/4.9.3/../../../../arm-none-eabi/lib/armv7e-m\libc.a(lib_a-sprintf.o)
                              src/main.o (sprintf)
c:/program files/atmel/studio/7.0/toolchain/arm/arm-gnu-toolchain/bin/../lib/gcc/arm-none-eabi/4.9.3/../../../../arm-none-eabi/lib/armv7e-m\libc.a(lib_a-svfprintf.o)
                              c:/program files/atmel/studio/7.0/toolchain/arm/arm-gnu-toolchain/bin/../lib/gcc/arm-none-eabi/4.9.3/../../../../arm-none-eabi/lib/armv7e-m\libc.a(lib_a-sprintf.o) (_svfprintf_r)
c:/program files/atmel/studio/7.0/toolchain/arm/arm-gnu-toolchain/bin/../lib/gcc/arm-none-eabi/4.9.3/../../../../arm-none-eabi/lib/armv7e-m\libc.a(lib_a-vfiprintf.o)
                              c:/program files/atmel/studio/7.0/toolchain/arm/arm-gnu-toolchain/bin/../lib/gcc/arm-none-eabi/4.9.3/../../../../arm-none-eabi/lib/armv7e-m\libc.a(lib_a-iprintf.o) (_vfiprintf_r)
c:/program files/atmel/studio/7.0/toolchain/arm/arm-gnu-toolchain/bin/../lib/gcc/arm-none-eabi/4.9.3/../../../../arm-none-eabi/lib/armv7e-m\libc.a(lib_a-wsetup.o)
                              c:/program files/atmel/studio/7.0/toolchain/arm/arm-gnu-toolchain/bin/../lib/gcc/arm-none-eabi/4.9.3/../../../../arm-none-eabi/lib/armv7e-m\libc.a(lib_a-vfiprintf.o) (__swsetup_r)
c:/program files/atmel/studio/7.0/toolchain/arm/arm-gnu-toolchain/bin/../lib/gcc/arm-none-eabi/4.9.3/../../../../arm-none-eabi/lib/armv7e-m\libc.a(lib_a-__call_atexit.o)
                              c:/program files/atmel/studio/7.0/toolchain/arm/arm-gnu-toolchain/bin/../lib/gcc/arm-none-eabi/4.9.3/../../../../arm-none-eabi/lib/armv7e-m\libc.a(lib_a-exit.o) (__call_exitprocs)
c:/program files/atmel/studio/7.0/toolchain/arm/arm-gnu-toolchain/bin/../lib/gcc/arm-none-eabi/4.9.3/../../../../arm-none-eabi/lib/armv7e-m\libc.a(lib_a-atexit.o)
                              c:/program files/atmel/studio/7.0/toolchain/arm/arm-gnu-toolchain/bin/../lib/gcc/arm-none-eabi/4.9.3/../../../../arm-none-eabi/lib/armv7e-m\libc.a(lib_a-__call_atexit.o) (atexit)
c:/program files/atmel/studio/7.0/toolchain/arm/arm-gnu-toolchain/bin/../lib/gcc/arm-none-eabi/4.9.3/../../../../arm-none-eabi/lib/armv7e-m\libc.a(lib_a-dtoa.o)
                              c:/program files/atmel/studio/7.0/toolchain/arm/arm-gnu-toolchain/bin/../lib/gcc/arm-none-eabi/4.9.3/../../../../arm-none-eabi/lib/armv7e-m\libc.a(lib_a-svfprintf.o) (_dtoa_r)
c:/program files/atmel/studio/7.0/toolchain/arm/arm-gnu-toolchain/bin/../lib/gcc/arm-none-eabi/4.9.3/../../../../arm-none-eabi/lib/armv7e-m\libc.a(lib_a-fflush.o)
                              c:/program files/atmel/studio/7.0/toolchain/arm/arm-gnu-toolchain/bin/../lib/gcc/arm-none-eabi/4.9.3/../../../../arm-none-eabi/lib/armv7e-m\libc.a(lib_a-vfiprintf.o) (_fflush_r)
c:/program files/atmel/studio/7.0/toolchain/arm/arm-gnu-toolchain/bin/../lib/gcc/arm-none-eabi/4.9.3/../../../../arm-none-eabi/lib/armv7e-m\libc.a(lib_a-findfp.o)
                              c:/program files/atmel/studio/7.0/toolchain/arm/arm-gnu-toolchain/bin/../lib/gcc/arm-none-eabi/4.9.3/../../../../arm-none-eabi/lib/armv7e-m\libc.a(lib_a-vfiprintf.o) (__sinit)
[...]
Memory Configuration

Name             Origin             Length             Attributes
rom              0x00400000         0x00200000         xr
ram              0x20000000         0x00028000         xrw
*default*        0x00000000         0xffffffff

Linker script and memory map

LOAD c:/program files/atmel/studio/7.0/toolchain/arm/arm-gnu-toolchain/bin/../lib/gcc/arm-none-eabi/4.9.3/armv7e-m/crti.o
LOAD c:/program files/atmel/studio/7.0/toolchain/arm/arm-gnu-toolchain/bin/../lib/gcc/arm-none-eabi/4.9.3/armv7e-m/crtbegin.o
LOAD c:/program files/atmel/studio/7.0/toolchain/arm/arm-gnu-toolchain/bin/../lib/gcc/arm-none-eabi/4.9.3/../../../../arm-none-eabi/lib/armv7e-m/crt0.o
LOAD src/ASF/common/services/clock/sam4s/sysclk.o
LOAD src/ASF/common/services/serial/usart_serial.o
LOAD src/ASF/common/utils/interrupt/interrupt_sam_nvic.o
LOAD src/ASF/common/utils/stdio/read.o
LOAD src/ASF/common/utils/stdio/write.o
LOAD src/ASF/sam/boards/sam4s_ek2/init.o
LOAD src/ASF/sam/boards/sam4s_ek2/led.o
LOAD src/ASF/sam/drivers/pio/pio.o
LOAD src/ASF/sam/drivers/pio/pio_handler.o
LOAD src/ASF/sam/drivers/pmc/pmc.o
LOAD src/ASF/sam/drivers/pmc/sleep.o
LOAD src/ASF/sam/drivers/tc/tc.o
LOAD src/ASF/sam/drivers/uart/uart.o
LOAD src/ASF/sam/drivers/usart/usart.o
LOAD src/ASF/sam/utils/cmsis/sam4s/source/templates/gcc/startup_sam4s.o
LOAD src/ASF/sam/utils/cmsis/sam4s/source/templates/system_sam4s.o
LOAD src/ASF/sam/utils/syscalls/gcc/syscalls.o
LOAD src/main.o
START GROUP
LOAD ../src/ASF/thirdparty/CMSIS/Lib/GCC\libarm_cortexM4l_math.a
LOAD c:/program files/atmel/studio/7.0/toolchain/arm/arm-gnu-toolchain/bin/../lib/gcc/arm-none-eabi/4.9.3/../../../../arm-none-eabi/lib/armv7e-m\libm.a
END GROUP
START GROUP
LOAD c:/program files/atmel/studio/7.0/toolchain/arm/arm-gnu-toolchain/bin/../lib/gcc/arm-none-eabi/4.9.3/armv7e-m\libgcc.a
LOAD c:/program files/atmel/studio/7.0/toolchain/arm/arm-gnu-toolchain/bin/../lib/gcc/arm-none-eabi/4.9.3/../../../../arm-none-eabi/lib/armv7e-m\libc.a
END GROUP
LOAD c:/program files/atmel/studio/7.0/toolchain/arm/arm-gnu-toolchain/bin/../lib/gcc/arm-none-eabi/4.9.3/armv7e-m/crtend.o
LOAD c:/program files/atmel/studio/7.0/toolchain/arm/arm-gnu-toolchain/bin/../lib/gcc/arm-none-eabi/4.9.3/armv7e-m/crtn.o
                0x00003000                __stack_size__ = DEFINED (__stack_size__)?__stack_size__:0x3000
                0x20027ffc                __ram_end__ = ((ORIGIN (ram) + 0x28000) - 0x4)

.text           0x00400000     0x5fcc
                0x00400000                . = ALIGN (0x4)
                0x00400000                _sfixed = .
 *(.vectors .vectors.*)
 .vectors       0x00400000       0xcc src/ASF/sam/utils/cmsis/sam4s/source/templates/gcc/startup_sam4s.o
                0x00400000                exception_table
 *(.text .text.* .gnu.linkonce.t.*)
 .text          0x004000cc       0x5c c:/program files/atmel/studio/7.0/toolchain/arm/arm-gnu-toolchain/bin/../lib/gcc/arm-none-eabi/4.9.3/armv7e-m/crtbegin.o
 .text.osc_enable
                0x00400128       0x84 src/ASF/common/services/clock/sam4s/sysclk.o
 .text.osc_is_ready
                0x004001ac       0x70 src/ASF/common/services/clock/sam4s/sysclk.o
 .text.osc_get_rate
                0x0040021c       0x74 src/ASF/common/services/clock/sam4s/sysclk.o
 .text.osc_wait_ready
                0x00400290       0x2c src/ASF/common/services/clock/sam4s/sysclk.o
 .text.pll_config_init
                0x004002bc       0x54 src/ASF/common/services/clock/sam4s/sysclk.o
 .text.pll_enable
                0x00400310       0x40 src/ASF/common/services/clock/sam4s/sysclk.o
 .text.pll_is_locked
                0x00400350       0x2c src/ASF/common/services/clock/sam4s/sysclk.o
 .text.pll_enable_source
                0x0040037c       0x34 src/ASF/common/services/clock/sam4s/sysclk.o
 .text.pll_wait_for_lock
                0x004003b0       0x24 src/ASF/common/services/clock/sam4s/sysclk.o
 .text.sysclk_get_main_hz
                0x004003d4       0x1c src/ASF/common/services/clock/sam4s/sysclk.o
 .text.sysclk_get_cpu_hz
                0x004003f0       0x14 src/ASF/common/services/clock/sam4s/sysclk.o
 .text.sysclk_init
                0x00400404       0x70 src/ASF/common/services/clock/sam4s/sysclk.o
                0x00400404                sysclk_init
 .text.pio_pull_up
                0x00400474       0x2c src/ASF/sam/drivers/pio/pio.o
                0x00400474                pio_pull_up
 .text.pio_set_debounce_filter
                0x004004a0       0x38 src/ASF/sam/drivers/pio/pio.o
                0x004004a0                pio_set_debounce_filter
 .text.pio_set_input
                0x004004d8       0x7c src/ASF/sam/drivers/pio/pio.o
                0x004004d8                pio_set_input
 .text.pio_set_output
                0x00400554       0x64 src/ASF/sam/drivers/pio/pio.o
                0x00400554                pio_set_output
 .text.pio_configure_interrupt
                0x004005b8       0x6c src/ASF/sam/drivers/pio/pio.o
                0x004005b8                pio_configure_interrupt
 .text.pio_enable_interrupt
                0x00400624       0x20 src/ASF/sam/drivers/pio/pio.o
                0x00400624                pio_enable_interrupt
 .text.pio_disable_interrupt
                0x00400644       0x1c src/ASF/sam/drivers/pio/pio.o
                0x00400644                pio_disable_interrupt
 .text.pio_get_interrupt_status
                0x00400660       0x18 src/ASF/sam/drivers/pio/pio.o
                0x00400660                pio_get_interrupt_status
 .text.pio_get_interrupt_mask
                0x00400678       0x18 src/ASF/sam/drivers/pio/pio.o
                0x00400678                pio_get_interrupt_mask
 .text.pio_handler_process
                0x00400690       0xcc src/ASF/sam/drivers/pio/pio_handler.o
                0x00400690                pio_handler_process
 .text.pio_handler_set
                0x0040075c       0x68 src/ASF/sam/drivers/pio/pio_handler.o
                0x0040075c                pio_handler_set
 .text.PIOA_Handler
                0x004007c4       0x18 src/ASF/sam/drivers/pio/pio_handler.o
                0x004007c4                PIOA_Handler
 .text.PIOB_Handler
                0x004007dc       0x18 src/ASF/sam/drivers/pio/pio_handler.o
                0x004007dc                PIOB_Handler
 .text.PIOC_Handler
                0x004007f4       0x18 src/ASF/sam/drivers/pio/pio_handler.o
                0x004007f4                PIOC_Handler
 .text.pmc_switch_mck_to_pllack
                0x0040080c       0x84 src/ASF/sam/drivers/pmc/pmc.o
                0x0040080c                pmc_switch_mck_to_pllack
 .text.pmc_switch_sclk_to_32kxtal
                0x00400890       0x38 src/ASF/sam/drivers/pmc/pmc.o
                0x00400890                pmc_switch_sclk_to_32kxtal
 .text.pmc_osc_is_ready_32kxtal
                0x004008c8       0x34 src/ASF/sam/drivers/pmc/pmc.o
                0x004008c8                pmc_osc_is_ready_32kxtal
 .text.pmc_switch_mainck_to_fastrc
                0x004008fc       0x70 src/ASF/sam/drivers/pmc/pmc.o
                0x004008fc                pmc_switch_mainck_to_fastrc
 .text.pmc_switch_mainck_to_xtal
                0x0040096c       0x78 src/ASF/sam/drivers/pmc/pmc.o
                0x0040096c                pmc_switch_mainck_to_xtal
 .text.pmc_osc_is_ready_mainck
                0x004009e4       0x1c src/ASF/sam/drivers/pmc/pmc.o
                0x004009e4                pmc_osc_is_ready_mainck
 .text.pmc_disable_pllack
                0x00400a00       0x18 src/ASF/sam/drivers/pmc/pmc.o
                0x00400a00                pmc_disable_pllack
 .text.pmc_is_locked_pllack
                0x00400a18       0x1c src/ASF/sam/drivers/pmc/pmc.o
                0x00400a18                pmc_is_locked_pllack
 .text.pmc_disable_pllbck
                0x00400a34       0x18 src/ASF/sam/drivers/pmc/pmc.o
                0x00400a34                pmc_disable_pllbck
 .text.pmc_is_locked_pllbck
                0x00400a4c       0x1c src/ASF/sam/drivers/pmc/pmc.o
                0x00400a4c                pmc_is_locked_pllbck
 .text.pmc_enable_periph_clk
                0x00400a68       0x84 src/ASF/sam/drivers/pmc/pmc.o
                0x00400a68                pmc_enable_periph_clk
 .text.tc_init  0x00400aec       0x38 src/ASF/sam/drivers/tc/tc.o
                0x00400aec                tc_init
 .text.tc_start
                0x00400b24       0x20 src/ASF/sam/drivers/tc/tc.o
                0x00400b24                tc_start
 .text.tc_read_rc
                0x00400b44       0x24 src/ASF/sam/drivers/tc/tc.o
                0x00400b44                tc_read_rc
 .text.tc_write_rc
                0x00400b68       0x24 src/ASF/sam/drivers/tc/tc.o
                0x00400b68                tc_write_rc
 .text.tc_enable_interrupt
                0x00400b8c       0x28 src/ASF/sam/drivers/tc/tc.o
                0x00400b8c                tc_enable_interrupt
 .text.tc_get_status
                0x00400bb4       0x24 src/ASF/sam/drivers/tc/tc.o
                0x00400bb4                tc_get_status
 .text.Reset_Handler
                0x00400bd8       0xc8 src/ASF/sam/utils/cmsis/sam4s/source/templates/gcc/startup_sam4s.o
                0x00400bd8                Reset_Handler
 .text.Dummy_Handler
                0x00400ca0        0x8 src/ASF/sam/utils/cmsis/sam4s/source/templates/gcc/startup_sam4s.o
                0x00400ca0                DACC_Handler
                0x00400ca0                DebugMon_Handler
                0x00400ca0                HardFault_Handler
                0x00400ca0                TC2_Handler
                0x00400ca0                SPI_Handler
                0x00400ca0                SysTick_Handler
                0x00400ca0                TWI1_Handler
                0x00400ca0                PendSV_Handler
                0x00400ca0                NMI_Handler
                0x00400ca0                ADC_Handler
                0x00400ca0                CRCCU_Handler
                0x00400ca0                USART0_Handler
                0x00400ca0                RTT_Handler
                0x00400ca0                EFC1_Handler
                0x00400ca0                RTC_Handler
                0x00400ca0                UsageFault_Handler
                0x00400ca0                WDT_Handler
                0x00400ca0                TC4_Handler
                0x00400ca0                TC1_Handler
                0x00400ca0                HSMCI_Handler
                0x00400ca0                UART1_Handler
                0x00400ca0                TC3_Handler
                0x00400ca0                Dummy_Handler
                0x00400ca0                TWI0_Handler
                0x00400ca0                USART1_Handler
                0x00400ca0                SSC_Handler
                0x00400ca0                EFC0_Handler
                0x00400ca0                ACC_Handler
                0x00400ca0                PMC_Handler
                0x00400ca0                PWM_Handler
                0x00400ca0                MemManage_Handler
                0x00400ca0                SUPC_Handler
                0x00400ca0                SVC_Handler
                0x00400ca0                UART0_Handler
                0x00400ca0                UDP_Handler
                0x00400ca0                BusFault_Handler
                0x00400ca0                RSTC_Handler
                0x00400ca0                TC5_Handler
 .text.SystemCoreClockUpdate
                0x00400ca8      0x19c src/ASF/sam/utils/cmsis/sam4s/source/templates/system_sam4s.o
                0x00400ca8                SystemCoreClockUpdate
 .text.system_init_flash
                0x00400e44       0xc0 src/ASF/sam/utils/cmsis/sam4s/source/templates/system_sam4s.o
                0x00400e44                system_init_flash
 .text._sbrk    0x00400f04       0x58 src/ASF/sam/utils/syscalls/gcc/syscalls.o
                0x00400f04                _sbrk
 .text.NVIC_EnableIRQ
                0x00400f5c       0x30 src/main.o
 .text.NVIC_SetPriority
                0x00400f8c       0x54 src/main.o
 .text.osc_get_rate
                0x00400fe0       0x74 src/main.o
 .text.sysclk_get_main_hz
                0x00401054       0x1c src/main.o
 .text.sysclk_get_cpu_hz
                0x00401070       0x14 src/main.o
 .text.Button2_Handler
                0x00401084       0x34 src/main.o
 .text.Button3_Handler
                0x004010b8       0x34 src/main.o
 .text.TC0_Handler
                0x004010ec       0x4c src/main.o
                0x004010ec                TC0_Handler
 .text.configure_buttons
                0x00401138       0xc0 src/main.o
 .text.configure_led
                0x004011f8       0x50 src/main.o
 .text.configure_tc
                0x00401248       0x68 src/main.o
 .text.main     0x004012b0       0x34 src/main.o
                0x004012b0                main
 .text.__libc_init_array
                0x004012e4       0x50 c:/program files/atmel/studio/7.0/toolchain/arm/arm-gnu-toolchain/bin/../lib/gcc/arm-none-eabi/4.9.3/../../../../arm-none-eabi/lib/armv7e-m\libc.a(lib_a-init.o)
                0x004012e4                __libc_init_array
 .text.memset   0x00401334       0x9c c:/program files/atmel/studio/7.0/toolchain/arm/arm-gnu-toolchain/bin/../lib/gcc/arm-none-eabi/4.9.3/../../../../arm-none-eabi/lib/armv7e-m\libc.a(lib_a-memset.o)
                0x00401334                memset
 .text.sprintf  0x004013d0       0x4c c:/program files/atmel/studio/7.0/toolchain/arm/arm-gnu-toolchain/bin/../lib/gcc/arm-none-eabi/4.9.3/../../../../arm-none-eabi/lib/armv7e-m\libc.a(lib_a-sprintf.o)
                0x004013d0                sprintf
 .text._svfprintf_r
                0x0040141c     0x1494 c:/program files/atmel/studio/7.0/toolchain/arm/arm-gnu-toolchain/bin/../lib/gcc/arm-none-eabi/4.9.3/../../../../arm-none-eabi/lib/armv7e-m\libc.a(lib_a-svfprintf.o)
                0x0040141c                _svfprintf_r
 .text.startup.register_fini
                0x004028b0       0x14 c:/program files/atmel/studio/7.0/toolchain/arm/arm-gnu-toolchain/bin/../lib/gcc/arm-none-eabi/4.9.3/../../../../arm-none-eabi/lib/armv7e-m\libc.a(lib_a-__call_atexit.o)
 .text.atexit   0x004028c4        0xc c:/program files/atmel/studio/7.0/toolchain/arm/arm-gnu-toolchain/bin/../lib/gcc/arm-none-eabi/4.9.3/../../../../arm-none-eabi/lib/armv7e-m\libc.a(lib_a-atexit.o)
                0x004028c4                atexit
 .text.quorem   0x004028d0      0x12c c:/program files/atmel/studio/7.0/toolchain/arm/arm-gnu-toolchain/bin/../lib/gcc/arm-none-eabi/4.9.3/../../../../arm-none-eabi/lib/armv7e-m\libc.a(lib_a-dtoa.o)
 *fill*         0x004029fc        0x4 
 .text._dtoa_r  0x00402a00      0xe94 c:/program files/atmel/studio/7.0/toolchain/arm/arm-gnu-toolchain/bin/../lib/gcc/arm-none-eabi/4.9.3/../../../../arm-none-eabi/lib/armv7e-m\libc.a(lib_a-dtoa.o)
                0x00402a00                _dtoa_r
 .text.__libc_fini_array
                0x00403894       0x2c c:/program files/atmel/studio/7.0/toolchain/arm/arm-gnu-toolchain/bin/../lib/gcc/arm-none-eabi/4.9.3/../../../../arm-none-eabi/lib/armv7e-m\libc.a(lib_a-fini.o)
                0x00403894                __libc_fini_array
 .text._malloc_trim_r
                0x004038c0       0x9c c:/program files/atmel/studio/7.0/toolchain/arm/arm-gnu-toolchain/bin/../lib/gcc/arm-none-eabi/4.9.3/../../../../arm-none-eabi/lib/armv7e-m\libc.a(lib_a-freer.o)
                0x004038c0                _malloc_trim_r
 .text._free_r  0x0040395c      0x1b0 c:/program files/atmel/studio/7.0/toolchain/arm/arm-gnu-toolchain/bin/../lib/gcc/arm-none-eabi/4.9.3/../../../../arm-none-eabi/lib/armv7e-m\libc.a(lib_a-freer.o)
                0x0040395c                _free_r
 .text._localeconv_r
                0x00403b0c        0x8 c:/program files/atmel/studio/7.0/toolchain/arm/arm-gnu-toolchain/bin/../lib/gcc/arm-none-eabi/4.9.3/../../../../arm-none-eabi/lib/armv7e-m\libc.a(lib_a-locale.o)
                0x00403b0c                _localeconv_r
 .text._malloc_r
                0x00403b14      0x524 c:/program files/atmel/studio/7.0/toolchain/arm/arm-gnu-toolchain/bin/../lib/gcc/arm-none-eabi/4.9.3/../../../../arm-none-eabi/lib/armv7e-m\libc.a(lib_a-mallocr.o)
                0x00403b14                _malloc_r
 .text.memchr   0x00404038       0x94 c:/program files/atmel/studio/7.0/toolchain/arm/arm-gnu-toolchain/bin/../lib/gcc/arm-none-eabi/4.9.3/../../../../arm-none-eabi/lib/armv7e-m\libc.a(lib_a-memchr.o)
                0x00404038                memchr
 .text          0x004040cc      0x134 c:/program files/atmel/studio/7.0/toolchain/arm/arm-gnu-toolchain/bin/../lib/gcc/arm-none-eabi/4.9.3/../../../../arm-none-eabi/lib/armv7e-m\libc.a(lib_a-memcpy.o)
                0x004040cc                memcpy
 .text.memmove  0x00404200       0xc8 c:/program files/atmel/studio/7.0/toolchain/arm/arm-gnu-toolchain/bin/../lib/gcc/arm-none-eabi/4.9.3/../../../../arm-none-eabi/lib/armv7e-m\libc.a(lib_a-memmove.o)
                0x00404200                memmove
 .text.__malloc_lock
                0x004042c8        0x4 c:/program files/atmel/studio/7.0/toolchain/arm/arm-gnu-toolchain/bin/../lib/gcc/arm-none-eabi/4.9.3/../../../../arm-none-eabi/lib/armv7e-m\libc.a(lib_a-mlock.o)
                0x004042c8                __malloc_lock
 .text.__malloc_unlock
                0x004042cc        0x4 c:/program files/atmel/studio/7.0/toolchain/arm/arm-gnu-toolchain/bin/../lib/gcc/arm-none-eabi/4.9.3/../../../../arm-none-eabi/lib/armv7e-m\libc.a(lib_a-mlock.o)
                0x004042cc                __malloc_unlock
 .text._Balloc  0x004042d0       0x4c c:/program files/atmel/studio/7.0/toolchain/arm/arm-gnu-toolchain/bin/../lib/gcc/arm-none-eabi/4.9.3/../../../../arm-none-eabi/lib/armv7e-m\libc.a(lib_a-mprec.o)
                0x004042d0                _Balloc
 .text._Bfree   0x0040431c       0x14 c:/program files/atmel/studio/7.0/toolchain/arm/arm-gnu-toolchain/bin/../lib/gcc/arm-none-eabi/4.9.3/../../../../arm-none-eabi/lib/armv7e-m\libc.a(lib_a-mprec.o)
                0x0040431c                _Bfree
 .text.__multadd
                0x00404330       0x84 c:/program files/atmel/studio/7.0/toolchain/arm/arm-gnu-toolchain/bin/../lib/gcc/arm-none-eabi/4.9.3/../../../../arm-none-eabi/lib/armv7e-m\libc.a(lib_a-mprec.o)
                0x00404330                __multadd
 .text.__hi0bits
                0x004043b4       0x40 c:/program files/atmel/studio/7.0/toolchain/arm/arm-gnu-toolchain/bin/../lib/gcc/arm-none-eabi/4.9.3/../../../../arm-none-eabi/lib/armv7e-m\libc.a(lib_a-mprec.o)
                0x004043b4                __hi0bits
 .text.__lo0bits
                0x004043f4       0x5c c:/program files/atmel/studio/7.0/toolchain/arm/arm-gnu-toolchain/bin/../lib/gcc/arm-none-eabi/4.9.3/../../../../arm-none-eabi/lib/armv7e-m\libc.a(lib_a-mprec.o)
                0x004043f4                __lo0bits
 .text.__i2b    0x00404450       0x14 c:/program files/atmel/studio/7.0/toolchain/arm/arm-gnu-toolchain/bin/../lib/gcc/arm-none-eabi/4.9.3/../../../../arm-none-eabi/lib/armv7e-m\libc.a(lib_a-mprec.o)
                0x00404450                __i2b
 .text.__multiply
                0x00404464      0x134 c:/program files/atmel/studio/7.0/toolchain/arm/arm-gnu-toolchain/bin/../lib/gcc/arm-none-eabi/4.9.3/../../../../arm-none-eabi/lib/armv7e-m\libc.a(lib_a-mprec.o)
                0x00404464                __multiply
 .text.__pow5mult
                0x00404598       0xa0 c:/program files/atmel/studio/7.0/toolchain/arm/arm-gnu-toolchain/bin/../lib/gcc/arm-none-eabi/4.9.3/../../../../arm-none-eabi/lib/armv7e-m\libc.a(lib_a-mprec.o)
                0x00404598                __pow5mult
 .text.__lshift
                0x00404638       0xac c:/program files/atmel/studio/7.0/toolchain/arm/arm-gnu-toolchain/bin/../lib/gcc/arm-none-eabi/4.9.3/../../../../arm-none-eabi/lib/armv7e-m\libc.a(lib_a-mprec.o)
                0x00404638                __lshift
 .text.__mcmp   0x004046e4       0x48 c:/program files/atmel/studio/7.0/toolchain/arm/arm-gnu-toolchain/bin/../lib/gcc/arm-none-eabi/4.9.3/../../../../arm-none-eabi/lib/armv7e-m\libc.a(lib_a-mprec.o)
                0x004046e4                __mcmp
 .text.__mdiff  0x0040472c       0xd4 c:/program files/atmel/studio/7.0/toolchain/arm/arm-gnu-toolchain/bin/../lib/gcc/arm-none-eabi/4.9.3/../../../../arm-none-eabi/lib/armv7e-m\libc.a(lib_a-mprec.o)
                0x0040472c                __mdiff
 .text.__d2b    0x00404800       0xb8 c:/program files/atmel/studio/7.0/toolchain/arm/arm-gnu-toolchain/bin/../lib/gcc/arm-none-eabi/4.9.3/../../../../arm-none-eabi/lib/armv7e-m\libc.a(lib_a-mprec.o)
                0x00404800                __d2b
 .text._realloc_r
                0x004048b8      0x3ec c:/program files/atmel/studio/7.0/toolchain/arm/arm-gnu-toolchain/bin/../lib/gcc/arm-none-eabi/4.9.3/../../../../arm-none-eabi/lib/armv7e-m\libc.a(lib_a-reallocr.o)
                0x004048b8                _realloc_r
 .text.__fpclassifyd
                0x00404ca4       0x58 c:/program files/atmel/studio/7.0/toolchain/arm/arm-gnu-toolchain/bin/../lib/gcc/arm-none-eabi/4.9.3/../../../../arm-none-eabi/lib/armv7e-m\libc.a(lib_a-s_fpclassify.o)
                0x00404ca4                __fpclassifyd
 .text._sbrk_r  0x00404cfc       0x24 c:/program files/atmel/studio/7.0/toolchain/arm/arm-gnu-toolchain/bin/../lib/gcc/arm-none-eabi/4.9.3/../../../../arm-none-eabi/lib/armv7e-m\libc.a(lib_a-sbrkr.o)
                0x00404cfc                _sbrk_r
 .text.strlen   0x00404d20       0x5c c:/program files/atmel/studio/7.0/toolchain/arm/arm-gnu-toolchain/bin/../lib/gcc/arm-none-eabi/4.9.3/../../../../arm-none-eabi/lib/armv7e-m\libc.a(lib_a-strlen.o)
                0x00404d20                strlen
 .text.__ssprint_r
                0x00404d7c      0x104 c:/program files/atmel/studio/7.0/toolchain/arm/arm-gnu-toolchain/bin/../lib/gcc/arm-none-eabi/4.9.3/../../../../arm-none-eabi/lib/armv7e-m\libc.a(lib_a-svfiprintf.o)
                0x00404d7c                __ssprint_r
 .text.__register_exitproc
                0x00404e80       0xa4 c:/program files/atmel/studio/7.0/toolchain/arm/arm-gnu-toolchain/bin/../lib/gcc/arm-none-eabi/4.9.3/../../../../arm-none-eabi/lib/armv7e-m\libc.a(lib_a-__atexit.o)
                0x00404e80                __register_exitproc
 .text._calloc_r
                0x00404f24       0x60 c:/program files/atmel/studio/7.0/toolchain/arm/arm-gnu-toolchain/bin/../lib/gcc/arm-none-eabi/4.9.3/../../../../arm-none-eabi/lib/armv7e-m\libc.a(lib_a-callocr.o)
                0x00404f24                _calloc_r
 .text          0x00404f84      0x370 c:/program files/atmel/studio/7.0/toolchain/arm/arm-gnu-toolchain/bin/../lib/gcc/arm-none-eabi/4.9.3/armv7e-m\libgcc.a(_arm_addsubdf3.o)
                0x00404f84                __aeabi_drsub
                0x00404f8c                __aeabi_dsub
                0x00404f8c                __subdf3
                0x00404f90                __aeabi_dadd
                0x00404f90                __adddf3
                0x00405208                __floatunsidf
                0x00405208                __aeabi_ui2d
                0x00405228                __floatsidf
                0x00405228                __aeabi_i2d
                0x0040524c                __aeabi_f2d
                0x0040524c                __extendsfdf2
                0x00405288                __floatundidf
                0x00405288                __aeabi_ul2d
                0x00405298                __floatdidf
                0x00405298                __aeabi_l2d
 .text          0x004052f4      0x424 c:/program files/atmel/studio/7.0/toolchain/arm/arm-gnu-toolchain/bin/../lib/gcc/arm-none-eabi/4.9.3/armv7e-m\libgcc.a(_arm_muldivdf3.o)
                0x004052f4                __aeabi_dmul
                0x004052f4                __muldf3
                0x00405548                __divdf3
                0x00405548                __aeabi_ddiv
 .text          0x00405718      0x110 c:/program files/atmel/studio/7.0/toolchain/arm/arm-gnu-toolchain/bin/../lib/gcc/arm-none-eabi/4.9.3/armv7e-m\libgcc.a(_arm_cmpdf2.o)
                0x00405718                __gtdf2
                0x00405718                __gedf2
                0x00405720                __ltdf2
                0x00405720                __ledf2
                0x00405728                __nedf2
                0x00405728                __eqdf2
                0x00405728                __cmpdf2
                0x004057a4                __aeabi_cdrcmple
                0x004057b4                __aeabi_cdcmpeq
                0x004057b4                __aeabi_cdcmple
                0x004057c4                __aeabi_dcmpeq
                0x004057d8                __aeabi_dcmplt
                0x004057ec                __aeabi_dcmple
                0x00405800                __aeabi_dcmpge
                0x00405814                __aeabi_dcmpgt
 .text          0x00405828       0x50 c:/program files/atmel/studio/7.0/toolchain/arm/arm-gnu-toolchain/bin/../lib/gcc/arm-none-eabi/4.9.3/armv7e-m\libgcc.a(_arm_fixdfsi.o)
                0x00405828                __aeabi_d2iz
                0x00405828                __fixdfsi
 .text          0x00405878       0x30 c:/program files/atmel/studio/7.0/toolchain/arm/arm-gnu-toolchain/bin/../lib/gcc/arm-none-eabi/4.9.3/armv7e-m\libgcc.a(_aeabi_uldivmod.o)
                0x00405878                __aeabi_uldivmod
 .text          0x004058a8       0x60 c:/program files/atmel/studio/7.0/toolchain/arm/arm-gnu-toolchain/bin/../lib/gcc/arm-none-eabi/4.9.3/armv7e-m\libgcc.a(bpabi.o)
                0x004058a8                __gnu_ldivmod_helper
                0x004058d8                __gnu_uldivmod_helper
 .text          0x00405908        0x4 c:/program files/atmel/studio/7.0/toolchain/arm/arm-gnu-toolchain/bin/../lib/gcc/arm-none-eabi/4.9.3/armv7e-m\libgcc.a(_dvmd_tls.o)
                0x00405908                __aeabi_idiv0
                0x00405908                __aeabi_ldiv0
 .text          0x0040590c      0x29c c:/program files/atmel/studio/7.0/toolchain/arm/arm-gnu-toolchain/bin/../lib/gcc/arm-none-eabi/4.9.3/armv7e-m\libgcc.a(_divdi3.o)
                0x0040590c                __divdi3
 .text          0x00405ba8      0x26c c:/program files/atmel/studio/7.0/toolchain/arm/arm-gnu-toolchain/bin/../lib/gcc/arm-none-eabi/4.9.3/armv7e-m\libgcc.a(_udivdi3.o)
                0x00405ba8                __udivdi3
 *(.glue_7t)
 .glue_7t       0x00000000        0x0 linker stubs
 *(.glue_7)
 .glue_7        0x00000000        0x0 linker stubs
 *(.rodata .rodata* .gnu.linkonce.r.*)
 .rodata        0x00405e14        0xa src/main.o
 *fill*         0x00405e1e        0x2 
 .rodata.str1.4
                0x00405e20        0x2 c:/program files/atmel/studio/7.0/toolchain/arm/arm-gnu-toolchain/bin/../lib/gcc/arm-none-eabi/4.9.3/../../../../arm-none-eabi/lib/armv7e-m\libc.a(lib_a-impure.o)
 *fill*         0x00405e22        0x2 
 .rodata._global_impure_ptr
                0x00405e24        0x4 c:/program files/atmel/studio/7.0/toolchain/arm/arm-gnu-toolchain/bin/../lib/gcc/arm-none-eabi/4.9.3/../../../../arm-none-eabi/lib/armv7e-m\libc.a(lib_a-impure.o)
                0x00405e24                _global_impure_ptr
 .rodata.zeroes.6911
                0x00405e28       0x10 c:/program files/atmel/studio/7.0/toolchain/arm/arm-gnu-toolchain/bin/../lib/gcc/arm-none-eabi/4.9.3/../../../../arm-none-eabi/lib/armv7e-m\libc.a(lib_a-svfprintf.o)
 .rodata.blanks.6910
                0x00405e38       0x10 c:/program files/atmel/studio/7.0/toolchain/arm/arm-gnu-toolchain/bin/../lib/gcc/arm-none-eabi/4.9.3/../../../../arm-none-eabi/lib/armv7e-m\libc.a(lib_a-svfprintf.o)
 .rodata.str1.4
                0x00405e48       0x42 c:/program files/atmel/studio/7.0/toolchain/arm/arm-gnu-toolchain/bin/../lib/gcc/arm-none-eabi/4.9.3/../../../../arm-none-eabi/lib/armv7e-m\libc.a(lib_a-svfprintf.o)
 *fill*         0x00405e8a        0x2 
 .rodata.str1.4
                0x00405e8c       0x10 c:/program files/atmel/studio/7.0/toolchain/arm/arm-gnu-toolchain/bin/../lib/gcc/arm-none-eabi/4.9.3/../../../../arm-none-eabi/lib/armv7e-m\libc.a(lib_a-dtoa.o)
                                 0x12 (size before relaxing)
 .rodata.str1.4
                0x00405e9c        0xc c:/program files/atmel/studio/7.0/toolchain/arm/arm-gnu-toolchain/bin/../lib/gcc/arm-none-eabi/4.9.3/../../../../arm-none-eabi/lib/armv7e-m\libc.a(lib_a-locale.o)
                                 0x12 (size before relaxing)
 .rodata.__mprec_tens
                0x00405ea8       0xc8 c:/program files/atmel/studio/7.0/toolchain/arm/arm-gnu-toolchain/bin/../lib/gcc/arm-none-eabi/4.9.3/../../../../arm-none-eabi/lib/armv7e-m\libc.a(lib_a-mprec.o)
                0x00405ea8                __mprec_tens
 .rodata.p05.5302
                0x00405f70        0xc c:/program files/atmel/studio/7.0/toolchain/arm/arm-gnu-toolchain/bin/../lib/gcc/arm-none-eabi/4.9.3/../../../../arm-none-eabi/lib/armv7e-m\libc.a(lib_a-mprec.o)
 *fill*         0x00405f7c        0x4 
 .rodata.__mprec_bigtens
                0x00405f80       0x28 c:/program files/atmel/studio/7.0/toolchain/arm/arm-gnu-toolchain/bin/../lib/gcc/arm-none-eabi/4.9.3/../../../../arm-none-eabi/lib/armv7e-m\libc.a(lib_a-mprec.o)
                0x00405f80                __mprec_bigtens
 *(.ARM.extab* .gnu.linkonce.armextab.*)
                0x00405fa8                . = ALIGN (0x4)
 *(.init)
 .init          0x00405fa8        0x4 c:/program files/atmel/studio/7.0/toolchain/arm/arm-gnu-toolchain/bin/../lib/gcc/arm-none-eabi/4.9.3/armv7e-m/crti.o
                0x00405fa8                _init
 .init          0x00405fac        0x8 c:/program files/atmel/studio/7.0/toolchain/arm/arm-gnu-toolchain/bin/../lib/gcc/arm-none-eabi/4.9.3/armv7e-m/crtn.o
                0x00405fb4                . = ALIGN (0x4)
                0x00405fb4                __preinit_array_start = .
 *(.preinit_array)
                0x00405fb4                __preinit_array_end = .
                0x00405fb4                . = ALIGN (0x4)
                0x00405fb4                __init_array_start = .
 *(SORT(.init_array.*))
 .init_array.00000
                0x00405fb4        0x4 c:/program files/atmel/studio/7.0/toolchain/arm/arm-gnu-toolchain/bin/../lib/gcc/arm-none-eabi/4.9.3/../../../../arm-none-eabi/lib/armv7e-m\libc.a(lib_a-__call_atexit.o)
 *(.init_array)
 .init_array    0x00405fb8        0x4 c:/program files/atmel/studio/7.0/toolchain/arm/arm-gnu-toolchain/bin/../lib/gcc/arm-none-eabi/4.9.3/armv7e-m/crtbegin.o
                0x00405fbc                __init_array_end = .
                0x00405fbc                . = ALIGN (0x4)
 *crtbegin.o(.ctors)
 *(EXCLUDE_FILE(*crtend.o) .ctors)
 *(SORT(.ctors.*))
 *crtend.o(.ctors)
                0x00405fbc                . = ALIGN (0x4)
 *(.fini)
 .fini          0x00405fbc        0x4 c:/program files/atmel/studio/7.0/toolchain/arm/arm-gnu-toolchain/bin/../lib/gcc/arm-none-eabi/4.9.3/armv7e-m/crti.o
                0x00405fbc                _fini
 .fini          0x00405fc0        0x8 c:/program files/atmel/studio/7.0/toolchain/arm/arm-gnu-toolchain/bin/../lib/gcc/arm-none-eabi/4.9.3/armv7e-m/crtn.o
                0x00405fc8                . = ALIGN (0x4)
                0x00405fc8                __fini_array_start = .
 *(.fini_array)
 .fini_array    0x00405fc8        0x4 c:/program files/atmel/studio/7.0/toolchain/arm/arm-gnu-toolchain/bin/../lib/gcc/arm-none-eabi/4.9.3/armv7e-m/crtbegin.o
 *(SORT(.fini_array.*))
                0x00405fcc                __fini_array_end = .
 *crtbegin.o(.dtors)
 *(EXCLUDE_FILE(*crtend.o) .dtors)
 *(SORT(.dtors.*))
 *crtend.o(.dtors)
                0x00405fcc                . = ALIGN (0x4)
                0x00405fcc                _efixed = .
                0x00405fcc                PROVIDE (__exidx_start, .)

.vfp11_veneer   0x00405fcc        0x0
 .vfp11_veneer  0x00000000        0x0 linker stubs

.v4_bx          0x00405fcc        0x0
 .v4_bx         0x00000000        0x0 linker stubs

.iplt           0x00405fcc        0x0
 .iplt          0x00000000        0x0 c:/program files/atmel/studio/7.0/toolchain/arm/arm-gnu-toolchain/bin/../lib/gcc/arm-none-eabi/4.9.3/armv7e-m/crtbegin.o

.ARM.exidx      0x00405fcc        0x8
 *(.ARM.exidx* .gnu.linkonce.armexidx.*)
 .ARM.exidx     0x00405fcc        0x8 c:/program files/atmel/studio/7.0/toolchain/arm/arm-gnu-toolchain/bin/../lib/gcc/arm-none-eabi/4.9.3/armv7e-m\libgcc.a(_divdi3.o)
 .ARM.exidx     0x00405fd4        0x0 c:/program files/atmel/studio/7.0/toolchain/arm/arm-gnu-toolchain/bin/../lib/gcc/arm-none-eabi/4.9.3/armv7e-m\libgcc.a(_udivdi3.o)
                                  0x8 (size before relaxing)
                0x00405fd4                PROVIDE (__exidx_end, .)

.eh_frame       0x00405fd4        0x0
 .eh_frame      0x00405fd4        0x0 c:/program files/atmel/studio/7.0/toolchain/arm/arm-gnu-toolchain/bin/../lib/gcc/arm-none-eabi/4.9.3/armv7e-m/crtbegin.o

.rel.dyn        0x00405fd4        0x0
 .rel.iplt      0x00000000        0x0 c:/program files/atmel/studio/7.0/toolchain/arm/arm-gnu-toolchain/bin/../lib/gcc/arm-none-eabi/4.9.3/armv7e-m/crtbegin.o

.jcr            0x00405fd4        0x0
 .jcr           0x00405fd4        0x0 c:/program files/atmel/studio/7.0/toolchain/arm/arm-gnu-toolchain/bin/../lib/gcc/arm-none-eabi/4.9.3/armv7e-m/crtbegin.o

.igot.plt       0x00405fd4        0x0
 .igot.plt      0x00000000        0x0 c:/program files/atmel/studio/7.0/toolchain/arm/arm-gnu-toolchain/bin/../lib/gcc/arm-none-eabi/4.9.3/armv7e-m/crtbegin.o
                0x00405fd4                . = ALIGN (0x4)
                0x00405fd4                _etext = .

.relocate       0x20000000      0x87c load address 0x00405fd4
                0x20000000                . = ALIGN (0x4)
                0x20000000                _srelocate = .
 *(.ramfunc .ramfunc.*)
 *(.data .data.*)
 .data.SystemCoreClock
                0x20000000        0x4 src/ASF/sam/utils/cmsis/sam4s/source/templates/system_sam4s.o
                0x20000000                SystemCoreClock
 *fill*         0x20000004        0x4 
 .data.impure_data
                0x20000008      0x428 c:/program files/atmel/studio/7.0/toolchain/arm/arm-gnu-toolchain/bin/../lib/gcc/arm-none-eabi/4.9.3/../../../../arm-none-eabi/lib/armv7e-m\libc.a(lib_a-impure.o)
 .data._impure_ptr
                0x20000430        0x4 c:/program files/atmel/studio/7.0/toolchain/arm/arm-gnu-toolchain/bin/../lib/gcc/arm-none-eabi/4.9.3/../../../../arm-none-eabi/lib/armv7e-m\libc.a(lib_a-impure.o)
                0x20000430                _impure_ptr
 .data.lconv    0x20000434       0x38 c:/program files/atmel/studio/7.0/toolchain/arm/arm-gnu-toolchain/bin/../lib/gcc/arm-none-eabi/4.9.3/../../../../arm-none-eabi/lib/armv7e-m\libc.a(lib_a-locale.o)
 .data.__malloc_av_
                0x2000046c      0x408 c:/program files/atmel/studio/7.0/toolchain/arm/arm-gnu-toolchain/bin/../lib/gcc/arm-none-eabi/4.9.3/../../../../arm-none-eabi/lib/armv7e-m\libc.a(lib_a-mallocr.o)
                0x2000046c                __malloc_av_
 .data.__malloc_trim_threshold
                0x20000874        0x4 c:/program files/atmel/studio/7.0/toolchain/arm/arm-gnu-toolchain/bin/../lib/gcc/arm-none-eabi/4.9.3/../../../../arm-none-eabi/lib/armv7e-m\libc.a(lib_a-mallocr.o)
                0x20000874                __malloc_trim_threshold
 .data.__malloc_sbrk_base
                0x20000878        0x4 c:/program files/atmel/studio/7.0/toolchain/arm/arm-gnu-toolchain/bin/../lib/gcc/arm-none-eabi/4.9.3/../../../../arm-none-eabi/lib/armv7e-m\libc.a(lib_a-mallocr.o)
                0x20000878                __malloc_sbrk_base
                0x2000087c                . = ALIGN (0x4)
                0x2000087c                _erelocate = .

.bss            0x2000087c      0x128 load address 0x00406850
                0x2000087c                . = ALIGN (0x4)
                0x2000087c                _sbss = .
                0x2000087c                _szero = .
 *(.bss .bss.*)
 .bss           0x2000087c       0x1c c:/program files/atmel/studio/7.0/toolchain/arm/arm-gnu-toolchain/bin/../lib/gcc/arm-none-eabi/4.9.3/armv7e-m/crtbegin.o
 .bss.gs_interrupt_sources
                0x20000898       0x70 src/ASF/sam/drivers/pio/pio_handler.o
 .bss.gs_ul_nb_sources
                0x20000908        0x4 src/ASF/sam/drivers/pio/pio_handler.o
 .bss.pio_capture_handler
                0x2000090c        0x4 src/ASF/sam/drivers/pio/pio_handler.o
 .bss.heap.5212
                0x20000910        0x4 src/ASF/sam/utils/syscalls/gcc/syscalls.o
 .bss.sec       0x20000914        0x4 src/main.o
                0x20000914                sec
 .bss.__malloc_max_total_mem
                0x20000918        0x4 c:/program files/atmel/studio/7.0/toolchain/arm/arm-gnu-toolchain/bin/../lib/gcc/arm-none-eabi/4.9.3/../../../../arm-none-eabi/lib/armv7e-m\libc.a(lib_a-mallocr.o)
                0x20000918                __malloc_max_total_mem
 .bss.__malloc_max_sbrked_mem
                0x2000091c        0x4 c:/program files/atmel/studio/7.0/toolchain/arm/arm-gnu-toolchain/bin/../lib/gcc/arm-none-eabi/4.9.3/../../../../arm-none-eabi/lib/armv7e-m\libc.a(lib_a-mallocr.o)
                0x2000091c                __malloc_max_sbrked_mem
 .bss.__malloc_top_pad
                0x20000920        0x4 c:/program files/atmel/studio/7.0/toolchain/arm/arm-gnu-toolchain/bin/../lib/gcc/arm-none-eabi/4.9.3/../../../../arm-none-eabi/lib/armv7e-m\libc.a(lib_a-mallocr.o)
                0x20000920                __malloc_top_pad
 .bss.__malloc_current_mallinfo
                0x20000924       0x28 c:/program files/atmel/studio/7.0/toolchain/arm/arm-gnu-toolchain/bin/../lib/gcc/arm-none-eabi/4.9.3/../../../../arm-none-eabi/lib/armv7e-m\libc.a(lib_a-mallocr.o)
                0x20000924                __malloc_current_mallinfo
 *(COMMON)
 COMMON         0x2000094c        0x4 src/ASF/sam/drivers/pio/pio.o
                0x2000094c                pio_capture_enable_flag
 COMMON         0x20000950       0x50 src/main.o
                0x20000950                string1
 COMMON         0x200009a0        0x4 c:/program files/atmel/studio/7.0/toolchain/arm/arm-gnu-toolchain/bin/../lib/gcc/arm-none-eabi/4.9.3/../../../../arm-none-eabi/lib/armv7e-m\libc.a(lib_a-reent.o)
                0x200009a0                errno
                0x200009a4                . = ALIGN (0x4)
                0x200009a4                _ebss = .
                0x200009a4                _ezero = .

.stack          0x200009a4     0x3004 load address 0x00406978
                0x200009a8                . = ALIGN (0x8)
 *fill*         0x200009a4        0x4 
                0x200009a8                _sstack = .
                0x200039a8                . = (. + __stack_size__)
 *fill*         0x200009a8     0x3000 
                0x200039a8                . = ALIGN (0x8)
                0x200039a8                _estack = .
                0x200039a8                . = ALIGN (0x4)
                0x200039a8                _end = .
OUTPUT(Timer-Counter.elf elf32-littlearm)

.ARM.attributes
                0x00000000       0x2a
 .ARM.attributes
                0x00000000       0x1e c:/program files/atmel/studio/7.0/toolchain/arm/arm-gnu-toolchain/bin/../lib/gcc/arm-none-eabi/4.9.3/armv7e-m/crti.o
 .ARM.attributes
                0x0000001e       0x2e c:/program files/atmel/studio/7.0/toolchain/arm/arm-gnu-toolchain/bin/../lib/gcc/arm-none-eabi/4.9.3/armv7e-m/crtbegin.o
 .ARM.attributes
                0x0000004c       0x33 src/ASF/common/services/clock/sam4s/sysclk.o
 .ARM.attributes
                0x0000007f       0x33 src/ASF/sam/drivers/pio/pio.o
 .ARM.attributes
                0x000000b2       0x33 src/ASF/sam/drivers/pio/pio_handler.o
 .ARM.attributes
                0x000000e5       0x33 src/ASF/sam/drivers/pmc/pmc.o
 .ARM.attributes
                0x00000118       0x33 src/ASF/sam/drivers/tc/tc.o
 .ARM.attributes
                0x0000014b       0x33 src/ASF/sam/utils/cmsis/sam4s/source/templates/gcc/startup_sam4s.o
 .ARM.attributes
                0x0000017e       0x33 src/ASF/sam/utils/cmsis/sam4s/source/templates/system_sam4s.o
 .ARM.attributes
                0x000001b1       0x33 src/ASF/sam/utils/syscalls/gcc/syscalls.o
 .ARM.attributes
                0x000001e4       0x33 src/main.o
 .ARM.attributes
                0x00000217       0x2e c:/program files/atmel/studio/7.0/toolchain/arm/arm-gnu-toolchain/bin/../lib/gcc/arm-none-eabi/4.9.3/../../../../arm-none-eabi/lib/armv7e-m\libc.a(lib_a-impure.o)
 .ARM.attributes
                0x00000245       0x2e c:/program files/atmel/studio/7.0/toolchain/arm/arm-gnu-toolchain/bin/../lib/gcc/arm-none-eabi/4.9.3/../../../../arm-none-eabi/lib/armv7e-m\libc.a(lib_a-init.o)
 .ARM.attributes
                0x00000273       0x2e c:/program files/atmel/studio/7.0/toolchain/arm/arm-gnu-toolchain/bin/../lib/gcc/arm-none-eabi/4.9.3/../../../../arm-none-eabi/lib/armv7e-m\libc.a(lib_a-memset.o)
 .ARM.attributes
                0x000002a1       0x2e c:/program files/atmel/studio/7.0/toolchain/arm/arm-gnu-toolchain/bin/../lib/gcc/arm-none-eabi/4.9.3/../../../../arm-none-eabi/lib/armv7e-m\libc.a(lib_a-sprintf.o)
 .ARM.attributes
                0x000002cf       0x2e c:/program files/atmel/studio/7.0/toolchain/arm/arm-gnu-toolchain/bin/../lib/gcc/arm-none-eabi/4.9.3/../../../../arm-none-eabi/lib/armv7e-m\libc.a(lib_a-svfprintf.o)
 .ARM.attributes
                0x000002fd       0x2e c:/program files/atmel/studio/7.0/toolchain/arm/arm-gnu-toolchain/bin/../lib/gcc/arm-none-eabi/4.9.3/../../../../arm-none-eabi/lib/armv7e-m\libc.a(lib_a-__call_atexit.o)
 .ARM.attributes
                0x0000032b       0x2e c:/program files/atmel/studio/7.0/toolchain/arm/arm-gnu-toolchain/bin/../lib/gcc/arm-none-eabi/4.9.3/../../../../arm-none-eabi/lib/armv7e-m\libc.a(lib_a-atexit.o)
 .ARM.attributes
                0x00000359       0x2e c:/program files/atmel/studio/7.0/toolchain/arm/arm-gnu-toolchain/bin/../lib/gcc/arm-none-eabi/4.9.3/../../../../arm-none-eabi/lib/armv7e-m\libc.a(lib_a-dtoa.o)
 .ARM.attributes
                0x00000387       0x2e c:/program files/atmel/studio/7.0/toolchain/arm/arm-gnu-toolchain/bin/../lib/gcc/arm-none-eabi/4.9.3/../../../../arm-none-eabi/lib/armv7e-m\libc.a(lib_a-fini.o)
 .ARM.attributes
                0x000003b5       0x2e c:/program files/atmel/studio/7.0/toolchain/arm/arm-gnu-toolchain/bin/../lib/gcc/arm-none-eabi/4.9.3/../../../../arm-none-eabi/lib/armv7e-m\libc.a(lib_a-freer.o)
 .ARM.attributes
                0x000003e3       0x2e c:/program files/atmel/studio/7.0/toolchain/arm/arm-gnu-toolchain/bin/../lib/gcc/arm-none-eabi/4.9.3/../../../../arm-none-eabi/lib/armv7e-m\libc.a(lib_a-locale.o)
 .ARM.attributes
                0x00000411       0x2e c:/program files/atmel/studio/7.0/toolchain/arm/arm-gnu-toolchain/bin/../lib/gcc/arm-none-eabi/4.9.3/../../../../arm-none-eabi/lib/armv7e-m\libc.a(lib_a-mallocr.o)
 .ARM.attributes
                0x0000043f       0x2e c:/program files/atmel/studio/7.0/toolchain/arm/arm-gnu-toolchain/bin/../lib/gcc/arm-none-eabi/4.9.3/../../../../arm-none-eabi/lib/armv7e-m\libc.a(lib_a-memchr.o)
 .ARM.attributes
                0x0000046d       0x1c c:/program files/atmel/studio/7.0/toolchain/arm/arm-gnu-toolchain/bin/../lib/gcc/arm-none-eabi/4.9.3/../../../../arm-none-eabi/lib/armv7e-m\libc.a(lib_a-memcpy.o)
 .ARM.attributes
                0x00000489       0x2e c:/program files/atmel/studio/7.0/toolchain/arm/arm-gnu-toolchain/bin/../lib/gcc/arm-none-eabi/4.9.3/../../../../arm-none-eabi/lib/armv7e-m\libc.a(lib_a-memmove.o)
 .ARM.attributes
                0x000004b7       0x2e c:/program files/atmel/studio/7.0/toolchain/arm/arm-gnu-toolchain/bin/../lib/gcc/arm-none-eabi/4.9.3/../../../../arm-none-eabi/lib/armv7e-m\libc.a(lib_a-mlock.o)
 .ARM.attributes
                0x000004e5       0x2e c:/program files/atmel/studio/7.0/toolchain/arm/arm-gnu-toolchain/bin/../lib/gcc/arm-none-eabi/4.9.3/../../../../arm-none-eabi/lib/armv7e-m\libc.a(lib_a-mprec.o)
 .ARM.attributes
                0x00000513       0x2e c:/program files/atmel/studio/7.0/toolchain/arm/arm-gnu-toolchain/bin/../lib/gcc/arm-none-eabi/4.9.3/../../../../arm-none-eabi/lib/armv7e-m\libc.a(lib_a-reallocr.o)
 .ARM.attributes
                0x00000541       0x2e c:/program files/atmel/studio/7.0/toolchain/arm/arm-gnu-toolchain/bin/../lib/gcc/arm-none-eabi/4.9.3/../../../../arm-none-eabi/lib/armv7e-m\libc.a(lib_a-s_fpclassify.o)
 .ARM.attributes
                0x0000056f       0x2e c:/program files/atmel/studio/7.0/toolchain/arm/arm-gnu-toolchain/bin/../lib/gcc/arm-none-eabi/4.9.3/../../../../arm-none-eabi/lib/armv7e-m\libc.a(lib_a-sbrkr.o)
 .ARM.attributes
                0x0000059d       0x2e c:/program files/atmel/studio/7.0/toolchain/arm/arm-gnu-toolchain/bin/../lib/gcc/arm-none-eabi/4.9.3/../../../../arm-none-eabi/lib/armv7e-m\libc.a(lib_a-strlen.o)
 .ARM.attributes
                0x000005cb       0x2e c:/program files/atmel/studio/7.0/toolchain/arm/arm-gnu-toolchain/bin/../lib/gcc/arm-none-eabi/4.9.3/../../../../arm-none-eabi/lib/armv7e-m\libc.a(lib_a-svfiprintf.o)
 .ARM.attributes
                0x000005f9       0x2e c:/program files/atmel/studio/7.0/toolchain/arm/arm-gnu-toolchain/bin/../lib/gcc/arm-none-eabi/4.9.3/../../../../arm-none-eabi/lib/armv7e-m\libc.a(lib_a-__atexit.o)
 .ARM.attributes
                0x00000627       0x2e c:/program files/atmel/studio/7.0/toolchain/arm/arm-gnu-toolchain/bin/../lib/gcc/arm-none-eabi/4.9.3/../../../../arm-none-eabi/lib/armv7e-m\libc.a(lib_a-callocr.o)
 .ARM.attributes
                0x00000655       0x2e c:/program files/atmel/studio/7.0/toolchain/arm/arm-gnu-toolchain/bin/../lib/gcc/arm-none-eabi/4.9.3/../../../../arm-none-eabi/lib/armv7e-m\libc.a(lib_a-reent.o)
 .ARM.attributes
                0x00000683       0x1e c:/program files/atmel/studio/7.0/toolchain/arm/arm-gnu-toolchain/bin/../lib/gcc/arm-none-eabi/4.9.3/armv7e-m\libgcc.a(_arm_addsubdf3.o)
 .ARM.attributes
                0x000006a1       0x1e c:/program files/atmel/studio/7.0/toolchain/arm/arm-gnu-toolchain/bin/../lib/gcc/arm-none-eabi/4.9.3/armv7e-m\libgcc.a(_arm_muldivdf3.o)
 .ARM.attributes
                0x000006bf       0x1e c:/program files/atmel/studio/7.0/toolchain/arm/arm-gnu-toolchain/bin/../lib/gcc/arm-none-eabi/4.9.3/armv7e-m\libgcc.a(_arm_cmpdf2.o)
 .ARM.attributes
                0x000006dd       0x1e c:/program files/atmel/studio/7.0/toolchain/arm/arm-gnu-toolchain/bin/../lib/gcc/arm-none-eabi/4.9.3/armv7e-m\libgcc.a(_arm_fixdfsi.o)
 .ARM.attributes
                0x000006fb       0x1e c:/program files/atmel/studio/7.0/toolchain/arm/arm-gnu-toolchain/bin/../lib/gcc/arm-none-eabi/4.9.3/armv7e-m\libgcc.a(_aeabi_uldivmod.o)
 .ARM.attributes
                0x00000719       0x2e c:/program files/atmel/studio/7.0/toolchain/arm/arm-gnu-toolchain/bin/../lib/gcc/arm-none-eabi/4.9.3/armv7e-m\libgcc.a(bpabi.o)
 .ARM.attributes
                0x00000747       0x1e c:/program files/atmel/studio/7.0/toolchain/arm/arm-gnu-toolchain/bin/../lib/gcc/arm-none-eabi/4.9.3/armv7e-m\libgcc.a(_dvmd_tls.o)
 .ARM.attributes
                0x00000765       0x2e c:/program files/atmel/studio/7.0/toolchain/arm/arm-gnu-toolchain/bin/../lib/gcc/arm-none-eabi/4.9.3/armv7e-m\libgcc.a(_divdi3.o)
 .ARM.attributes
                0x00000793       0x2e c:/program files/atmel/studio/7.0/toolchain/arm/arm-gnu-toolchain/bin/../lib/gcc/arm-none-eabi/4.9.3/armv7e-m\libgcc.a(_udivdi3.o)
 .ARM.attributes
                0x000007c1       0x1e c:/program files/atmel/studio/7.0/toolchain/arm/arm-gnu-toolchain/bin/../lib/gcc/arm-none-eabi/4.9.3/armv7e-m/crtn.o

.comment        0x00000000       0x5b
 .comment       0x00000000       0x5b src/ASF/common/services/clock/sam4s/sysclk.o
                                 0x5c (size before relaxing)
 .comment       0x00000000       0x5c src/ASF/sam/drivers/pio/pio.o
 .comment       0x00000000       0x5c src/ASF/sam/drivers/pio/pio_handler.o
 .comment       0x00000000       0x5c src/ASF/sam/drivers/pmc/pmc.o
 .comment       0x00000000       0x5c src/ASF/sam/drivers/tc/tc.o
 .comment       0x00000000       0x5c src/ASF/sam/utils/cmsis/sam4s/source/templates/gcc/startup_sam4s.o
 .comment       0x00000000       0x5c src/ASF/sam/utils/cmsis/sam4s/source/templates/system_sam4s.o
 .comment       0x00000000       0x5c src/ASF/sam/utils/syscalls/gcc/syscalls.o
 .comment       0x00000000       0x5c src/main.o

.debug_info     0x00000000     0x6886
 .debug_info    0x00000000      0x68d src/ASF/common/services/clock/sam4s/sysclk.o
 .debug_info    0x0000068d     0x136b src/ASF/sam/drivers/pio/pio.o
 .debug_info    0x000019f8      0xdde src/ASF/sam/drivers/pio/pio_handler.o
 .debug_info    0x000027d6     0x10ba src/ASF/sam/drivers/pmc/pmc.o
 .debug_info    0x00003890      0x93f src/ASF/sam/drivers/tc/tc.o
 .debug_info    0x000041cf      0x681 src/ASF/sam/utils/cmsis/sam4s/source/templates/gcc/startup_sam4s.o
 .debug_info    0x00004850      0x46d src/ASF/sam/utils/cmsis/sam4s/source/templates/system_sam4s.o
 .debug_info    0x00004cbd      0x434 src/ASF/sam/utils/syscalls/gcc/syscalls.o
 .debug_info    0x000050f1     0x1795 src/main.o

.debug_abbrev   0x00000000      0xf51
 .debug_abbrev  0x00000000      0x1b4 src/ASF/common/services/clock/sam4s/sysclk.o
 .debug_abbrev  0x000001b4      0x1c4 src/ASF/sam/drivers/pio/pio.o
 .debug_abbrev  0x00000378      0x229 src/ASF/sam/drivers/pio/pio_handler.o
 .debug_abbrev  0x000005a1      0x20d src/ASF/sam/drivers/pmc/pmc.o
 .debug_abbrev  0x000007ae      0x158 src/ASF/sam/drivers/tc/tc.o
 .debug_abbrev  0x00000906      0x15f src/ASF/sam/utils/cmsis/sam4s/source/templates/gcc/startup_sam4s.o
 .debug_abbrev  0x00000a65       0xf5 src/ASF/sam/utils/cmsis/sam4s/source/templates/system_sam4s.o
 .debug_abbrev  0x00000b5a      0x11d src/ASF/sam/utils/syscalls/gcc/syscalls.o
 .debug_abbrev  0x00000c77      0x2da src/main.o

.debug_loc      0x00000000     0x3d7c
 .debug_loc     0x00000000      0x424 src/ASF/common/services/clock/sam4s/sysclk.o
 .debug_loc     0x00000424     0x1174 src/ASF/sam/drivers/pio/pio.o
 .debug_loc     0x00001598      0x390 src/ASF/sam/drivers/pio/pio_handler.o
 .debug_loc     0x00001928     0x1450 src/ASF/sam/drivers/pmc/pmc.o
 .debug_loc     0x00002d78      0x844 src/ASF/sam/drivers/tc/tc.o
 .debug_loc     0x000035bc       0x64 src/ASF/sam/utils/cmsis/sam4s/source/templates/gcc/startup_sam4s.o
 .debug_loc     0x00003620       0xe4 src/ASF/sam/utils/cmsis/sam4s/source/templates/system_sam4s.o
 .debug_loc     0x00003704      0x300 src/ASF/sam/utils/syscalls/gcc/syscalls.o
 .debug_loc     0x00003a04      0x378 src/main.o

.debug_aranges  0x00000000      0x6b0
 .debug_aranges
                0x00000000       0x88 src/ASF/common/services/clock/sam4s/sysclk.o
 .debug_aranges
                0x00000088      0x1a8 src/ASF/sam/drivers/pio/pio.o
 .debug_aranges
                0x00000230       0x78 src/ASF/sam/drivers/pio/pio_handler.o
 .debug_aranges
                0x000002a8      0x208 src/ASF/sam/drivers/pmc/pmc.o
 .debug_aranges
                0x000004b0       0xd0 src/ASF/sam/drivers/tc/tc.o
 .debug_aranges
                0x00000580       0x28 src/ASF/sam/utils/cmsis/sam4s/source/templates/gcc/startup_sam4s.o
 .debug_aranges
                0x000005a8       0x30 src/ASF/sam/utils/cmsis/sam4s/source/templates/system_sam4s.o
 .debug_aranges
                0x000005d8       0x60 src/ASF/sam/utils/syscalls/gcc/syscalls.o
 .debug_aranges
                0x00000638       0x78 src/main.o

.debug_ranges   0x00000000      0x620
 .debug_ranges  0x00000000       0x78 src/ASF/common/services/clock/sam4s/sysclk.o
 .debug_ranges  0x00000078      0x198 src/ASF/sam/drivers/pio/pio.o
 .debug_ranges  0x00000210       0x68 src/ASF/sam/drivers/pio/pio_handler.o
 .debug_ranges  0x00000278      0x1f8 src/ASF/sam/drivers/pmc/pmc.o
 .debug_ranges  0x00000470       0xc0 src/ASF/sam/drivers/tc/tc.o
 .debug_ranges  0x00000530       0x18 src/ASF/sam/utils/cmsis/sam4s/source/templates/gcc/startup_sam4s.o
 .debug_ranges  0x00000548       0x20 src/ASF/sam/utils/cmsis/sam4s/source/templates/system_sam4s.o
 .debug_ranges  0x00000568       0x50 src/ASF/sam/utils/syscalls/gcc/syscalls.o
 .debug_ranges  0x000005b8       0x68 src/main.o

.debug_macro    0x00000000    0x1159d
 .debug_macro   0x00000000      0x522 src/ASF/common/services/clock/sam4s/sysclk.o
 .debug_macro   0x00000522      0x89e src/ASF/common/services/clock/sam4s/sysclk.o
 .debug_macro   0x00000dc0      0x636 src/ASF/common/services/clock/sam4s/sysclk.o
 .debug_macro   0x000013f6       0x28 src/ASF/common/services/clock/sam4s/sysclk.o
 .debug_macro   0x0000141e      0x166 src/ASF/common/services/clock/sam4s/sysclk.o
 .debug_macro   0x00001584       0x76 src/ASF/common/services/clock/sam4s/sysclk.o
 .debug_macro   0x000015fa       0x16 src/ASF/common/services/clock/sam4s/sysclk.o
 .debug_macro   0x00001610      0x6e4 src/ASF/common/services/clock/sam4s/sysclk.o
 .debug_macro   0x00001cf4       0x22 src/ASF/common/services/clock/sam4s/sysclk.o
 .debug_macro   0x00001d16       0x44 src/ASF/common/services/clock/sam4s/sysclk.o
 .debug_macro   0x00001d5a       0x58 src/ASF/common/services/clock/sam4s/sysclk.o
 .debug_macro   0x00001db2       0x22 src/ASF/common/services/clock/sam4s/sysclk.o
 .debug_macro   0x00001dd4      0x1df src/ASF/common/services/clock/sam4s/sysclk.o
 .debug_macro   0x00001fb3       0x27 src/ASF/common/services/clock/sam4s/sysclk.o
 .debug_macro   0x00001fda       0x3b src/ASF/common/services/clock/sam4s/sysclk.o
 .debug_macro   0x00002015       0x2d src/ASF/common/services/clock/sam4s/sysclk.o
 .debug_macro   0x00002042       0x26 src/ASF/common/services/clock/sam4s/sysclk.o
 .debug_macro   0x00002068      0xbbf src/ASF/common/services/clock/sam4s/sysclk.o
 .debug_macro   0x00002c27      0x159 src/ASF/common/services/clock/sam4s/sysclk.o
 .debug_macro   0x00002d80      0xaaf src/ASF/common/services/clock/sam4s/sysclk.o
 .debug_macro   0x0000382f      0x284 src/ASF/common/services/clock/sam4s/sysclk.o
 .debug_macro   0x00003ab3      0x11e src/ASF/common/services/clock/sam4s/sysclk.o
 .debug_macro   0x00003bd1       0xac src/ASF/common/services/clock/sam4s/sysclk.o
 .debug_macro   0x00003c7d      0x401 src/ASF/common/services/clock/sam4s/sysclk.o
 .debug_macro   0x0000407e      0x106 src/ASF/common/services/clock/sam4s/sysclk.o
 .debug_macro   0x00004184       0x1c src/ASF/common/services/clock/sam4s/sysclk.o
 .debug_macro   0x000041a0      0x738 src/ASF/common/services/clock/sam4s/sysclk.o
 .debug_macro   0x000048d8      0x2d2 src/ASF/common/services/clock/sam4s/sysclk.o
 .debug_macro   0x00004baa       0xbe src/ASF/common/services/clock/sam4s/sysclk.o
 .debug_macro   0x00004c68     0x280b src/ASF/common/services/clock/sam4s/sysclk.o
 .debug_macro   0x00007473      0x777 src/ASF/common/services/clock/sam4s/sysclk.o
 .debug_macro   0x00007bea      0xa8e src/ASF/common/services/clock/sam4s/sysclk.o
 .debug_macro   0x00008678       0x9a src/ASF/common/services/clock/sam4s/sysclk.o
 .debug_macro   0x00008712      0x3d8 src/ASF/common/services/clock/sam4s/sysclk.o
 .debug_macro   0x00008aea       0x64 src/ASF/common/services/clock/sam4s/sysclk.o
 .debug_macro   0x00008b4e      0x1ae src/ASF/common/services/clock/sam4s/sysclk.o
 .debug_macro   0x00008cfc      0x386 src/ASF/common/services/clock/sam4s/sysclk.o
 .debug_macro   0x00009082      0x624 src/ASF/common/services/clock/sam4s/sysclk.o
 .debug_macro   0x000096a6      0x690 src/ASF/common/services/clock/sam4s/sysclk.o
 .debug_macro   0x00009d36      0x59f src/ASF/common/services/clock/sam4s/sysclk.o
 .debug_macro   0x0000a2d5      0x34d src/ASF/common/services/clock/sam4s/sysclk.o
 .debug_macro   0x0000a622      0x28c src/ASF/common/services/clock/sam4s/sysclk.o
 .debug_macro   0x0000a8ae      0x2d6 src/ASF/common/services/clock/sam4s/sysclk.o
 .debug_macro   0x0000ab84      0x6d9 src/ASF/common/services/clock/sam4s/sysclk.o
 .debug_macro   0x0000b25d       0x76 src/ASF/common/services/clock/sam4s/sysclk.o
 .debug_macro   0x0000b2d3       0xb8 src/ASF/common/services/clock/sam4s/sysclk.o
 .debug_macro   0x0000b38b       0xb2 src/ASF/common/services/clock/sam4s/sysclk.o
 .debug_macro   0x0000b43d       0x88 src/ASF/common/services/clock/sam4s/sysclk.o
 .debug_macro   0x0000b4c5      0x105 src/ASF/common/services/clock/sam4s/sysclk.o
 .debug_macro   0x0000b5ca      0x105 src/ASF/common/services/clock/sam4s/sysclk.o
 .debug_macro   0x0000b6cf       0x88 src/ASF/common/services/clock/sam4s/sysclk.o
 .debug_macro   0x0000b757       0x88 src/ASF/common/services/clock/sam4s/sysclk.o
 .debug_macro   0x0000b7df      0x2cd src/ASF/common/services/clock/sam4s/sysclk.o
 .debug_macro   0x0000baac       0xb2 src/ASF/common/services/clock/sam4s/sysclk.o
 .debug_macro   0x0000bb5e       0xb2 src/ASF/common/services/clock/sam4s/sysclk.o
 .debug_macro   0x0000bc10       0x52 src/ASF/common/services/clock/sam4s/sysclk.o
 .debug_macro   0x0000bc62       0xac src/ASF/common/services/clock/sam4s/sysclk.o
 .debug_macro   0x0000bd0e       0x7c src/ASF/common/services/clock/sam4s/sysclk.o
 .debug_macro   0x0000bd8a       0x40 src/ASF/common/services/clock/sam4s/sysclk.o
 .debug_macro   0x0000bdca       0x64 src/ASF/common/services/clock/sam4s/sysclk.o
 .debug_macro   0x0000be2e       0x46 src/ASF/common/services/clock/sam4s/sysclk.o
 .debug_macro   0x0000be74       0x88 src/ASF/common/services/clock/sam4s/sysclk.o
 .debug_macro   0x0000befc       0x4c src/ASF/common/services/clock/sam4s/sysclk.o
 .debug_macro   0x0000bf48       0xa6 src/ASF/common/services/clock/sam4s/sysclk.o
 .debug_macro   0x0000bfee       0x7c src/ASF/common/services/clock/sam4s/sysclk.o
 .debug_macro   0x0000c06a       0x16 src/ASF/common/services/clock/sam4s/sysclk.o
 .debug_macro   0x0000c080       0x7c src/ASF/common/services/clock/sam4s/sysclk.o
 .debug_macro   0x0000c0fc       0x22 src/ASF/common/services/clock/sam4s/sysclk.o
 .debug_macro   0x0000c11e       0x22 src/ASF/common/services/clock/sam4s/sysclk.o
 .debug_macro   0x0000c140      0x195 src/ASF/common/services/clock/sam4s/sysclk.o
 .debug_macro   0x0000c2d5      0x165 src/ASF/common/services/clock/sam4s/sysclk.o
 .debug_macro   0x0000c43a      0x165 src/ASF/common/services/clock/sam4s/sysclk.o
 .debug_macro   0x0000c59f       0x1c src/ASF/common/services/clock/sam4s/sysclk.o
 .debug_macro   0x0000c5bb       0x2e src/ASF/common/services/clock/sam4s/sysclk.o
 .debug_macro   0x0000c5e9       0x22 src/ASF/common/services/clock/sam4s/sysclk.o
 .debug_macro   0x0000c60b       0x1c src/ASF/common/services/clock/sam4s/sysclk.o
 .debug_macro   0x0000c627       0x52 src/ASF/common/services/clock/sam4s/sysclk.o
 .debug_macro   0x0000c679       0x10 src/ASF/common/services/clock/sam4s/sysclk.o
 .debug_macro   0x0000c689      0x234 src/ASF/common/services/clock/sam4s/sysclk.o
 .debug_macro   0x0000c8bd      0x938 src/ASF/common/services/clock/sam4s/sysclk.o
 .debug_macro   0x0000d1f5      0x12a src/ASF/common/services/clock/sam4s/sysclk.o
 .debug_macro   0x0000d31f       0x58 src/ASF/common/services/clock/sam4s/sysclk.o
 .debug_macro   0x0000d377       0x35 src/ASF/common/services/clock/sam4s/sysclk.o
 .debug_macro   0x0000d3ac       0x9c src/ASF/common/services/clock/sam4s/sysclk.o
 .debug_macro   0x0000d448       0x16 src/ASF/common/services/clock/sam4s/sysclk.o
 .debug_macro   0x0000d45e       0x35 src/ASF/common/services/clock/sam4s/sysclk.o
 .debug_macro   0x0000d493      0x29d src/ASF/common/services/clock/sam4s/sysclk.o
 .debug_macro   0x0000d730       0x10 src/ASF/common/services/clock/sam4s/sysclk.o
 .debug_macro   0x0000d740       0x52 src/ASF/common/services/clock/sam4s/sysclk.o
 .debug_macro   0x0000d792       0x16 src/ASF/common/services/clock/sam4s/sysclk.o
 .debug_macro   0x0000d7a8       0x43 src/ASF/common/services/clock/sam4s/sysclk.o
 .debug_macro   0x0000d7eb      0x180 src/ASF/common/services/clock/sam4s/sysclk.o
 .debug_macro   0x0000d96b       0x10 src/ASF/common/services/clock/sam4s/sysclk.o
 .debug_macro   0x0000d97b       0x22 src/ASF/common/services/clock/sam4s/sysclk.o
 .debug_macro   0x0000d99d       0xbe src/ASF/common/services/clock/sam4s/sysclk.o
 .debug_macro   0x0000da5b       0x16 src/ASF/common/services/clock/sam4s/sysclk.o
 .debug_macro   0x0000da71      0x197 src/ASF/common/services/clock/sam4s/sysclk.o
 .debug_macro   0x0000dc08       0x22 src/ASF/common/services/clock/sam4s/sysclk.o
 .debug_macro   0x0000dc2a       0x16 src/ASF/common/services/clock/sam4s/sysclk.o
 .debug_macro   0x0000dc40       0x16 src/ASF/common/services/clock/sam4s/sysclk.o
 .debug_macro   0x0000dc56       0x29 src/ASF/common/services/clock/sam4s/sysclk.o
 .debug_macro   0x0000dc7f       0x6e src/ASF/common/services/clock/sam4s/sysclk.o
 .debug_macro   0x0000dced       0x3f src/ASF/common/services/clock/sam4s/sysclk.o
 .debug_macro   0x0000dd2c      0x3ca src/ASF/common/services/clock/sam4s/sysclk.o
 .debug_macro   0x0000e0f6      0x288 src/ASF/common/services/clock/sam4s/sysclk.o
 .debug_macro   0x0000e37e      0xa49 src/ASF/common/services/clock/sam4s/sysclk.o
 .debug_macro   0x0000edc7       0x58 src/ASF/common/services/clock/sam4s/sysclk.o
 .debug_macro   0x0000ee1f       0x64 src/ASF/common/services/clock/sam4s/sysclk.o
 .debug_macro   0x0000ee83       0x46 src/ASF/common/services/clock/sam4s/sysclk.o
 .debug_macro   0x0000eec9       0x90 src/ASF/common/services/clock/sam4s/sysclk.o
 .debug_macro   0x0000ef59      0x4bd src/ASF/sam/drivers/pio/pio.o
 .debug_macro   0x0000f416       0x8e src/ASF/sam/drivers/pio/pio.o
 .debug_macro   0x0000f4a4      0x4c7 src/ASF/sam/drivers/pio/pio_handler.o
 .debug_macro   0x0000f96b      0x4bd src/ASF/sam/drivers/pmc/pmc.o
 .debug_macro   0x0000fe28       0x52 src/ASF/sam/drivers/pmc/pmc.o
 .debug_macro   0x0000fe7a      0x4be src/ASF/sam/drivers/tc/tc.o
 .debug_macro   0x00010338       0x16 src/ASF/sam/drivers/tc/tc.o
 .debug_macro   0x0001034e       0x4a src/ASF/sam/drivers/tc/tc.o
 .debug_macro   0x00010398       0x1c src/ASF/sam/drivers/tc/tc.o
 .debug_macro   0x000103b4      0x316 src/ASF/sam/utils/cmsis/sam4s/source/templates/gcc/startup_sam4s.o
 .debug_macro   0x000106ca      0x31e src/ASF/sam/utils/cmsis/sam4s/source/templates/system_sam4s.o
 .debug_macro   0x000109e8      0x169 src/ASF/sam/utils/syscalls/gcc/syscalls.o
 .debug_macro   0x00010b51       0x97 src/ASF/sam/utils/syscalls/gcc/syscalls.o
 .debug_macro   0x00010be8       0xef src/ASF/sam/utils/syscalls/gcc/syscalls.o
 .debug_macro   0x00010cd7       0x52 src/ASF/sam/utils/syscalls/gcc/syscalls.o
 .debug_macro   0x00010d29       0x16 src/ASF/sam/utils/syscalls/gcc/syscalls.o
 .debug_macro   0x00010d3f       0x10 src/ASF/sam/utils/syscalls/gcc/syscalls.o
 .debug_macro   0x00010d4f       0x10 src/ASF/sam/utils/syscalls/gcc/syscalls.o
 .debug_macro   0x00010d5f       0x10 src/ASF/sam/utils/syscalls/gcc/syscalls.o
 .debug_macro   0x00010d6f       0x35 src/ASF/sam/utils/syscalls/gcc/syscalls.o
 .debug_macro   0x00010da4      0x122 src/ASF/sam/utils/syscalls/gcc/syscalls.o
 .debug_macro   0x00010ec6      0x6a5 src/main.o
 .debug_macro   0x0001156b       0x10 src/main.o
 .debug_macro   0x0001157b       0x22 src/main.o

.debug_line     0x00000000     0x6467
 .debug_line    0x00000000      0xc48 src/ASF/common/services/clock/sam4s/sysclk.o
 .debug_line    0x00000c48      0xe22 src/ASF/sam/drivers/pio/pio.o
 .debug_line    0x00001a6a      0xb16 src/ASF/sam/drivers/pio/pio_handler.o
 .debug_line    0x00002580     0x1009 src/ASF/sam/drivers/pmc/pmc.o
 .debug_line    0x00003589      0xbbb src/ASF/sam/drivers/tc/tc.o
 .debug_line    0x00004144      0x874 src/ASF/sam/utils/cmsis/sam4s/source/templates/gcc/startup_sam4s.o
 .debug_line    0x000049b8      0x89b src/ASF/sam/utils/cmsis/sam4s/source/templates/system_sam4s.o
 .debug_line    0x00005253      0x38a src/ASF/sam/utils/syscalls/gcc/syscalls.o
 .debug_line    0x000055dd      0xe8a src/main.o

.debug_str      0x00000000    0x519d8
 .debug_str     0x00000000    0x4e4f1 src/ASF/common/services/clock/sam4s/sysclk.o
                              0x4e86f (size before relaxing)
 .debug_str     0x0004e4f1      0xbbd src/ASF/sam/drivers/pio/pio.o
                              0x4a821 (size before relaxing)
 .debug_str     0x0004f0ae      0x40b src/ASF/sam/drivers/pio/pio_handler.o
                              0x4a69c (size before relaxing)
 .debug_str     0x0004f4b9      0x6df src/ASF/sam/drivers/pmc/pmc.o
                              0x4a670 (size before relaxing)
 .debug_str     0x0004fb98      0x35f src/ASF/sam/drivers/tc/tc.o
                              0x49f6c (size before relaxing)
 .debug_str     0x0004fef7      0x40e src/ASF/sam/utils/cmsis/sam4s/source/templates/gcc/startup_sam4s.o
                              0x3b47c (size before relaxing)
 .debug_str     0x00050305       0xf1 src/ASF/sam/utils/cmsis/sam4s/source/templates/system_sam4s.o
                              0x3b245 (size before relaxing)
 .debug_str     0x000503f6      0x857 src/ASF/sam/utils/syscalls/gcc/syscalls.o
                               0x6110 (size before relaxing)
 .debug_str     0x00050c4d      0xd8b src/main.o
                              0x4fd52 (size before relaxing)

.debug_frame    0x00000000     0x25c8
 .debug_frame   0x00000000      0x200 src/ASF/common/services/clock/sam4s/sysclk.o
 .debug_frame   0x00000200      0x7c0 src/ASF/sam/drivers/pio/pio.o
 .debug_frame   0x000009c0      0x1c0 src/ASF/sam/drivers/pio/pio_handler.o
 .debug_frame   0x00000b80      0x918 src/ASF/sam/drivers/pmc/pmc.o
 .debug_frame   0x00001498      0x3a8 src/ASF/sam/drivers/tc/tc.o
 .debug_frame   0x00001840       0x48 src/ASF/sam/utils/cmsis/sam4s/source/templates/gcc/startup_sam4s.o
 .debug_frame   0x00001888       0x78 src/ASF/sam/utils/cmsis/sam4s/source/templates/system_sam4s.o
 .debug_frame   0x00001900      0x168 src/ASF/sam/utils/syscalls/gcc/syscalls.o
 .debug_frame   0x00001a68      0x1bc src/main.o
 .debug_frame   0x00001c24       0x2c c:/program files/atmel/studio/7.0/toolchain/arm/arm-gnu-toolchain/bin/../lib/gcc/arm-none-eabi/4.9.3/../../../../arm-none-eabi/lib/armv7e-m\libc.a(lib_a-init.o)
 .debug_frame   0x00001c50       0x34 c:/program files/atmel/studio/7.0/toolchain/arm/arm-gnu-toolchain/bin/../lib/gcc/arm-none-eabi/4.9.3/../../../../arm-none-eabi/lib/armv7e-m\libc.a(lib_a-memset.o)
 .debug_frame   0x00001c84       0x84 c:/program files/atmel/studio/7.0/toolchain/arm/arm-gnu-toolchain/bin/../lib/gcc/arm-none-eabi/4.9.3/../../../../arm-none-eabi/lib/armv7e-m\libc.a(lib_a-sprintf.o)
 .debug_frame   0x00001d08       0x40 c:/program files/atmel/studio/7.0/toolchain/arm/arm-gnu-toolchain/bin/../lib/gcc/arm-none-eabi/4.9.3/../../../../arm-none-eabi/lib/armv7e-m\libc.a(lib_a-svfprintf.o)
 .debug_frame   0x00001d48       0x50 c:/program files/atmel/studio/7.0/toolchain/arm/arm-gnu-toolchain/bin/../lib/gcc/arm-none-eabi/4.9.3/../../../../arm-none-eabi/lib/armv7e-m\libc.a(lib_a-__call_atexit.o)
 .debug_frame   0x00001d98       0x20 c:/program files/atmel/studio/7.0/toolchain/arm/arm-gnu-toolchain/bin/../lib/gcc/arm-none-eabi/4.9.3/../../../../arm-none-eabi/lib/armv7e-m\libc.a(lib_a-atexit.o)
 .debug_frame   0x00001db8       0x88 c:/program files/atmel/studio/7.0/toolchain/arm/arm-gnu-toolchain/bin/../lib/gcc/arm-none-eabi/4.9.3/../../../../arm-none-eabi/lib/armv7e-m\libc.a(lib_a-dtoa.o)
 .debug_frame   0x00001e40       0x34 c:/program files/atmel/studio/7.0/toolchain/arm/arm-gnu-toolchain/bin/../lib/gcc/arm-none-eabi/4.9.3/../../../../arm-none-eabi/lib/armv7e-m\libc.a(lib_a-fini.o)
 .debug_frame   0x00001e74       0x74 c:/program files/atmel/studio/7.0/toolchain/arm/arm-gnu-toolchain/bin/../lib/gcc/arm-none-eabi/4.9.3/../../../../arm-none-eabi/lib/armv7e-m\libc.a(lib_a-freer.o)
 .debug_frame   0x00001ee8       0x9c c:/program files/atmel/studio/7.0/toolchain/arm/arm-gnu-toolchain/bin/../lib/gcc/arm-none-eabi/4.9.3/../../../../arm-none-eabi/lib/armv7e-m\libc.a(lib_a-locale.o)
 .debug_frame   0x00001f84       0x58 c:/program files/atmel/studio/7.0/toolchain/arm/arm-gnu-toolchain/bin/../lib/gcc/arm-none-eabi/4.9.3/../../../../arm-none-eabi/lib/armv7e-m\libc.a(lib_a-mallocr.o)
 .debug_frame   0x00001fdc       0x3c c:/program files/atmel/studio/7.0/toolchain/arm/arm-gnu-toolchain/bin/../lib/gcc/arm-none-eabi/4.9.3/../../../../arm-none-eabi/lib/armv7e-m\libc.a(lib_a-memchr.o)
 .debug_frame   0x00002018       0x30 c:/program files/atmel/studio/7.0/toolchain/arm/arm-gnu-toolchain/bin/../lib/gcc/arm-none-eabi/4.9.3/../../../../arm-none-eabi/lib/armv7e-m\libc.a(lib_a-memmove.o)
 .debug_frame   0x00002048       0x30 c:/program files/atmel/studio/7.0/toolchain/arm/arm-gnu-toolchain/bin/../lib/gcc/arm-none-eabi/4.9.3/../../../../arm-none-eabi/lib/armv7e-m\libc.a(lib_a-mlock.o)
 .debug_frame   0x00002078      0x268 c:/program files/atmel/studio/7.0/toolchain/arm/arm-gnu-toolchain/bin/../lib/gcc/arm-none-eabi/4.9.3/../../../../arm-none-eabi/lib/armv7e-m\libc.a(lib_a-mprec.o)
 .debug_frame   0x000022e0       0x60 c:/program files/atmel/studio/7.0/toolchain/arm/arm-gnu-toolchain/bin/../lib/gcc/arm-none-eabi/4.9.3/../../../../arm-none-eabi/lib/armv7e-m\libc.a(lib_a-reallocr.o)
 .debug_frame   0x00002340       0x34 c:/program files/atmel/studio/7.0/toolchain/arm/arm-gnu-toolchain/bin/../lib/gcc/arm-none-eabi/4.9.3/../../../../arm-none-eabi/lib/armv7e-m\libc.a(lib_a-s_fpclassify.o)
 .debug_frame   0x00002374       0x2c c:/program files/atmel/studio/7.0/toolchain/arm/arm-gnu-toolchain/bin/../lib/gcc/arm-none-eabi/4.9.3/../../../../arm-none-eabi/lib/armv7e-m\libc.a(lib_a-sbrkr.o)
 .debug_frame   0x000023a0       0x20 c:/program files/atmel/studio/7.0/toolchain/arm/arm-gnu-toolchain/bin/../lib/gcc/arm-none-eabi/4.9.3/../../../../arm-none-eabi/lib/armv7e-m\libc.a(lib_a-strlen.o)
 .debug_frame   0x000023c0       0x78 c:/program files/atmel/studio/7.0/toolchain/arm/arm-gnu-toolchain/bin/../lib/gcc/arm-none-eabi/4.9.3/../../../../arm-none-eabi/lib/armv7e-m\libc.a(lib_a-svfiprintf.o)
 .debug_frame   0x00002438       0x34 c:/program files/atmel/studio/7.0/toolchain/arm/arm-gnu-toolchain/bin/../lib/gcc/arm-none-eabi/4.9.3/../../../../arm-none-eabi/lib/armv7e-m\libc.a(lib_a-__atexit.o)
 .debug_frame   0x0000246c       0x28 c:/program files/atmel/studio/7.0/toolchain/arm/arm-gnu-toolchain/bin/../lib/gcc/arm-none-eabi/4.9.3/../../../../arm-none-eabi/lib/armv7e-m\libc.a(lib_a-callocr.o)
 .debug_frame   0x00002494       0x58 c:/program files/atmel/studio/7.0/toolchain/arm/arm-gnu-toolchain/bin/../lib/gcc/arm-none-eabi/4.9.3/../../../../arm-none-eabi/lib/armv7e-m\libc.a(lib_a-reent.o)
 .debug_frame   0x000024ec       0x28 c:/program files/atmel/studio/7.0/toolchain/arm/arm-gnu-toolchain/bin/../lib/gcc/arm-none-eabi/4.9.3/armv7e-m\libgcc.a(_aeabi_uldivmod.o)
 .debug_frame   0x00002514       0x50 c:/program files/atmel/studio/7.0/toolchain/arm/arm-gnu-toolchain/bin/../lib/gcc/arm-none-eabi/4.9.3/armv7e-m\libgcc.a(bpabi.o)
 .debug_frame   0x00002564       0x34 c:/program files/atmel/studio/7.0/toolchain/arm/arm-gnu-toolchain/bin/../lib/gcc/arm-none-eabi/4.9.3/armv7e-m\libgcc.a(_divdi3.o)
 .debug_frame   0x00002598       0x30 c:/program files/atmel/studio/7.0/toolchain/arm/arm-gnu-toolchain/bin/../lib/gcc/arm-none-eabi/4.9.3/armv7e-m\libgcc.a(_udivdi3.o)

Cross Reference Table

Symbol                                            File
ACC_Handler                                       src/ASF/sam/utils/cmsis/sam4s/source/templates/gcc/startup_sam4s.o
ADC_Handler                                       src/ASF/sam/utils/cmsis/sam4s/source/templates/gcc/startup_sam4s.o
BusFault_Handler                                  src/ASF/sam/utils/cmsis/sam4s/source/templates/gcc/startup_sam4s.o
CRCCU_Handler                                     src/ASF/sam/utils/cmsis/sam4s/source/templates/gcc/startup_sam4s.o
DACC_Handler                                      src/ASF/sam/utils/cmsis/sam4s/source/templates/gcc/startup_sam4s.o
DebugMon_Handler                                  src/ASF/sam/utils/cmsis/sam4s/source/templates/gcc/startup_sam4s.o
Dummy_Handler                                     src/ASF/sam/utils/cmsis/sam4s/source/templates/gcc/startup_sam4s.o
EFC0_Handler                                      src/ASF/sam/utils/cmsis/sam4s/source/templates/gcc/startup_sam4s.o
EFC1_Handler                                      src/ASF/sam/utils/cmsis/sam4s/source/templates/gcc/startup_sam4s.o
HSMCI_Handler                                     src/ASF/sam/utils/cmsis/sam4s/source/templates/gcc/startup_sam4s.o
HardFault_Handler                                 src/ASF/sam/utils/cmsis/sam4s/source/templates/gcc/startup_sam4s.o
LED_Off                                           src/ASF/sam/boards/sam4s_ek2/led.o
LED_On                                            src/ASF/sam/boards/sam4s_ek2/led.o
MemManage_Handler                                 src/ASF/sam/utils/cmsis/sam4s/source/templates/gcc/startup_sam4s.o
NMI_Handler                                       src/ASF/sam/utils/cmsis/sam4s/source/templates/gcc/startup_sam4s.o
PIOA_Handler                                      src/ASF/sam/drivers/pio/pio_handler.o
PIOB_Handler                                      src/ASF/sam/drivers/pio/pio_handler.o
PIOC_Handler                                      src/ASF/sam/drivers/pio/pio_handler.o
PMC_Handler                                       src/ASF/sam/utils/cmsis/sam4s/source/templates/gcc/startup_sam4s.o
PWM_Handler                                       src/ASF/sam/utils/cmsis/sam4s/source/templates/gcc/startup_sam4s.o
PendSV_Handler                                    src/ASF/sam/utils/cmsis/sam4s/source/templates/gcc/startup_sam4s.o
RSTC_Handler                                      src/ASF/sam/utils/cmsis/sam4s/source/templates/gcc/startup_sam4s.o
RTC_Handler                                       src/ASF/sam/utils/cmsis/sam4s/source/templates/gcc/startup_sam4s.o
RTT_Handler                                       src/ASF/sam/utils/cmsis/sam4s/source/templates/gcc/startup_sam4s.o
Reset_Handler                                     src/ASF/sam/utils/cmsis/sam4s/source/templates/gcc/startup_sam4s.o
SPI_Handler                                       src/ASF/sam/utils/cmsis/sam4s/source/templates/gcc/startup_sam4s.o
SSC_Handler                                       src/ASF/sam/utils/cmsis/sam4s/source/templates/gcc/startup_sam4s.o
SUPC_Handler                                      src/ASF/sam/utils/cmsis/sam4s/source/templates/gcc/startup_sam4s.o
SVC_Handler                                       src/ASF/sam/utils/cmsis/sam4s/source/templates/gcc/startup_sam4s.o
SysTick_Handler                                   src/ASF/sam/utils/cmsis/sam4s/source/templates/gcc/startup_sam4s.o
SystemCoreClock                                   src/ASF/sam/utils/cmsis/sam4s/source/templates/system_sam4s.o
SystemCoreClockUpdate                             src/ASF/sam/utils/cmsis/sam4s/source/templates/system_sam4s.o
                                                  src/ASF/common/services/clock/sam4s/sysclk.o
SystemInit                                        src/ASF/sam/utils/cmsis/sam4s/source/templates/system_sam4s.o
TC0_Handler                                       src/main.o
                                                  src/ASF/sam/utils/cmsis/sam4s/source/templates/gcc/startup_sam4s.o
TC1_Handler                                       src/ASF/sam/utils/cmsis/sam4s/source/templates/gcc/startup_sam4s.o
TC2_Handler                                       src/ASF/sam/utils/cmsis/sam4s/source/templates/gcc/startup_sam4s.o
TC3_Handler                                       src/ASF/sam/utils/cmsis/sam4s/source/templates/gcc/startup_sam4s.o
TC4_Handler                                       src/ASF/sam/utils/cmsis/sam4s/source/templates/gcc/startup_sam4s.o
TC5_Handler                                       src/ASF/sam/utils/cmsis/sam4s/source/templates/gcc/startup_sam4s.o
TWI0_Handler                                      src/ASF/sam/utils/cmsis/sam4s/source/templates/gcc/startup_sam4s.o
TWI1_Handler                                      src/ASF/sam/utils/cmsis/sam4s/source/templates/gcc/startup_sam4s.o
UART0_Handler                                     src/ASF/sam/utils/cmsis/sam4s/source/templates/gcc/startup_sam4s.o
UART1_Handler                                     src/ASF/sam/utils/cmsis/sam4s/source/templates/gcc/startup_sam4s.o
UDP_Handler                                       src/ASF/sam/utils/cmsis/sam4s/source/templates/gcc/startup_sam4s.o
USART0_Handler                                    src/ASF/sam/utils/cmsis/sam4s/source/templates/gcc/startup_sam4s.o
USART1_Handler                                    src/ASF/sam/utils/cmsis/sam4s/source/templates/gcc/startup_sam4s.o
UsageFault_Handler                                src/ASF/sam/utils/cmsis/sam4s/source/templates/gcc/startup_sam4s.o
WDT_Handler                                       src/ASF/sam/utils/cmsis/sam4s/source/templates/gcc/startup_sam4s.o
_Balloc                                           c:/program files/atmel/studio/7.0/toolchain/arm/arm-gnu-toolchain/bin/../lib/gcc/arm-none-eabi/4.9.3/../../../../arm-none-eabi/lib/armv7e-m\libc.a(lib_a-mprec.o)
                                                  c:/program files/atmel/studio/7.0/toolchain/arm/arm-gnu-toolchain/bin/../lib/gcc/arm-none-eabi/4.9.3/../../../../arm-none-eabi/lib/armv7e-m\libc.a(lib_a-dtoa.o)
_Bfree                                            c:/program files/atmel/studio/7.0/toolchain/arm/arm-gnu-toolchain/bin/../lib/gcc/arm-none-eabi/4.9.3/../../../../arm-none-eabi/lib/armv7e-m\libc.a(lib_a-mprec.o)
                                                  c:/program files/atmel/studio/7.0/toolchain/arm/arm-gnu-toolchain/bin/../lib/gcc/arm-none-eabi/4.9.3/../../../../arm-none-eabi/lib/armv7e-m\libc.a(lib_a-dtoa.o)
_Jv_RegisterClasses                               c:/program files/atmel/studio/7.0/toolchain/arm/arm-gnu-toolchain/bin/../lib/gcc/arm-none-eabi/4.9.3/armv7e-m/crtbegin.o
_PathLocale                                       c:/program files/atmel/studio/7.0/toolchain/arm/arm-gnu-toolchain/bin/../lib/gcc/arm-none-eabi/4.9.3/../../../../arm-none-eabi/lib/armv7e-m\libc.a(lib_a-locale.o)
__adddf3                                          c:/program files/atmel/studio/7.0/toolchain/arm/arm-gnu-toolchain/bin/../lib/gcc/arm-none-eabi/4.9.3/armv7e-m\libgcc.a(_arm_addsubdf3.o)
__aeabi_cdcmpeq                                   c:/program files/atmel/studio/7.0/toolchain/arm/arm-gnu-toolchain/bin/../lib/gcc/arm-none-eabi/4.9.3/armv7e-m\libgcc.a(_arm_cmpdf2.o)
__aeabi_cdcmple                                   c:/program files/atmel/studio/7.0/toolchain/arm/arm-gnu-toolchain/bin/../lib/gcc/arm-none-eabi/4.9.3/armv7e-m\libgcc.a(_arm_cmpdf2.o)
__aeabi_cdrcmple                                  c:/program files/atmel/studio/7.0/toolchain/arm/arm-gnu-toolchain/bin/../lib/gcc/arm-none-eabi/4.9.3/armv7e-m\libgcc.a(_arm_cmpdf2.o)
__aeabi_d2iz                                      c:/program files/atmel/studio/7.0/toolchain/arm/arm-gnu-toolchain/bin/../lib/gcc/arm-none-eabi/4.9.3/armv7e-m\libgcc.a(_arm_fixdfsi.o)
                                                  c:/program files/atmel/studio/7.0/toolchain/arm/arm-gnu-toolchain/bin/../lib/gcc/arm-none-eabi/4.9.3/../../../../arm-none-eabi/lib/armv7e-m\libc.a(lib_a-dtoa.o)
__aeabi_dadd                                      c:/program files/atmel/studio/7.0/toolchain/arm/arm-gnu-toolchain/bin/../lib/gcc/arm-none-eabi/4.9.3/armv7e-m\libgcc.a(_arm_addsubdf3.o)
                                                  c:/program files/atmel/studio/7.0/toolchain/arm/arm-gnu-toolchain/bin/../lib/gcc/arm-none-eabi/4.9.3/../../../../arm-none-eabi/lib/armv7e-m\libc.a(lib_a-dtoa.o)
__aeabi_dcmpeq                                    c:/program files/atmel/studio/7.0/toolchain/arm/arm-gnu-toolchain/bin/../lib/gcc/arm-none-eabi/4.9.3/armv7e-m\libgcc.a(_arm_cmpdf2.o)
                                                  c:/program files/atmel/studio/7.0/toolchain/arm/arm-gnu-toolchain/bin/../lib/gcc/arm-none-eabi/4.9.3/../../../../arm-none-eabi/lib/armv7e-m\libc.a(lib_a-dtoa.o)
                                                  c:/program files/atmel/studio/7.0/toolchain/arm/arm-gnu-toolchain/bin/../lib/gcc/arm-none-eabi/4.9.3/../../../../arm-none-eabi/lib/armv7e-m\libc.a(lib_a-svfprintf.o)
__aeabi_dcmpge                                    c:/program files/atmel/studio/7.0/toolchain/arm/arm-gnu-toolchain/bin/../lib/gcc/arm-none-eabi/4.9.3/armv7e-m\libgcc.a(_arm_cmpdf2.o)
                                                  c:/program files/atmel/studio/7.0/toolchain/arm/arm-gnu-toolchain/bin/../lib/gcc/arm-none-eabi/4.9.3/../../../../arm-none-eabi/lib/armv7e-m\libc.a(lib_a-dtoa.o)
__aeabi_dcmpgt                                    c:/program files/atmel/studio/7.0/toolchain/arm/arm-gnu-toolchain/bin/../lib/gcc/arm-none-eabi/4.9.3/armv7e-m\libgcc.a(_arm_cmpdf2.o)
                                                  c:/program files/atmel/studio/7.0/toolchain/arm/arm-gnu-toolchain/bin/../lib/gcc/arm-none-eabi/4.9.3/../../../../arm-none-eabi/lib/armv7e-m\libc.a(lib_a-dtoa.o)
__aeabi_dcmple                                    c:/program files/atmel/studio/7.0/toolchain/arm/arm-gnu-toolchain/bin/../lib/gcc/arm-none-eabi/4.9.3/armv7e-m\libgcc.a(_arm_cmpdf2.o)
__aeabi_dcmplt                                    c:/program files/atmel/studio/7.0/toolchain/arm/arm-gnu-toolchain/bin/../lib/gcc/arm-none-eabi/4.9.3/armv7e-m\libgcc.a(_arm_cmpdf2.o)
                                                  c:/program files/atmel/studio/7.0/toolchain/arm/arm-gnu-toolchain/bin/../lib/gcc/arm-none-eabi/4.9.3/../../../../arm-none-eabi/lib/armv7e-m\libc.a(lib_a-dtoa.o)
                                                  c:/program files/atmel/studio/7.0/toolchain/arm/arm-gnu-toolchain/bin/../lib/gcc/arm-none-eabi/4.9.3/../../../../arm-none-eabi/lib/armv7e-m\libc.a(lib_a-svfprintf.o)
__aeabi_ddiv                                      c:/program files/atmel/studio/7.0/toolchain/arm/arm-gnu-toolchain/bin/../lib/gcc/arm-none-eabi/4.9.3/armv7e-m\libgcc.a(_arm_muldivdf3.o)
                                                  c:/program files/atmel/studio/7.0/toolchain/arm/arm-gnu-toolchain/bin/../lib/gcc/arm-none-eabi/4.9.3/../../../../arm-none-eabi/lib/armv7e-m\libc.a(lib_a-mprec.o)
                                                  c:/program files/atmel/studio/7.0/toolchain/arm/arm-gnu-toolchain/bin/../lib/gcc/arm-none-eabi/4.9.3/../../../../arm-none-eabi/lib/armv7e-m\libc.a(lib_a-dtoa.o)
__aeabi_dmul                                      c:/program files/atmel/studio/7.0/toolchain/arm/arm-gnu-toolchain/bin/../lib/gcc/arm-none-eabi/4.9.3/armv7e-m\libgcc.a(_arm_muldivdf3.o)
                                                  c:/program files/atmel/studio/7.0/toolchain/arm/arm-gnu-toolchain/bin/../lib/gcc/arm-none-eabi/4.9.3/../../../../arm-none-eabi/lib/armv7e-m\libc.a(lib_a-mprec.o)
                                                  c:/program files/atmel/studio/7.0/toolchain/arm/arm-gnu-toolchain/bin/../lib/gcc/arm-none-eabi/4.9.3/../../../../arm-none-eabi/lib/armv7e-m\libc.a(lib_a-dtoa.o)
__aeabi_drsub                                     c:/program files/atmel/studio/7.0/toolchain/arm/arm-gnu-toolchain/bin/../lib/gcc/arm-none-eabi/4.9.3/armv7e-m\libgcc.a(_arm_addsubdf3.o)
__aeabi_dsub                                      c:/program files/atmel/studio/7.0/toolchain/arm/arm-gnu-toolchain/bin/../lib/gcc/arm-none-eabi/4.9.3/armv7e-m\libgcc.a(_arm_addsubdf3.o)
                                                  c:/program files/atmel/studio/7.0/toolchain/arm/arm-gnu-toolchain/bin/../lib/gcc/arm-none-eabi/4.9.3/../../../../arm-none-eabi/lib/armv7e-m\libc.a(lib_a-dtoa.o)
__aeabi_f2d                                       c:/program files/atmel/studio/7.0/toolchain/arm/arm-gnu-toolchain/bin/../lib/gcc/arm-none-eabi/4.9.3/armv7e-m\libgcc.a(_arm_addsubdf3.o)
__aeabi_i2d                                       c:/program files/atmel/studio/7.0/toolchain/arm/arm-gnu-toolchain/bin/../lib/gcc/arm-none-eabi/4.9.3/armv7e-m\libgcc.a(_arm_addsubdf3.o)
                                                  c:/program files/atmel/studio/7.0/toolchain/arm/arm-gnu-toolchain/bin/../lib/gcc/arm-none-eabi/4.9.3/../../../../arm-none-eabi/lib/armv7e-m\libc.a(lib_a-dtoa.o)
__aeabi_idiv0                                     c:/program files/atmel/studio/7.0/toolchain/arm/arm-gnu-toolchain/bin/../lib/gcc/arm-none-eabi/4.9.3/armv7e-m\libgcc.a(_dvmd_tls.o)
__aeabi_l2d                                       c:/program files/atmel/studio/7.0/toolchain/arm/arm-gnu-toolchain/bin/../lib/gcc/arm-none-eabi/4.9.3/armv7e-m\libgcc.a(_arm_addsubdf3.o)
__aeabi_ldiv0                                     c:/program files/atmel/studio/7.0/toolchain/arm/arm-gnu-toolchain/bin/../lib/gcc/arm-none-eabi/4.9.3/armv7e-m\libgcc.a(_dvmd_tls.o)
                                                  c:/program files/atmel/studio/7.0/toolchain/arm/arm-gnu-toolchain/bin/../lib/gcc/arm-none-eabi/4.9.3/armv7e-m\libgcc.a(_aeabi_uldivmod.o)
__aeabi_ui2d                                      c:/program files/atmel/studio/7.0/toolchain/arm/arm-gnu-toolchain/bin/../lib/gcc/arm-none-eabi/4.9.3/armv7e-m\libgcc.a(_arm_addsubdf3.o)
                                                  c:/program files/atmel/studio/7.0/toolchain/arm/arm-gnu-toolchain/bin/../lib/gcc/arm-none-eabi/4.9.3/../../../../arm-none-eabi/lib/armv7e-m\libc.a(lib_a-dtoa.o)
__aeabi_ul2d                                      c:/program files/atmel/studio/7.0/toolchain/arm/arm-gnu-toolchain/bin/../lib/gcc/arm-none-eabi/4.9.3/armv7e-m\libgcc.a(_arm_addsubdf3.o)
__aeabi_uldivmod                                  c:/program files/atmel/studio/7.0/toolchain/arm/arm-gnu-toolchain/bin/../lib/gcc/arm-none-eabi/4.9.3/armv7e-m\libgcc.a(_aeabi_uldivmod.o)
                                                  c:/program files/atmel/studio/7.0/toolchain/arm/arm-gnu-toolchain/bin/../lib/gcc/arm-none-eabi/4.9.3/../../../../arm-none-eabi/lib/armv7e-m\libc.a(lib_a-svfiprintf.o)
                                                  c:/program files/atmel/studio/7.0/toolchain/arm/arm-gnu-toolchain/bin/../lib/gcc/arm-none-eabi/4.9.3/../../../../arm-none-eabi/lib/armv7e-m\libc.a(lib_a-vfiprintf.o)
                                                  c:/program files/atmel/studio/7.0/toolchain/arm/arm-gnu-toolchain/bin/../lib/gcc/arm-none-eabi/4.9.3/../../../../arm-none-eabi/lib/armv7e-m\libc.a(lib_a-svfprintf.o)
__any_on                                          c:/program files/atmel/studio/7.0/toolchain/arm/arm-gnu-toolchain/bin/../lib/gcc/arm-none-eabi/4.9.3/../../../../arm-none-eabi/lib/armv7e-m\libc.a(lib_a-mprec.o)
__ascii_wctomb                                    c:/program files/atmel/studio/7.0/toolchain/arm/arm-gnu-toolchain/bin/../lib/gcc/arm-none-eabi/4.9.3/../../../../arm-none-eabi/lib/armv7e-m\libc.a(lib_a-wctomb_r.o)
__b2d                                             c:/program files/atmel/studio/7.0/toolchain/arm/arm-gnu-toolchain/bin/../lib/gcc/arm-none-eabi/4.9.3/../../../../arm-none-eabi/lib/armv7e-m\libc.a(lib_a-mprec.o)
__bss_end__                                       c:/program files/atmel/studio/7.0/toolchain/arm/arm-gnu-toolchain/bin/../lib/gcc/arm-none-eabi/4.9.3/../../../../arm-none-eabi/lib/armv7e-m/crt0.o
__bss_start__                                     c:/program files/atmel/studio/7.0/toolchain/arm/arm-gnu-toolchain/bin/../lib/gcc/arm-none-eabi/4.9.3/../../../../arm-none-eabi/lib/armv7e-m/crt0.o
__call_exitprocs                                  c:/program files/atmel/studio/7.0/toolchain/arm/arm-gnu-toolchain/bin/../lib/gcc/arm-none-eabi/4.9.3/../../../../arm-none-eabi/lib/armv7e-m\libc.a(lib_a-__call_atexit.o)
                                                  c:/program files/atmel/studio/7.0/toolchain/arm/arm-gnu-toolchain/bin/../lib/gcc/arm-none-eabi/4.9.3/../../../../arm-none-eabi/lib/armv7e-m\libc.a(lib_a-exit.o)
__cmpdf2                                          c:/program files/atmel/studio/7.0/toolchain/arm/arm-gnu-toolchain/bin/../lib/gcc/arm-none-eabi/4.9.3/armv7e-m\libgcc.a(_arm_cmpdf2.o)
__copybits                                        c:/program files/atmel/studio/7.0/toolchain/arm/arm-gnu-toolchain/bin/../lib/gcc/arm-none-eabi/4.9.3/../../../../arm-none-eabi/lib/armv7e-m\libc.a(lib_a-mprec.o)
__d2b                                             c:/program files/atmel/studio/7.0/toolchain/arm/arm-gnu-toolchain/bin/../lib/gcc/arm-none-eabi/4.9.3/../../../../arm-none-eabi/lib/armv7e-m\libc.a(lib_a-mprec.o)
                                                  c:/program files/atmel/studio/7.0/toolchain/arm/arm-gnu-toolchain/bin/../lib/gcc/arm-none-eabi/4.9.3/../../../../arm-none-eabi/lib/armv7e-m\libc.a(lib_a-dtoa.o)
__deregister_frame_info                           c:/program files/atmel/studio/7.0/toolchain/arm/arm-gnu-toolchain/bin/../lib/gcc/arm-none-eabi/4.9.3/armv7e-m/crtbegin.o
__divdf3                                          c:/program files/atmel/studio/7.0/toolchain/arm/arm-gnu-toolchain/bin/../lib/gcc/arm-none-eabi/4.9.3/armv7e-m\libgcc.a(_arm_muldivdf3.o)
__divdi3                                          c:/program files/atmel/studio/7.0/toolchain/arm/arm-gnu-toolchain/bin/../lib/gcc/arm-none-eabi/4.9.3/armv7e-m\libgcc.a(_divdi3.o)
                                                  c:/program files/atmel/studio/7.0/toolchain/arm/arm-gnu-toolchain/bin/../lib/gcc/arm-none-eabi/4.9.3/armv7e-m\libgcc.a(bpabi.o)
__dso_handle                                      c:/program files/atmel/studio/7.0/toolchain/arm/arm-gnu-toolchain/bin/../lib/gcc/arm-none-eabi/4.9.3/armv7e-m/crtbegin.o
__eqdf2                                           c:/program files/atmel/studio/7.0/toolchain/arm/arm-gnu-toolchain/bin/../lib/gcc/arm-none-eabi/4.9.3/armv7e-m\libgcc.a(_arm_cmpdf2.o)
__extendsfdf2                                     c:/program files/atmel/studio/7.0/toolchain/arm/arm-gnu-toolchain/bin/../lib/gcc/arm-none-eabi/4.9.3/armv7e-m\libgcc.a(_arm_addsubdf3.o)
__fini_array_end                                  c:/program files/atmel/studio/7.0/toolchain/arm/arm-gnu-toolchain/bin/../lib/gcc/arm-none-eabi/4.9.3/../../../../arm-none-eabi/lib/armv7e-m\libc.a(lib_a-fini.o)
__fini_array_start                                c:/program files/atmel/studio/7.0/toolchain/arm/arm-gnu-toolchain/bin/../lib/gcc/arm-none-eabi/4.9.3/../../../../arm-none-eabi/lib/armv7e-m\libc.a(lib_a-fini.o)
__fixdfsi                                         c:/program files/atmel/studio/7.0/toolchain/arm/arm-gnu-toolchain/bin/../lib/gcc/arm-none-eabi/4.9.3/armv7e-m\libgcc.a(_arm_fixdfsi.o)
__floatdidf                                       c:/program files/atmel/studio/7.0/toolchain/arm/arm-gnu-toolchain/bin/../lib/gcc/arm-none-eabi/4.9.3/armv7e-m\libgcc.a(_arm_addsubdf3.o)
__floatsidf                                       c:/program files/atmel/studio/7.0/toolchain/arm/arm-gnu-toolchain/bin/../lib/gcc/arm-none-eabi/4.9.3/armv7e-m\libgcc.a(_arm_addsubdf3.o)
__floatundidf                                     c:/program files/atmel/studio/7.0/toolchain/arm/arm-gnu-toolchain/bin/../lib/gcc/arm-none-eabi/4.9.3/armv7e-m\libgcc.a(_arm_addsubdf3.o)
__floatunsidf                                     c:/program files/atmel/studio/7.0/toolchain/arm/arm-gnu-toolchain/bin/../lib/gcc/arm-none-eabi/4.9.3/armv7e-m\libgcc.a(_arm_addsubdf3.o)
__fp_lock_all                                     c:/program files/atmel/studio/7.0/toolchain/arm/arm-gnu-toolchain/bin/../lib/gcc/arm-none-eabi/4.9.3/../../../../arm-none-eabi/lib/armv7e-m\libc.a(lib_a-findfp.o)
__fp_unlock_all                                   c:/program files/atmel/studio/7.0/toolchain/arm/arm-gnu-toolchain/bin/../lib/gcc/arm-none-eabi/4.9.3/../../../../arm-none-eabi/lib/armv7e-m\libc.a(lib_a-findfp.o)
__fpclassifyd                                     c:/program files/atmel/studio/7.0/toolchain/arm/arm-gnu-toolchain/bin/../lib/gcc/arm-none-eabi/4.9.3/../../../../arm-none-eabi/lib/armv7e-m\libc.a(lib_a-s_fpclassify.o)
                                                  c:/program files/atmel/studio/7.0/toolchain/arm/arm-gnu-toolchain/bin/../lib/gcc/arm-none-eabi/4.9.3/../../../../arm-none-eabi/lib/armv7e-m\libc.a(lib_a-svfprintf.o)
__fputwc                                          c:/program files/atmel/studio/7.0/toolchain/arm/arm-gnu-toolchain/bin/../lib/gcc/arm-none-eabi/4.9.3/../../../../arm-none-eabi/lib/armv7e-m\libc.a(lib_a-fputwc.o)
__gedf2                                           c:/program files/atmel/studio/7.0/toolchain/arm/arm-gnu-toolchain/bin/../lib/gcc/arm-none-eabi/4.9.3/armv7e-m\libgcc.a(_arm_cmpdf2.o)
__gnu_ldivmod_helper                              c:/program files/atmel/studio/7.0/toolchain/arm/arm-gnu-toolchain/bin/../lib/gcc/arm-none-eabi/4.9.3/armv7e-m\libgcc.a(bpabi.o)
__gnu_uldivmod_helper                             c:/program files/atmel/studio/7.0/toolchain/arm/arm-gnu-toolchain/bin/../lib/gcc/arm-none-eabi/4.9.3/armv7e-m\libgcc.a(bpabi.o)
                                                  c:/program files/atmel/studio/7.0/toolchain/arm/arm-gnu-toolchain/bin/../lib/gcc/arm-none-eabi/4.9.3/armv7e-m\libgcc.a(_aeabi_uldivmod.o)
__gtdf2                                           c:/program files/atmel/studio/7.0/toolchain/arm/arm-gnu-toolchain/bin/../lib/gcc/arm-none-eabi/4.9.3/armv7e-m\libgcc.a(_arm_cmpdf2.o)
__hi0bits                                         c:/program files/atmel/studio/7.0/toolchain/arm/arm-gnu-toolchain/bin/../lib/gcc/arm-none-eabi/4.9.3/../../../../arm-none-eabi/lib/armv7e-m\libc.a(lib_a-mprec.o)
                                                  c:/program files/atmel/studio/7.0/toolchain/arm/arm-gnu-toolchain/bin/../lib/gcc/arm-none-eabi/4.9.3/../../../../arm-none-eabi/lib/armv7e-m\libc.a(lib_a-dtoa.o)
__i2b                                             c:/program files/atmel/studio/7.0/toolchain/arm/arm-gnu-toolchain/bin/../lib/gcc/arm-none-eabi/4.9.3/../../../../arm-none-eabi/lib/armv7e-m\libc.a(lib_a-mprec.o)
                                                  c:/program files/atmel/studio/7.0/toolchain/arm/arm-gnu-toolchain/bin/../lib/gcc/arm-none-eabi/4.9.3/../../../../arm-none-eabi/lib/armv7e-m\libc.a(lib_a-dtoa.o)
__init_array_end                                  c:/program files/atmel/studio/7.0/toolchain/arm/arm-gnu-toolchain/bin/../lib/gcc/arm-none-eabi/4.9.3/../../../../arm-none-eabi/lib/armv7e-m\libc.a(lib_a-init.o)
__init_array_start                                c:/program files/atmel/studio/7.0/toolchain/arm/arm-gnu-toolchain/bin/../lib/gcc/arm-none-eabi/4.9.3/../../../../arm-none-eabi/lib/armv7e-m\libc.a(lib_a-init.o)
__ledf2                                           c:/program files/atmel/studio/7.0/toolchain/arm/arm-gnu-toolchain/bin/../lib/gcc/arm-none-eabi/4.9.3/armv7e-m\libgcc.a(_arm_cmpdf2.o)